Archive member included to satisfy reference by file (symbol)

/home/tarak/Documents/MCUXpresso_10.2.0_759/workspace/lpc_board_nxp_lpcxpresso_1769/Debug/liblpc_board_nxp_lpcxpresso_1769.a(board.o)
                              ./freeRTOS/src/FreeRTOSCommonHooks.o (Board_UARTPutSTR)
/home/tarak/Documents/MCUXpresso_10.2.0_759/workspace/lpc_board_nxp_lpcxpresso_1769/Debug/liblpc_board_nxp_lpcxpresso_1769.a(board_sysinit.o)
                              ./src/sysinit.o (Board_SystemInit)
/home/tarak/Documents/MCUXpresso_10.2.0_759/workspace/lpc_chip_175x_6x/Debug/liblpc_chip_175x_6x.a(chip_17xx_40xx.o)
                              ./freeRTOS/src/port.o (SystemCoreClock)
/home/tarak/Documents/MCUXpresso_10.2.0_759/workspace/lpc_chip_175x_6x/Debug/liblpc_chip_175x_6x.a(clock_17xx_40xx.o)
                              /home/tarak/Documents/MCUXpresso_10.2.0_759/workspace/lpc_chip_175x_6x/Debug/liblpc_chip_175x_6x.a(chip_17xx_40xx.o) (Chip_Clock_EnablePLL)
/home/tarak/Documents/MCUXpresso_10.2.0_759/workspace/lpc_chip_175x_6x/Debug/liblpc_chip_175x_6x.a(i2s_17xx_40xx.o)
                              /home/tarak/Documents/MCUXpresso_10.2.0_759/workspace/lpc_board_nxp_lpcxpresso_1769/Debug/liblpc_board_nxp_lpcxpresso_1769.a(board.o) (Chip_I2S_Init)
/home/tarak/Documents/MCUXpresso_10.2.0_759/workspace/lpc_chip_175x_6x/Debug/liblpc_chip_175x_6x.a(iocon_17xx_40xx.o)
                              /home/tarak/Documents/MCUXpresso_10.2.0_759/workspace/lpc_board_nxp_lpcxpresso_1769/Debug/liblpc_board_nxp_lpcxpresso_1769.a(board.o) (Chip_IOCON_PinMux)
/home/tarak/Documents/MCUXpresso_10.2.0_759/workspace/lpc_chip_175x_6x/Debug/liblpc_chip_175x_6x.a(spi_17xx_40xx.o)
                              ./src/Tarak0.o (Chip_SPI_Int_FlushData)
/home/tarak/Documents/MCUXpresso_10.2.0_759/workspace/lpc_chip_175x_6x/Debug/liblpc_chip_175x_6x.a(sysinit_17xx_40xx.o)
                              /home/tarak/Documents/MCUXpresso_10.2.0_759/workspace/lpc_board_nxp_lpcxpresso_1769/Debug/liblpc_board_nxp_lpcxpresso_1769.a(board_sysinit.o) (Chip_SetupXtalClocking)
/home/tarak/Documents/MCUXpresso_10.2.0_759/workspace/lpc_chip_175x_6x/Debug/liblpc_chip_175x_6x.a(uart_17xx_40xx.o)
                              /home/tarak/Documents/MCUXpresso_10.2.0_759/workspace/lpc_board_nxp_lpcxpresso_1769/Debug/liblpc_board_nxp_lpcxpresso_1769.a(board.o) (Chip_UART_Init)
/home/tarak/Documents/MCUXpresso_10.2.0_759/workspace/lpc_chip_175x_6x/Debug/liblpc_chip_175x_6x.a(ring_buffer.o)
                              /home/tarak/Documents/MCUXpresso_10.2.0_759/workspace/lpc_chip_175x_6x/Debug/liblpc_chip_175x_6x.a(uart_17xx_40xx.o) (RingBuffer_Insert)
/usr/local/mcuxpressoide-10.2.0_759/ide/tools/bin/../lib/gcc/arm-none-eabi/7.2.1/thumb/v7-m/libgcc.a(_aeabi_uldivmod.o)
                              /home/tarak/Documents/MCUXpresso_10.2.0_759/workspace/lpc_chip_175x_6x/Debug/liblpc_chip_175x_6x.a(i2s_17xx_40xx.o) (__aeabi_uldivmod)
/usr/local/mcuxpressoide-10.2.0_759/ide/tools/bin/../lib/gcc/arm-none-eabi/7.2.1/thumb/v7-m/libgcc.a(_udivmoddi4.o)
                              /usr/local/mcuxpressoide-10.2.0_759/ide/tools/bin/../lib/gcc/arm-none-eabi/7.2.1/thumb/v7-m/libgcc.a(_aeabi_uldivmod.o) (__udivmoddi4)
/usr/local/mcuxpressoide-10.2.0_759/ide/tools/bin/../lib/gcc/arm-none-eabi/7.2.1/thumb/v7-m/libgcc.a(_dvmd_tls.o)
                              /usr/local/mcuxpressoide-10.2.0_759/ide/tools/bin/../lib/gcc/arm-none-eabi/7.2.1/thumb/v7-m/libgcc.a(_aeabi_uldivmod.o) (__aeabi_ldiv0)
/usr/local/mcuxpressoide-10.2.0_759/ide/tools/bin/../lib/gcc/arm-none-eabi/7.2.1/../../../../arm-none-eabi/lib/thumb/v7-m/libc.a(lib_a-init.o)
                              ./src/cr_startup_lpc175x_6x.o (__libc_init_array)
/usr/local/mcuxpressoide-10.2.0_759/ide/tools/bin/../lib/gcc/arm-none-eabi/7.2.1/../../../../arm-none-eabi/lib/thumb/v7-m/libc.a(lib_a-malloc.o)
                              ./src/cr_cpp_config.o (malloc)
/usr/local/mcuxpressoide-10.2.0_759/ide/tools/bin/../lib/gcc/arm-none-eabi/7.2.1/../../../../arm-none-eabi/lib/thumb/v7-m/libc.a(lib_a-mallocr.o)
                              /usr/local/mcuxpressoide-10.2.0_759/ide/tools/bin/../lib/gcc/arm-none-eabi/7.2.1/../../../../arm-none-eabi/lib/thumb/v7-m/libc.a(lib_a-malloc.o) (_malloc_r)
/usr/local/mcuxpressoide-10.2.0_759/ide/tools/bin/../lib/gcc/arm-none-eabi/7.2.1/../../../../arm-none-eabi/lib/thumb/v7-m/libc.a(lib_a-memcpy.o)
                              ./freeRTOS/src/queue.o (memcpy)
/usr/local/mcuxpressoide-10.2.0_759/ide/tools/bin/../lib/gcc/arm-none-eabi/7.2.1/../../../../arm-none-eabi/lib/thumb/v7-m/libc.a(lib_a-memset.o)
                              ./freeRTOS/src/tasks.o (memset)
/usr/local/mcuxpressoide-10.2.0_759/ide/tools/bin/../lib/gcc/arm-none-eabi/7.2.1/../../../../arm-none-eabi/lib/thumb/v7-m/libc.a(lib_a-mlock.o)
[...]
Memory Configuration

Name             Origin             Length             Attributes
MFlash512        0x0000000000000000 0x0000000000080000 xr
RamLoc32         0x0000000010000000 0x0000000000008000 xrw
RamAHB32         0x000000002007c000 0x0000000000008000 xrw
*default*        0x0000000000000000 0xffffffffffffffff

Linker script and memory map

LOAD ./src/Tarak0.o
LOAD ./src/cr_cpp_config.o
LOAD ./src/cr_startup_lpc175x_6x.o
LOAD ./src/crp.o
LOAD ./src/gpiopin.o
LOAD ./src/spi.o
LOAD ./src/spiclass.o
LOAD ./src/sysinit.o
LOAD ./freeRTOS/src/FreeRTOSCommonHooks.o
LOAD ./freeRTOS/src/heap_3.o
LOAD ./freeRTOS/src/list.o
LOAD ./freeRTOS/src/port.o
LOAD ./freeRTOS/src/queue.o
LOAD ./freeRTOS/src/tasks.o
LOAD /home/tarak/Documents/MCUXpresso_10.2.0_759/workspace/lpc_board_nxp_lpcxpresso_1769/Debug/liblpc_board_nxp_lpcxpresso_1769.a
LOAD /home/tarak/Documents/MCUXpresso_10.2.0_759/workspace/lpc_chip_175x_6x/Debug/liblpc_chip_175x_6x.a
LOAD /home/tarak/Documents/MCUXpresso_10.2.0_759/workspace/CMSIS_DSPLIB_CM3/lib/libCMSIS_DSPLIB_CM3.a
START GROUP
LOAD /usr/local/mcuxpressoide-10.2.0_759/ide/tools/bin/../lib/gcc/arm-none-eabi/7.2.1/thumb/v7-m/libgcc.a
LOAD /usr/local/mcuxpressoide-10.2.0_759/ide/tools/bin/../lib/gcc/arm-none-eabi/7.2.1/../../../../arm-none-eabi/lib/thumb/v7-m/libc.a
LOAD /usr/local/mcuxpressoide-10.2.0_759/ide/tools/bin/../lib/gcc/arm-none-eabi/7.2.1/../../../../arm-none-eabi/lib/thumb/v7-m/libstdc++.a
LOAD /usr/local/mcuxpressoide-10.2.0_759/ide/tools/bin/../lib/gcc/arm-none-eabi/7.2.1/../../../../arm-none-eabi/lib/thumb/v7-m/libm.a
LOAD /usr/local/mcuxpressoide-10.2.0_759/ide/tools/bin/../lib/gcc/arm-none-eabi/7.2.1/../../../../arm-none-eabi/lib/thumb/v7-m/libcr_newlib_nohost.a
LOAD /usr/local/mcuxpressoide-10.2.0_759/ide/tools/bin/../lib/gcc/arm-none-eabi/7.2.1/thumb/v7-m/crti.o
LOAD /usr/local/mcuxpressoide-10.2.0_759/ide/tools/bin/../lib/gcc/arm-none-eabi/7.2.1/thumb/v7-m/crtn.o
LOAD /usr/local/mcuxpressoide-10.2.0_759/ide/tools/bin/../lib/gcc/arm-none-eabi/7.2.1/thumb/v7-m/crtbegin.o
LOAD /usr/local/mcuxpressoide-10.2.0_759/ide/tools/bin/../lib/gcc/arm-none-eabi/7.2.1/thumb/v7-m/crtend.o
END GROUP
                0x0000000000000000                __base_MFlash512 = 0x0
                0x0000000000000000                __base_Flash = 0x0
                0x0000000000080000                __top_MFlash512 = 0x80000
                0x0000000000080000                __top_Flash = 0x80000
                0x0000000010000000                __base_RamLoc32 = 0x10000000
                0x0000000010000000                __base_RAM = 0x10000000
                0x0000000010008000                __top_RamLoc32 = 0x10008000
                0x0000000010008000                __top_RAM = 0x10008000
                0x000000002007c000                __base_RamAHB32 = 0x2007c000
                0x000000002007c000                __base_RAM2 = 0x2007c000
                0x0000000020084000                __top_RamAHB32 = 0x20084000
                0x0000000020084000                __top_RAM2 = 0x20084000

.text           0x0000000000000000     0x8ddc
 FILL mask 0xff
                0x0000000000000000                __vectors_start__ = ABSOLUTE (.)
 *(.isr_vector)
 .isr_vector    0x0000000000000000       0xcc ./src/cr_startup_lpc175x_6x.o
                0x0000000000000000                g_pfnVectors
                0x00000000000000cc                . = ALIGN (0x4)
                0x00000000000000cc                __section_table_start = .
                0x00000000000000cc                __data_section_table = .
                0x00000000000000cc        0x4 LONG 0x8de4 LOADADDR (.data)
                0x00000000000000d0        0x4 LONG 0x10000000 ADDR (.data)
                0x00000000000000d4        0x4 LONG 0x9b4 SIZEOF (.data)
                0x00000000000000d8        0x4 LONG 0x8de4 LOADADDR (.data_RAM2)
                0x00000000000000dc        0x4 LONG 0x2007c000 ADDR (.data_RAM2)
                0x00000000000000e0        0x4 LONG 0x0 SIZEOF (.data_RAM2)
                0x00000000000000e4                __data_section_table_end = .
                0x00000000000000e4                __bss_section_table = .
                0x00000000000000e4        0x4 LONG 0x100009b4 ADDR (.bss)
                0x00000000000000e8        0x4 LONG 0x2dc SIZEOF (.bss)
                0x00000000000000ec        0x4 LONG 0x2007c000 ADDR (.bss_RAM2)
                0x00000000000000f0        0x4 LONG 0x0 SIZEOF (.bss_RAM2)
                0x00000000000000f4                __bss_section_table_end = .
                0x00000000000000f4                __section_table_end = .
 *(.after_vectors*)
 .after_vectors
                0x00000000000000f4      0x130 ./src/cr_startup_lpc175x_6x.o
                0x00000000000000f4                data_init(unsigned int, unsigned int, unsigned int)
                0x0000000000000136                bss_init(unsigned int, unsigned int)
                0x000000000000016c                ResetISR
                0x00000000000001e8                NMI_Handler
                0x00000000000001ee                HardFault_Handler
                0x00000000000001f4                MemManage_Handler
                0x00000000000001fa                BusFault_Handler
                0x0000000000000200                UsageFault_Handler
                0x000000000000020c                DebugMon_Handler
                0x000000000000021e                TIMER2_IRQHandler
                0x000000000000021e                RIT_IRQHandler
                0x000000000000021e                I2C0_IRQHandler
                0x000000000000021e                USBActivity_IRQHandler
                0x000000000000021e                PWM1_IRQHandler
                0x000000000000021e                I2C1_IRQHandler
                0x000000000000021e                EINT2_IRQHandler
                0x000000000000021e                UART1_IRQHandler
                0x000000000000021e                EINT3_IRQHandler
                0x000000000000021e                CANActivity_IRQHandler
                0x000000000000021e                TIMER3_IRQHandler
                0x000000000000021e                UART0_IRQHandler
                0x000000000000021e                IntDefaultHandler
                0x000000000000021e                PLL0_IRQHandler
                0x000000000000021e                CAN_IRQHandler
                0x000000000000021e                PLL1_IRQHandler
                0x000000000000021e                SSP0_IRQHandler
                0x000000000000021e                I2S_IRQHandler
                0x000000000000021e                I2C2_IRQHandler
                0x000000000000021e                RTC_IRQHandler
                0x000000000000021e                TIMER0_IRQHandler
                0x000000000000021e                SPI_IRQHandler
                0x000000000000021e                EINT1_IRQHandler
                0x000000000000021e                TIMER1_IRQHandler
                0x000000000000021e                UART2_IRQHandler
                0x000000000000021e                ADC_IRQHandler
                0x000000000000021e                SSP1_IRQHandler
                0x000000000000021e                USB_IRQHandler
                0x000000000000021e                BOD_IRQHandler
                0x000000000000021e                WDT_IRQHandler
                0x000000000000021e                QEI_IRQHandler
                0x000000000000021e                EINT0_IRQHandler
                0x000000000000021e                ETH_IRQHandler
                0x000000000000021e                DMA_IRQHandler
                0x000000000000021e                UART3_IRQHandler
                0x000000000000021e                MCPWM_IRQHandler
                0x00000000000002fc                . = 0x2fc
 *fill*         0x0000000000000224       0xd8 ff
                0x00000000000002fc                PROVIDE (__CRP_WORD_START__, .)
 *(.crp)
 .crp           0x00000000000002fc        0x4 ./src/crp.o
                0x00000000000002fc                CRP_WORD
                0x0000000000000300                PROVIDE (__CRP_WORD_END__, .)
                0x0000000000000001                ASSERT (! ((__CRP_WORD_START__ == __CRP_WORD_END__)), Linker CRP Enabled, but no CRP_WORD provided within application)
 *(.text*)
 .text.NVIC_EnableIRQ
                0x0000000000000300       0x34 ./src/Tarak0.o
 .text.Chip_GPIO_SetPinDIROutput
                0x0000000000000334       0x36 ./src/Tarak0.o
 .text.Chip_GPIO_SetPinDIRInput
                0x000000000000036a       0x3a ./src/Tarak0.o
 .text.Chip_GPIO_SetPinDIR
                0x00000000000003a4       0x42 ./src/Tarak0.o
 .text.Chip_GPIO_WriteDirBit
                0x00000000000003e6       0x2e ./src/Tarak0.o
 .text.Chip_SPI_SetFormat
                0x0000000000000414       0x3a ./src/Tarak0.o
 .text.Chip_SPI_Int_Enable
                0x000000000000044e       0x1e ./src/Tarak0.o
 .text._ZN13gpio_pin_portaSERKb
                0x000000000000046c       0x2e ./src/Tarak0.o
                0x000000000000046c                gpio_pin_port::operator=(bool const&)
 .text._ZN13gpio_pin_portcvbEv
                0x000000000000049a       0x1a ./src/Tarak0.o
                0x000000000000049a                gpio_pin_port::operator bool()
 .text._ZL16prvSetupHardwarev
                0x00000000000004b4       0x30 ./src/Tarak0.o
 .text._ZL5blinkPv
                0x00000000000004e4       0xe0 ./src/Tarak0.o
 .text._ZL6blink2Pv
                0x00000000000005c4      0x1b8 ./src/Tarak0.o
 .text._ZL18bottonreadandrelayPv
                0x000000000000077c       0xb8 ./src/Tarak0.o
 .text._ZL9vUARTTaskPv
                0x0000000000000834       0x28 ./src/Tarak0.o
 .text._Z5setupv
                0x000000000000085c       0xac ./src/Tarak0.o
                0x000000000000085c                setup()
 .text._Z9spi_setupv
                0x0000000000000908       0x70 ./src/Tarak0.o
                0x0000000000000908                spi_setup()
 .text.main     0x0000000000000978       0xd0 ./src/Tarak0.o
                0x0000000000000978                main
 .text._ZdlPv   0x0000000000000a48       0x16 ./src/cr_cpp_config.o
                0x0000000000000a48                operator delete(void*)
 .text.Chip_GPIO_SetPinState
                0x0000000000000a5e       0x64 ./src/gpiopin.o
 .text.Chip_GPIO_WritePortBit
                0x0000000000000ac2       0x2c ./src/gpiopin.o
 .text.Chip_GPIO_GetPinState
                0x0000000000000aee       0x38 ./src/gpiopin.o
 .text.Chip_GPIO_ReadPortBit
                0x0000000000000b26       0x26 ./src/gpiopin.o
 .text.Chip_GPIO_SetPinDIROutput
                0x0000000000000b4c       0x36 ./src/gpiopin.o
 .text.Chip_GPIO_SetPinDIRInput
                0x0000000000000b82       0x3a ./src/gpiopin.o
 .text.Chip_GPIO_SetPinDIR
                0x0000000000000bbc       0x42 ./src/gpiopin.o
 .text.Chip_GPIO_WriteDirBit
                0x0000000000000bfe       0x2e ./src/gpiopin.o
 .text._ZN13gpio_pin_portC2EP10LPC_GPIO_TiibPPv
                0x0000000000000c2c       0x58 ./src/gpiopin.o
                0x0000000000000c2c                gpio_pin_port::gpio_pin_port(LPC_GPIO_T*, int, int, bool, void**)
                0x0000000000000c2c                gpio_pin_port::gpio_pin_port(LPC_GPIO_T*, int, int, bool, void**)
 .text._ZN13gpio_pin_port12gpio_pin_setEPS_
                0x0000000000000c84       0x2c ./src/gpiopin.o
                0x0000000000000c84                gpio_pin_port::gpio_pin_set(gpio_pin_port*)
 .text._ZN13gpio_pin_port14gpio_pin_resetEPS_
                0x0000000000000cb0       0x2c ./src/gpiopin.o
                0x0000000000000cb0                gpio_pin_port::gpio_pin_reset(gpio_pin_port*)
 .text._ZN13gpio_pin_port13gpio_pin_readEPS_
                0x0000000000000cdc       0x26 ./src/gpiopin.o
                0x0000000000000cdc                gpio_pin_port::gpio_pin_read(gpio_pin_port*)
 .text._Z10bufferInitPhS_
                0x0000000000000d02       0x3c ./src/spi.o
                0x0000000000000d02                bufferInit(unsigned char*, unsigned char*)
 *fill*         0x0000000000000d3e        0x2 ff
 .text._Z22assign_value_list_itemP10xLIST_ITEM
                0x0000000000000d40       0x24 ./src/spi.o
                0x0000000000000d40                assign_value_list_item(xLIST_ITEM*)
 .text.Chip_SPI_SetFormat
                0x0000000000000d64       0x3a ./src/spiclass.o
 .text.Chip_SPI_SetMode
                0x0000000000000d9e       0x26 ./src/spiclass.o
 .text._ZN9spi_classC2ER5xLISTPiP9LPC_SPI_T10SPI_BITS_T16SPI_CLOCK_MODE_T16SPI_DATA_ORDER_T
                0x0000000000000dc4       0x88 ./src/spiclass.o
                0x0000000000000dc4                spi_class::spi_class(xLIST&, int*, LPC_SPI_T*, SPI_BITS_T, SPI_CLOCK_MODE_T, SPI_DATA_ORDER_T)
                0x0000000000000dc4                spi_class::spi_class(xLIST&, int*, LPC_SPI_T*, SPI_BITS_T, SPI_CLOCK_MODE_T, SPI_DATA_ORDER_T)
 .text._ZN9spi_classD2Ev
                0x0000000000000e4c       0x20 ./src/spiclass.o
                0x0000000000000e4c                spi_class::~spi_class()
                0x0000000000000e4c                spi_class::~spi_class()
 .text._ZN9spi_classD0Ev
                0x0000000000000e6c       0x22 ./src/spiclass.o
                0x0000000000000e6c                spi_class::~spi_class()
 .text._ZN9spi_class5spiRWEv
                0x0000000000000e8e       0x76 ./src/spiclass.o
                0x0000000000000e8e                spi_class::spiRW()
 .text.SystemInit
                0x0000000000000f04       0x24 ./src/sysinit.o
                0x0000000000000f04                SystemInit
 .text.vApplicationIdleHook
                0x0000000000000f28        0xe ./freeRTOS/src/FreeRTOSCommonHooks.o
                0x0000000000000f28                vApplicationIdleHook
 .text.pvPortMalloc
                0x0000000000000f36       0x22 ./freeRTOS/src/heap_3.o
                0x0000000000000f36                pvPortMalloc
 .text.vPortFree
                0x0000000000000f58       0x24 ./freeRTOS/src/heap_3.o
                0x0000000000000f58                vPortFree
 .text.vListInitialise
                0x0000000000000f7c       0x3e ./freeRTOS/src/list.o
                0x0000000000000f7c                vListInitialise
 .text.vListInitialiseItem
                0x0000000000000fba       0x18 ./freeRTOS/src/list.o
                0x0000000000000fba                vListInitialiseItem
 .text.vListInsertEnd
                0x0000000000000fd2       0x46 ./freeRTOS/src/list.o
                0x0000000000000fd2                vListInsertEnd
 .text.vListInsert
                0x0000000000001018       0x70 ./freeRTOS/src/list.o
                0x0000000000001018                vListInsert
 .text.uxListRemove
                0x0000000000001088       0x52 ./freeRTOS/src/list.o
                0x0000000000001088                uxListRemove
 *fill*         0x00000000000010da        0x2 ff
 .text.pxPortInitialiseStack
                0x00000000000010dc       0x54 ./freeRTOS/src/port.o
                0x00000000000010dc                pxPortInitialiseStack
 .text.prvTaskExitError
                0x0000000000001130        0xa ./freeRTOS/src/port.o
 *fill*         0x000000000000113a        0x2 ff
 .text.SVC_Handler
                0x000000000000113c       0x24 ./freeRTOS/src/port.o
                0x000000000000113c                SVC_Handler
 .text.prvPortStartFirstTask
                0x0000000000001160       0x18 ./freeRTOS/src/port.o
 .text.xPortStartScheduler
                0x0000000000001178       0x38 ./freeRTOS/src/port.o
                0x0000000000001178                xPortStartScheduler
 .text.vPortYield
                0x00000000000011b0       0x20 ./freeRTOS/src/port.o
                0x00000000000011b0                vPortYield
 .text.vPortEnterCritical
                0x00000000000011d0       0x24 ./freeRTOS/src/port.o
                0x00000000000011d0                vPortEnterCritical
 .text.vPortExitCritical
                0x00000000000011f4       0x24 ./freeRTOS/src/port.o
                0x00000000000011f4                vPortExitCritical
 .text.ulPortSetInterruptMask
                0x0000000000001218       0x12 ./freeRTOS/src/port.o
                0x0000000000001218                ulPortSetInterruptMask
 .text.vPortClearInterruptMask
                0x000000000000122a        0x8 ./freeRTOS/src/port.o
                0x000000000000122a                vPortClearInterruptMask
 *fill*         0x0000000000001232        0x2 ff
 .text.PendSV_Handler
                0x0000000000001234       0x40 ./freeRTOS/src/port.o
                0x0000000000001234                PendSV_Handler
 .text.SysTick_Handler
                0x0000000000001274       0x28 ./freeRTOS/src/port.o
                0x0000000000001274                SysTick_Handler
 .text.vPortSuppressTicksAndSleep
                0x000000000000129c      0x15c ./freeRTOS/src/port.o
                0x000000000000129c                vPortSuppressTicksAndSleep
 .text.vPortSetupTimerInterrupt
                0x00000000000013f8       0x68 ./freeRTOS/src/port.o
                0x00000000000013f8                vPortSetupTimerInterrupt
 .text.xQueueGenericReset
                0x0000000000001460       0xa4 ./freeRTOS/src/queue.o
                0x0000000000001460                xQueueGenericReset
 .text.xQueueGenericCreate
                0x0000000000001504       0x78 ./freeRTOS/src/queue.o
                0x0000000000001504                xQueueGenericCreate
 .text.xQueueCreateMutex
                0x000000000000157c       0x84 ./freeRTOS/src/queue.o
                0x000000000000157c                xQueueCreateMutex
 .text.xQueueGenericSend
                0x0000000000001600      0x110 ./freeRTOS/src/queue.o
                0x0000000000001600                xQueueGenericSend
 .text.xQueueGenericReceive
                0x0000000000001710      0x16c ./freeRTOS/src/queue.o
                0x0000000000001710                xQueueGenericReceive
 .text.prvCopyDataToQueue
                0x000000000000187c       0xce ./freeRTOS/src/queue.o
 .text.prvCopyDataFromQueue
                0x000000000000194a       0x4c ./freeRTOS/src/queue.o
 .text.prvUnlockQueue
                0x0000000000001996       0x98 ./freeRTOS/src/queue.o
 .text.prvIsQueueEmpty
                0x0000000000001a2e       0x2c ./freeRTOS/src/queue.o
 .text.prvIsQueueFull
                0x0000000000001a5a       0x30 ./freeRTOS/src/queue.o
 *fill*         0x0000000000001a8a        0x2 ff
 .text.xTaskGenericCreate
                0x0000000000001a8c      0x140 ./freeRTOS/src/tasks.o
                0x0000000000001a8c                xTaskGenericCreate
 .text.vTaskDelay
                0x0000000000001bcc       0x54 ./freeRTOS/src/tasks.o
                0x0000000000001bcc                vTaskDelay
 .text.vTaskStartScheduler
                0x0000000000001c20       0x58 ./freeRTOS/src/tasks.o
                0x0000000000001c20                vTaskStartScheduler
 .text.vTaskSuspendAll
                0x0000000000001c78       0x1c ./freeRTOS/src/tasks.o
                0x0000000000001c78                vTaskSuspendAll
 .text.prvGetExpectedIdleTime
                0x0000000000001c94       0x4c ./freeRTOS/src/tasks.o
 .text.xTaskResumeAll
                0x0000000000001ce0       0xfc ./freeRTOS/src/tasks.o
                0x0000000000001ce0                xTaskResumeAll
 .text.vTaskStepTick
                0x0000000000001ddc       0x24 ./freeRTOS/src/tasks.o
                0x0000000000001ddc                vTaskStepTick
 .text.xTaskIncrementTick
                0x0000000000001e00      0x18c ./freeRTOS/src/tasks.o
                0x0000000000001e00                xTaskIncrementTick
 .text.vTaskSwitchContext
                0x0000000000001f8c       0x98 ./freeRTOS/src/tasks.o
                0x0000000000001f8c                vTaskSwitchContext
 .text.vTaskPlaceOnEventList
                0x0000000000002024       0x60 ./freeRTOS/src/tasks.o
                0x0000000000002024                vTaskPlaceOnEventList
 .text.xTaskRemoveFromEventList
                0x0000000000002084       0xac ./freeRTOS/src/tasks.o
                0x0000000000002084                xTaskRemoveFromEventList
 .text.vTaskSetTimeOutState
                0x0000000000002130       0x2c ./freeRTOS/src/tasks.o
                0x0000000000002130                vTaskSetTimeOutState
 .text.xTaskCheckForTimeOut
                0x000000000000215c       0x88 ./freeRTOS/src/tasks.o
                0x000000000000215c                xTaskCheckForTimeOut
 .text.vTaskMissedYield
                0x00000000000021e4       0x18 ./freeRTOS/src/tasks.o
                0x00000000000021e4                vTaskMissedYield
 .text.prvIdleTask
                0x00000000000021fc       0x48 ./freeRTOS/src/tasks.o
 .text.eTaskConfirmSleepModeStatus
                0x0000000000002244       0x5c ./freeRTOS/src/tasks.o
                0x0000000000002244                eTaskConfirmSleepModeStatus
 .text.prvInitialiseTCBVariables
                0x00000000000022a0       0x98 ./freeRTOS/src/tasks.o
 .text.prvInitialiseTaskLists
                0x0000000000002338       0x80 ./freeRTOS/src/tasks.o
 .text.prvCheckTasksWaitingTermination
                0x00000000000023b8       0x78 ./freeRTOS/src/tasks.o
 .text.prvAddCurrentTaskToDelayedList
                0x0000000000002430       0x6c ./freeRTOS/src/tasks.o
 .text.prvAllocateTCBAndStack
                0x000000000000249c       0x62 ./freeRTOS/src/tasks.o
 .text.prvDeleteTCB
                0x00000000000024fe       0x20 ./freeRTOS/src/tasks.o
 *fill*         0x000000000000251e        0x2 ff
 .text.xTaskGetCurrentTaskHandle
                0x0000000000002520       0x1c ./freeRTOS/src/tasks.o
                0x0000000000002520                xTaskGetCurrentTaskHandle
 .text.vTaskPriorityInherit
                0x000000000000253c       0xb4 ./freeRTOS/src/tasks.o
                0x000000000000253c                vTaskPriorityInherit
 .text.vTaskPriorityDisinherit
                0x00000000000025f0       0x7c ./freeRTOS/src/tasks.o
                0x00000000000025f0                vTaskPriorityDisinherit
 .text.Chip_IOCON_Init
                0x000000000000266c       0x16 /home/tarak/Documents/MCUXpresso_10.2.0_759/workspace/lpc_board_nxp_lpcxpresso_1769/Debug/liblpc_board_nxp_lpcxpresso_1769.a(board.o)
 .text.Chip_GPIO_Init
                0x0000000000002682       0x16 /home/tarak/Documents/MCUXpresso_10.2.0_759/workspace/lpc_board_nxp_lpcxpresso_1769/Debug/liblpc_board_nxp_lpcxpresso_1769.a(board.o)
 .text.Chip_GPIO_SetPinState
                0x0000000000002698       0x64 /home/tarak/Documents/MCUXpresso_10.2.0_759/workspace/lpc_board_nxp_lpcxpresso_1769/Debug/liblpc_board_nxp_lpcxpresso_1769.a(board.o)
 .text.Chip_GPIO_WritePortBit
                0x00000000000026fc       0x2c /home/tarak/Documents/MCUXpresso_10.2.0_759/workspace/lpc_board_nxp_lpcxpresso_1769/Debug/liblpc_board_nxp_lpcxpresso_1769.a(board.o)
 .text.Chip_GPIO_SetPinDIROutput
                0x0000000000002728       0x36 /home/tarak/Documents/MCUXpresso_10.2.0_759/workspace/lpc_board_nxp_lpcxpresso_1769/Debug/liblpc_board_nxp_lpcxpresso_1769.a(board.o)
 .text.Chip_GPIO_SetPinDIRInput
                0x000000000000275e       0x3a /home/tarak/Documents/MCUXpresso_10.2.0_759/workspace/lpc_board_nxp_lpcxpresso_1769/Debug/liblpc_board_nxp_lpcxpresso_1769.a(board.o)
 .text.Chip_GPIO_SetPinDIR
                0x0000000000002798       0x42 /home/tarak/Documents/MCUXpresso_10.2.0_759/workspace/lpc_board_nxp_lpcxpresso_1769/Debug/liblpc_board_nxp_lpcxpresso_1769.a(board.o)
 .text.Chip_GPIO_WriteDirBit
                0x00000000000027da       0x2e /home/tarak/Documents/MCUXpresso_10.2.0_759/workspace/lpc_board_nxp_lpcxpresso_1769/Debug/liblpc_board_nxp_lpcxpresso_1769.a(board.o)
 .text.Chip_UART_ConfigData
                0x0000000000002808       0x1a /home/tarak/Documents/MCUXpresso_10.2.0_759/workspace/lpc_board_nxp_lpcxpresso_1769/Debug/liblpc_board_nxp_lpcxpresso_1769.a(board.o)
 *fill*         0x0000000000002822        0x2 ff
 .text.Board_LED_Init
                0x0000000000002824       0x18 /home/tarak/Documents/MCUXpresso_10.2.0_759/workspace/lpc_board_nxp_lpcxpresso_1769/Debug/liblpc_board_nxp_lpcxpresso_1769.a(board.o)
 .text.Board_UART_Init
                0x000000000000283c       0x12 /home/tarak/Documents/MCUXpresso_10.2.0_759/workspace/lpc_board_nxp_lpcxpresso_1769/Debug/liblpc_board_nxp_lpcxpresso_1769.a(board.o)
                0x000000000000283c                Board_UART_Init
 *fill*         0x000000000000284e        0x2 ff
 .text.Board_Debug_Init
                0x0000000000002850       0x30 /home/tarak/Documents/MCUXpresso_10.2.0_759/workspace/lpc_board_nxp_lpcxpresso_1769/Debug/liblpc_board_nxp_lpcxpresso_1769.a(board.o)
                0x0000000000002850                Board_Debug_Init
 .text.Board_LED_Set
                0x0000000000002880       0x30 /home/tarak/Documents/MCUXpresso_10.2.0_759/workspace/lpc_board_nxp_lpcxpresso_1769/Debug/liblpc_board_nxp_lpcxpresso_1769.a(board.o)
                0x0000000000002880                Board_LED_Set
 .text.Board_Init
                0x00000000000028b0       0x24 /home/tarak/Documents/MCUXpresso_10.2.0_759/workspace/lpc_board_nxp_lpcxpresso_1769/Debug/liblpc_board_nxp_lpcxpresso_1769.a(board.o)
                0x00000000000028b0                Board_Init
 .text.Board_SPI_Init
                0x00000000000028d4       0x84 /home/tarak/Documents/MCUXpresso_10.2.0_759/workspace/lpc_board_nxp_lpcxpresso_1769/Debug/liblpc_board_nxp_lpcxpresso_1769.a(board.o)
                0x00000000000028d4                Board_SPI_Init
 .text.Board_SPI_DeassertSSEL
                0x0000000000002958       0x18 /home/tarak/Documents/MCUXpresso_10.2.0_759/workspace/lpc_board_nxp_lpcxpresso_1769/Debug/liblpc_board_nxp_lpcxpresso_1769.a(board.o)
                0x0000000000002958                Board_SPI_DeassertSSEL
 .text.Chip_SYSCTL_SetFLASHAccess
                0x0000000000002970       0x30 /home/tarak/Documents/MCUXpresso_10.2.0_759/workspace/lpc_board_nxp_lpcxpresso_1769/Debug/liblpc_board_nxp_lpcxpresso_1769.a(board_sysinit.o)
 .text.Board_SetupMuxing
                0x00000000000029a0       0x1c /home/tarak/Documents/MCUXpresso_10.2.0_759/workspace/lpc_board_nxp_lpcxpresso_1769/Debug/liblpc_board_nxp_lpcxpresso_1769.a(board_sysinit.o)
                0x00000000000029a0                Board_SetupMuxing
 .text.Board_SetupClocking
                0x00000000000029bc       0x12 /home/tarak/Documents/MCUXpresso_10.2.0_759/workspace/lpc_board_nxp_lpcxpresso_1769/Debug/liblpc_board_nxp_lpcxpresso_1769.a(board_sysinit.o)
                0x00000000000029bc                Board_SetupClocking
 .text.Board_SystemInit
                0x00000000000029ce       0x10 /home/tarak/Documents/MCUXpresso_10.2.0_759/workspace/lpc_board_nxp_lpcxpresso_1769/Debug/liblpc_board_nxp_lpcxpresso_1769.a(board_sysinit.o)
                0x00000000000029ce                Board_SystemInit
 *fill*         0x00000000000029de        0x2 ff
 .text.SystemCoreClockUpdate
                0x00000000000029e0       0x18 /home/tarak/Documents/MCUXpresso_10.2.0_759/workspace/lpc_chip_175x_6x/Debug/liblpc_chip_175x_6x.a(chip_17xx_40xx.o)
                0x00000000000029e0                SystemCoreClockUpdate
 .text.Chip_Clock_IsMainPLLEnabled
                0x00000000000029f8       0x24 /home/tarak/Documents/MCUXpresso_10.2.0_759/workspace/lpc_chip_175x_6x/Debug/liblpc_chip_175x_6x.a(clock_17xx_40xx.o)
 .text.Chip_Clock_IsMainPLLConnected
                0x0000000000002a1c       0x24 /home/tarak/Documents/MCUXpresso_10.2.0_759/workspace/lpc_chip_175x_6x/Debug/liblpc_chip_175x_6x.a(clock_17xx_40xx.o)
 .text.Chip_Clock_FeedPLL
                0x0000000000002a40       0x34 /home/tarak/Documents/MCUXpresso_10.2.0_759/workspace/lpc_chip_175x_6x/Debug/liblpc_chip_175x_6x.a(clock_17xx_40xx.o)
 .text.Chip_Clock_GetMainPLLSource
                0x0000000000002a74       0x20 /home/tarak/Documents/MCUXpresso_10.2.0_759/workspace/lpc_chip_175x_6x/Debug/liblpc_chip_175x_6x.a(clock_17xx_40xx.o)
 .text.Chip_Clock_GetMainOscRate
                0x0000000000002a94       0x14 /home/tarak/Documents/MCUXpresso_10.2.0_759/workspace/lpc_chip_175x_6x/Debug/liblpc_chip_175x_6x.a(clock_17xx_40xx.o)
 .text.Chip_Clock_GetIntOscRate
                0x0000000000002aa8       0x14 /home/tarak/Documents/MCUXpresso_10.2.0_759/workspace/lpc_chip_175x_6x/Debug/liblpc_chip_175x_6x.a(clock_17xx_40xx.o)
 .text.Chip_Clock_GetRTCOscRate
                0x0000000000002abc       0x14 /home/tarak/Documents/MCUXpresso_10.2.0_759/workspace/lpc_chip_175x_6x/Debug/liblpc_chip_175x_6x.a(clock_17xx_40xx.o)
 .text.Chip_Clock_GetMainPLLInClockRate
                0x0000000000002ad0        0xe /home/tarak/Documents/MCUXpresso_10.2.0_759/workspace/lpc_chip_175x_6x/Debug/liblpc_chip_175x_6x.a(clock_17xx_40xx.o)
 *fill*         0x0000000000002ade        0x2 ff
 .text.Chip_Clock_EnablePLL
                0x0000000000002ae0       0x44 /home/tarak/Documents/MCUXpresso_10.2.0_759/workspace/lpc_chip_175x_6x/Debug/liblpc_chip_175x_6x.a(clock_17xx_40xx.o)
                0x0000000000002ae0                Chip_Clock_EnablePLL
 .text.Chip_Clock_DisablePLL
                0x0000000000002b24       0x48 /home/tarak/Documents/MCUXpresso_10.2.0_759/workspace/lpc_chip_175x_6x/Debug/liblpc_chip_175x_6x.a(clock_17xx_40xx.o)
                0x0000000000002b24                Chip_Clock_DisablePLL
 .text.Chip_Clock_SetupPLL
                0x0000000000002b6c       0x5c /home/tarak/Documents/MCUXpresso_10.2.0_759/workspace/lpc_chip_175x_6x/Debug/liblpc_chip_175x_6x.a(clock_17xx_40xx.o)
                0x0000000000002b6c                Chip_Clock_SetupPLL
 .text.Chip_Clock_EnablePeriphClock
                0x0000000000002bc8       0x34 /home/tarak/Documents/MCUXpresso_10.2.0_759/workspace/lpc_chip_175x_6x/Debug/liblpc_chip_175x_6x.a(clock_17xx_40xx.o)
                0x0000000000002bc8                Chip_Clock_EnablePeriphClock
 .text.Chip_Clock_GetCPUClockSource
                0x0000000000002bfc       0x24 /home/tarak/Documents/MCUXpresso_10.2.0_759/workspace/lpc_chip_175x_6x/Debug/liblpc_chip_175x_6x.a(clock_17xx_40xx.o)
                0x0000000000002bfc                Chip_Clock_GetCPUClockSource
 .text.Chip_Clock_SetCPUClockDiv
                0x0000000000002c20       0x20 /home/tarak/Documents/MCUXpresso_10.2.0_759/workspace/lpc_chip_175x_6x/Debug/liblpc_chip_175x_6x.a(clock_17xx_40xx.o)
                0x0000000000002c20                Chip_Clock_SetCPUClockDiv
 .text.Chip_Clock_GetCPUClockDiv
                0x0000000000002c40       0x1c /home/tarak/Documents/MCUXpresso_10.2.0_759/workspace/lpc_chip_175x_6x/Debug/liblpc_chip_175x_6x.a(clock_17xx_40xx.o)
                0x0000000000002c40                Chip_Clock_GetCPUClockDiv
 .text.Chip_Clock_GetPCLKDiv
                0x0000000000002c5c       0x8c /home/tarak/Documents/MCUXpresso_10.2.0_759/workspace/lpc_chip_175x_6x/Debug/liblpc_chip_175x_6x.a(clock_17xx_40xx.o)
                0x0000000000002c5c                Chip_Clock_GetPCLKDiv
 .text.Chip_Clock_GetSYSCLKRate
                0x0000000000002ce8       0x34 /home/tarak/Documents/MCUXpresso_10.2.0_759/workspace/lpc_chip_175x_6x/Debug/liblpc_chip_175x_6x.a(clock_17xx_40xx.o)
                0x0000000000002ce8                Chip_Clock_GetSYSCLKRate
 .text.Chip_Clock_GetMainPLLOutClockRate
                0x0000000000002d1c       0x54 /home/tarak/Documents/MCUXpresso_10.2.0_759/workspace/lpc_chip_175x_6x/Debug/liblpc_chip_175x_6x.a(clock_17xx_40xx.o)
                0x0000000000002d1c                Chip_Clock_GetMainPLLOutClockRate
 .text.Chip_Clock_GetMainClockRate
                0x0000000000002d70       0x28 /home/tarak/Documents/MCUXpresso_10.2.0_759/workspace/lpc_chip_175x_6x/Debug/liblpc_chip_175x_6x.a(clock_17xx_40xx.o)
                0x0000000000002d70                Chip_Clock_GetMainClockRate
 .text.Chip_Clock_GetSystemClockRate
                0x0000000000002d98       0x18 /home/tarak/Documents/MCUXpresso_10.2.0_759/workspace/lpc_chip_175x_6x/Debug/liblpc_chip_175x_6x.a(clock_17xx_40xx.o)
                0x0000000000002d98                Chip_Clock_GetSystemClockRate
 .text.Chip_Clock_GetPeripheralClockRate
                0x0000000000002db0       0x26 /home/tarak/Documents/MCUXpresso_10.2.0_759/workspace/lpc_chip_175x_6x/Debug/liblpc_chip_175x_6x.a(clock_17xx_40xx.o)
                0x0000000000002db0                Chip_Clock_GetPeripheralClockRate
 .text.Chip_IOCON_PinMuxSet
                0x0000000000002dd6       0x36 /home/tarak/Documents/MCUXpresso_10.2.0_759/workspace/lpc_chip_175x_6x/Debug/liblpc_chip_175x_6x.a(iocon_17xx_40xx.o)
                0x0000000000002dd6                Chip_IOCON_PinMuxSet
 .text.Chip_IOCON_PinMux
                0x0000000000002e0c       0x94 /home/tarak/Documents/MCUXpresso_10.2.0_759/workspace/lpc_chip_175x_6x/Debug/liblpc_chip_175x_6x.a(iocon_17xx_40xx.o)
                0x0000000000002e0c                Chip_IOCON_PinMux
 .text.Chip_IOCON_SetPinMuxing
                0x0000000000002ea0       0x62 /home/tarak/Documents/MCUXpresso_10.2.0_759/workspace/lpc_chip_175x_6x/Debug/liblpc_chip_175x_6x.a(iocon_17xx_40xx.o)
                0x0000000000002ea0                Chip_IOCON_SetPinMuxing
 .text.Chip_SPI_GetStatus
                0x0000000000002f02       0x16 /home/tarak/Documents/MCUXpresso_10.2.0_759/workspace/lpc_chip_175x_6x/Debug/liblpc_chip_175x_6x.a(spi_17xx_40xx.o)
 .text.Chip_SPI_SendFrame
                0x0000000000002f18       0x1c /home/tarak/Documents/MCUXpresso_10.2.0_759/workspace/lpc_chip_175x_6x/Debug/liblpc_chip_175x_6x.a(spi_17xx_40xx.o)
 .text.Chip_SPI_ReceiveFrame
                0x0000000000002f34       0x18 /home/tarak/Documents/MCUXpresso_10.2.0_759/workspace/lpc_chip_175x_6x/Debug/liblpc_chip_175x_6x.a(spi_17xx_40xx.o)
 .text.Chip_SPI_SetClockCounter
                0x0000000000002f4c       0x1a /home/tarak/Documents/MCUXpresso_10.2.0_759/workspace/lpc_chip_175x_6x/Debug/liblpc_chip_175x_6x.a(spi_17xx_40xx.o)
 .text.Chip_SPI_SetMode
                0x0000000000002f66       0x26 /home/tarak/Documents/MCUXpresso_10.2.0_759/workspace/lpc_chip_175x_6x/Debug/liblpc_chip_175x_6x.a(spi_17xx_40xx.o)
 .text.Chip_SPI_Int_ClearStatus
                0x0000000000002f8c       0x1a /home/tarak/Documents/MCUXpresso_10.2.0_759/workspace/lpc_chip_175x_6x/Debug/liblpc_chip_175x_6x.a(spi_17xx_40xx.o)
 .text.executeCallback
                0x0000000000002fa6       0x1c /home/tarak/Documents/MCUXpresso_10.2.0_759/workspace/lpc_chip_175x_6x/Debug/liblpc_chip_175x_6x.a(spi_17xx_40xx.o)
 .text.writeData
                0x0000000000002fc2       0x5c /home/tarak/Documents/MCUXpresso_10.2.0_759/workspace/lpc_chip_175x_6x/Debug/liblpc_chip_175x_6x.a(spi_17xx_40xx.o)
 .text.readData
                0x000000000000301e       0x56 /home/tarak/Documents/MCUXpresso_10.2.0_759/workspace/lpc_chip_175x_6x/Debug/liblpc_chip_175x_6x.a(spi_17xx_40xx.o)
 .text.Chip_SPI_Int_FlushData
                0x0000000000003074       0x28 /home/tarak/Documents/MCUXpresso_10.2.0_759/workspace/lpc_chip_175x_6x/Debug/liblpc_chip_175x_6x.a(spi_17xx_40xx.o)
                0x0000000000003074                Chip_SPI_Int_FlushData
 .text.Chip_SPI_Int_RWFrames
                0x000000000000309c       0xa6 /home/tarak/Documents/MCUXpresso_10.2.0_759/workspace/lpc_chip_175x_6x/Debug/liblpc_chip_175x_6x.a(spi_17xx_40xx.o)
                0x000000000000309c                Chip_SPI_Int_RWFrames
 .text.Chip_SPI_Int_RWFrames8Bits
                0x0000000000003142       0x1e /home/tarak/Documents/MCUXpresso_10.2.0_759/workspace/lpc_chip_175x_6x/Debug/liblpc_chip_175x_6x.a(spi_17xx_40xx.o)
                0x0000000000003142                Chip_SPI_Int_RWFrames8Bits
 .text.Chip_SPI_SetBitRate
                0x0000000000003160       0x4a /home/tarak/Documents/MCUXpresso_10.2.0_759/workspace/lpc_chip_175x_6x/Debug/liblpc_chip_175x_6x.a(spi_17xx_40xx.o)
                0x0000000000003160                Chip_SPI_SetBitRate
 *fill*         0x00000000000031aa        0x2 ff
 .text.Chip_SPI_Init
                0x00000000000031ac       0x44 /home/tarak/Documents/MCUXpresso_10.2.0_759/workspace/lpc_chip_175x_6x/Debug/liblpc_chip_175x_6x.a(spi_17xx_40xx.o)
                0x00000000000031ac                Chip_SPI_Init
 .text.Chip_Clock_IsMainPLLEnabled
                0x00000000000031f0       0x24 /home/tarak/Documents/MCUXpresso_10.2.0_759/workspace/lpc_chip_175x_6x/Debug/liblpc_chip_175x_6x.a(sysinit_17xx_40xx.o)
 .text.Chip_Clock_IsMainPLLLocked
                0x0000000000003214       0x24 /home/tarak/Documents/MCUXpresso_10.2.0_759/workspace/lpc_chip_175x_6x/Debug/liblpc_chip_175x_6x.a(sysinit_17xx_40xx.o)
 .text.Chip_Clock_IsMainPLLConnected
                0x0000000000003238       0x24 /home/tarak/Documents/MCUXpresso_10.2.0_759/workspace/lpc_chip_175x_6x/Debug/liblpc_chip_175x_6x.a(sysinit_17xx_40xx.o)
 .text.Chip_Clock_EnableCrystal
                0x000000000000325c       0x20 /home/tarak/Documents/MCUXpresso_10.2.0_759/workspace/lpc_chip_175x_6x/Debug/liblpc_chip_175x_6x.a(sysinit_17xx_40xx.o)
 .text.Chip_Clock_IsCrystalEnabled
                0x000000000000327c       0x24 /home/tarak/Documents/MCUXpresso_10.2.0_759/workspace/lpc_chip_175x_6x/Debug/liblpc_chip_175x_6x.a(sysinit_17xx_40xx.o)
 .text.Chip_Clock_SetMainPLLSource
                0x00000000000032a0       0x20 /home/tarak/Documents/MCUXpresso_10.2.0_759/workspace/lpc_chip_175x_6x/Debug/liblpc_chip_175x_6x.a(sysinit_17xx_40xx.o)
 .text.Chip_SetupXtalClocking
                0x00000000000032c0       0x90 /home/tarak/Documents/MCUXpresso_10.2.0_759/workspace/lpc_chip_175x_6x/Debug/liblpc_chip_175x_6x.a(sysinit_17xx_40xx.o)
                0x00000000000032c0                Chip_SetupXtalClocking
 .text.Chip_UART_SetupFIFOS
                0x0000000000003350       0x1a /home/tarak/Documents/MCUXpresso_10.2.0_759/workspace/lpc_chip_175x_6x/Debug/liblpc_chip_175x_6x.a(uart_17xx_40xx.o)
 .text.Chip_UART_ConfigData
                0x000000000000336a       0x1a /home/tarak/Documents/MCUXpresso_10.2.0_759/workspace/lpc_chip_175x_6x/Debug/liblpc_chip_175x_6x.a(uart_17xx_40xx.o)
 .text.Chip_UART_EnableDivisorAccess
                0x0000000000003384       0x1e /home/tarak/Documents/MCUXpresso_10.2.0_759/workspace/lpc_chip_175x_6x/Debug/liblpc_chip_175x_6x.a(uart_17xx_40xx.o)
 .text.Chip_UART_DisableDivisorAccess
                0x00000000000033a2       0x1e /home/tarak/Documents/MCUXpresso_10.2.0_759/workspace/lpc_chip_175x_6x/Debug/liblpc_chip_175x_6x.a(uart_17xx_40xx.o)
 .text.Chip_UART_SetDivisorLatches
                0x00000000000033c0       0x26 /home/tarak/Documents/MCUXpresso_10.2.0_759/workspace/lpc_chip_175x_6x/Debug/liblpc_chip_175x_6x.a(uart_17xx_40xx.o)
 *fill*         0x00000000000033e6        0x2 ff
 .text.Chip_UART_GetClockIndex
                0x00000000000033e8       0x50 /home/tarak/Documents/MCUXpresso_10.2.0_759/workspace/lpc_chip_175x_6x/Debug/liblpc_chip_175x_6x.a(uart_17xx_40xx.o)
 .text.Chip_UART_GetClkIndex
                0x0000000000003438       0x50 /home/tarak/Documents/MCUXpresso_10.2.0_759/workspace/lpc_chip_175x_6x/Debug/liblpc_chip_175x_6x.a(uart_17xx_40xx.o)
 .text.Chip_UART_Init
                0x0000000000003488       0x78 /home/tarak/Documents/MCUXpresso_10.2.0_759/workspace/lpc_chip_175x_6x/Debug/liblpc_chip_175x_6x.a(uart_17xx_40xx.o)
                0x0000000000003488                Chip_UART_Init
 .text.Chip_UART_TXEnable
                0x0000000000003500       0x18 /home/tarak/Documents/MCUXpresso_10.2.0_759/workspace/lpc_chip_175x_6x/Debug/liblpc_chip_175x_6x.a(uart_17xx_40xx.o)
                0x0000000000003500                Chip_UART_TXEnable
 .text.Chip_UART_TXDisable
                0x0000000000003518       0x18 /home/tarak/Documents/MCUXpresso_10.2.0_759/workspace/lpc_chip_175x_6x/Debug/liblpc_chip_175x_6x.a(uart_17xx_40xx.o)
                0x0000000000003518                Chip_UART_TXDisable
 .text.Chip_UART_SetBaud
                0x0000000000003530       0x62 /home/tarak/Documents/MCUXpresso_10.2.0_759/workspace/lpc_chip_175x_6x/Debug/liblpc_chip_175x_6x.a(uart_17xx_40xx.o)
                0x0000000000003530                Chip_UART_SetBaud
 *fill*         0x0000000000003592        0x2 ff
 .text          0x0000000000003594       0x30 /usr/local/mcuxpressoide-10.2.0_759/ide/tools/bin/../lib/gcc/arm-none-eabi/7.2.1/thumb/v7-m/libgcc.a(_aeabi_uldivmod.o)
                0x0000000000003594                __aeabi_uldivmod
 .text          0x00000000000035c4      0x2d0 /usr/local/mcuxpressoide-10.2.0_759/ide/tools/bin/../lib/gcc/arm-none-eabi/7.2.1/thumb/v7-m/libgcc.a(_udivmoddi4.o)
                0x00000000000035c4                __udivmoddi4
 .text          0x0000000000003894        0x4 /usr/local/mcuxpressoide-10.2.0_759/ide/tools/bin/../lib/gcc/arm-none-eabi/7.2.1/thumb/v7-m/libgcc.a(_dvmd_tls.o)
                0x0000000000003894                __aeabi_ldiv0
                0x0000000000003894                __aeabi_idiv0
 .text.__libc_init_array
                0x0000000000003898       0x48 /usr/local/mcuxpressoide-10.2.0_759/ide/tools/bin/../lib/gcc/arm-none-eabi/7.2.1/../../../../arm-none-eabi/lib/thumb/v7-m/libc.a(lib_a-init.o)
                0x0000000000003898                __libc_init_array
 .text.malloc   0x00000000000038e0       0x10 /usr/local/mcuxpressoide-10.2.0_759/ide/tools/bin/../lib/gcc/arm-none-eabi/7.2.1/../../../../arm-none-eabi/lib/thumb/v7-m/libc.a(lib_a-malloc.o)
                0x00000000000038e0                malloc
 .text.free     0x00000000000038f0       0x10 /usr/local/mcuxpressoide-10.2.0_759/ide/tools/bin/../lib/gcc/arm-none-eabi/7.2.1/../../../../arm-none-eabi/lib/thumb/v7-m/libc.a(lib_a-malloc.o)
                0x00000000000038f0                free
 .text._malloc_r
                0x0000000000003900      0x524 /usr/local/mcuxpressoide-10.2.0_759/ide/tools/bin/../lib/gcc/arm-none-eabi/7.2.1/../../../../arm-none-eabi/lib/thumb/v7-m/libc.a(lib_a-mallocr.o)
                0x0000000000003900                _malloc_r
 .text          0x0000000000003e24       0xec /usr/local/mcuxpressoide-10.2.0_759/ide/tools/bin/../lib/gcc/arm-none-eabi/7.2.1/../../../../arm-none-eabi/lib/thumb/v7-m/libc.a(lib_a-memcpy.o)
                0x0000000000003e24                memcpy
 .text.memset   0x0000000000003f10       0x94 /usr/local/mcuxpressoide-10.2.0_759/ide/tools/bin/../lib/gcc/arm-none-eabi/7.2.1/../../../../arm-none-eabi/lib/thumb/v7-m/libc.a(lib_a-memset.o)
                0x0000000000003f10                memset
 .text.__malloc_lock
                0x0000000000003fa4        0xc /usr/local/mcuxpressoide-10.2.0_759/ide/tools/bin/../lib/gcc/arm-none-eabi/7.2.1/../../../../arm-none-eabi/lib/thumb/v7-m/libc.a(lib_a-mlock.o)
                0x0000000000003fa4                __malloc_lock
 .text.__malloc_unlock
                0x0000000000003fb0        0xc /usr/local/mcuxpressoide-10.2.0_759/ide/tools/bin/../lib/gcc/arm-none-eabi/7.2.1/../../../../arm-none-eabi/lib/thumb/v7-m/libc.a(lib_a-mlock.o)
                0x0000000000003fb0                __malloc_unlock
 .text.printf   0x0000000000003fbc       0x28 /usr/local/mcuxpressoide-10.2.0_759/ide/tools/bin/../lib/gcc/arm-none-eabi/7.2.1/../../../../arm-none-eabi/lib/thumb/v7-m/libc.a(lib_a-printf.o)
                0x0000000000003fbc                printf
 .text._sbrk_r  0x0000000000003fe4       0x24 /usr/local/mcuxpressoide-10.2.0_759/ide/tools/bin/../lib/gcc/arm-none-eabi/7.2.1/../../../../arm-none-eabi/lib/thumb/v7-m/libc.a(lib_a-sbrkr.o)
                0x0000000000003fe4                _sbrk_r
 .text._vfprintf_r
                0x0000000000004008     0x1558 /usr/local/mcuxpressoide-10.2.0_759/ide/tools/bin/../lib/gcc/arm-none-eabi/7.2.1/../../../../arm-none-eabi/lib/thumb/v7-m/libc.a(lib_a-vfprintf.o)
                0x0000000000004008                _vfprintf_r
 .text.__sbprintf
                0x0000000000005560       0x88 /usr/local/mcuxpressoide-10.2.0_759/ide/tools/bin/../lib/gcc/arm-none-eabi/7.2.1/../../../../arm-none-eabi/lib/thumb/v7-m/libc.a(lib_a-vfprintf.o)
 .text.__swsetup_r
                0x00000000000055e8       0xcc /usr/local/mcuxpressoide-10.2.0_759/ide/tools/bin/../lib/gcc/arm-none-eabi/7.2.1/../../../../arm-none-eabi/lib/thumb/v7-m/libc.a(lib_a-wsetup.o)
                0x00000000000055e8                __swsetup_r
 .text.quorem   0x00000000000056b4      0x124 /usr/local/mcuxpressoide-10.2.0_759/ide/tools/bin/../lib/gcc/arm-none-eabi/7.2.1/../../../../arm-none-eabi/lib/thumb/v7-m/libc.a(lib_a-dtoa.o)
 .text._dtoa_r  0x00000000000057d8      0xe30 /usr/local/mcuxpressoide-10.2.0_759/ide/tools/bin/../lib/gcc/arm-none-eabi/7.2.1/../../../../arm-none-eabi/lib/thumb/v7-m/libc.a(lib_a-dtoa.o)
                0x00000000000057d8                _dtoa_r
 .text.__sflush_r
                0x0000000000006608      0x154 /usr/local/mcuxpressoide-10.2.0_759/ide/tools/bin/../lib/gcc/arm-none-eabi/7.2.1/../../../../arm-none-eabi/lib/thumb/v7-m/libc.a(lib_a-fflush.o)
                0x0000000000006608                __sflush_r
 .text._fflush_r
                0x000000000000675c       0x5c /usr/local/mcuxpressoide-10.2.0_759/ide/tools/bin/../lib/gcc/arm-none-eabi/7.2.1/../../../../arm-none-eabi/lib/thumb/v7-m/libc.a(lib_a-fflush.o)
                0x000000000000675c                _fflush_r
 .text.std      0x00000000000067b8       0x50 /usr/local/mcuxpressoide-10.2.0_759/ide/tools/bin/../lib/gcc/arm-none-eabi/7.2.1/../../../../arm-none-eabi/lib/thumb/v7-m/libc.a(lib_a-findfp.o)
 .text._cleanup_r
                0x0000000000006808        0xc /usr/local/mcuxpressoide-10.2.0_759/ide/tools/bin/../lib/gcc/arm-none-eabi/7.2.1/../../../../arm-none-eabi/lib/thumb/v7-m/libc.a(lib_a-findfp.o)
                0x0000000000006808                _cleanup_r
 .text.__sinit  0x0000000000006814       0x60 /usr/local/mcuxpressoide-10.2.0_759/ide/tools/bin/../lib/gcc/arm-none-eabi/7.2.1/../../../../arm-none-eabi/lib/thumb/v7-m/libc.a(lib_a-findfp.o)
                0x0000000000006814                __sinit
 .text.__sfp_lock_acquire
                0x0000000000006874        0xc /usr/local/mcuxpressoide-10.2.0_759/ide/tools/bin/../lib/gcc/arm-none-eabi/7.2.1/../../../../arm-none-eabi/lib/thumb/v7-m/libc.a(lib_a-findfp.o)
                0x0000000000006874                __sfp_lock_acquire
 .text.__sfp_lock_release
                0x0000000000006880        0xc /usr/local/mcuxpressoide-10.2.0_759/ide/tools/bin/../lib/gcc/arm-none-eabi/7.2.1/../../../../arm-none-eabi/lib/thumb/v7-m/libc.a(lib_a-findfp.o)
                0x0000000000006880                __sfp_lock_release
 .text._malloc_trim_r
                0x000000000000688c       0xa0 /usr/local/mcuxpressoide-10.2.0_759/ide/tools/bin/../lib/gcc/arm-none-eabi/7.2.1/../../../../arm-none-eabi/lib/thumb/v7-m/libc.a(lib_a-freer.o)
                0x000000000000688c                _malloc_trim_r
 .text._free_r  0x000000000000692c      0x1e8 /usr/local/mcuxpressoide-10.2.0_759/ide/tools/bin/../lib/gcc/arm-none-eabi/7.2.1/../../../../arm-none-eabi/lib/thumb/v7-m/libc.a(lib_a-freer.o)
                0x000000000000692c                _free_r
 .text._fwalk_reent
                0x0000000000006b14       0x50 /usr/local/mcuxpressoide-10.2.0_759/ide/tools/bin/../lib/gcc/arm-none-eabi/7.2.1/../../../../arm-none-eabi/lib/thumb/v7-m/libc.a(lib_a-fwalk.o)
                0x0000000000006b14                _fwalk_reent
 .text._localeconv_r
                0x0000000000006b64       0x1c /usr/local/mcuxpressoide-10.2.0_759/ide/tools/bin/../lib/gcc/arm-none-eabi/7.2.1/../../../../arm-none-eabi/lib/thumb/v7-m/libc.a(lib_a-localeconv.o)
                0x0000000000006b64                _localeconv_r
 .text.__retarget_lock_init_recursive
                0x0000000000006b80        0x4 /usr/local/mcuxpressoide-10.2.0_759/ide/tools/bin/../lib/gcc/arm-none-eabi/7.2.1/../../../../arm-none-eabi/lib/thumb/v7-m/libc.a(lib_a-lock.o)
                0x0000000000006b80                __retarget_lock_init_recursive
 .text.__retarget_lock_close_recursive
                0x0000000000006b84        0x4 /usr/local/mcuxpressoide-10.2.0_759/ide/tools/bin/../lib/gcc/arm-none-eabi/7.2.1/../../../../arm-none-eabi/lib/thumb/v7-m/libc.a(lib_a-lock.o)
                0x0000000000006b84                __retarget_lock_close_recursive
 .text.__retarget_lock_acquire_recursive
                0x0000000000006b88        0x4 /usr/local/mcuxpressoide-10.2.0_759/ide/tools/bin/../lib/gcc/arm-none-eabi/7.2.1/../../../../arm-none-eabi/lib/thumb/v7-m/libc.a(lib_a-lock.o)
                0x0000000000006b88                __retarget_lock_acquire_recursive
 .text.__retarget_lock_release_recursive
                0x0000000000006b8c        0x4 /usr/local/mcuxpressoide-10.2.0_759/ide/tools/bin/../lib/gcc/arm-none-eabi/7.2.1/../../../../arm-none-eabi/lib/thumb/v7-m/libc.a(lib_a-lock.o)
                0x0000000000006b8c                __retarget_lock_release_recursive
 .text.__swhatbuf_r
                0x0000000000006b90       0x5c /usr/local/mcuxpressoide-10.2.0_759/ide/tools/bin/../lib/gcc/arm-none-eabi/7.2.1/../../../../arm-none-eabi/lib/thumb/v7-m/libc.a(lib_a-makebuf.o)
                0x0000000000006b90                __swhatbuf_r
 .text.__smakebuf_r
                0x0000000000006bec       0x94 /usr/local/mcuxpressoide-10.2.0_759/ide/tools/bin/../lib/gcc/arm-none-eabi/7.2.1/../../../../arm-none-eabi/lib/thumb/v7-m/libc.a(lib_a-makebuf.o)
                0x0000000000006bec                __smakebuf_r
 .text.memchr   0x0000000000006c80       0x8c /usr/local/mcuxpressoide-10.2.0_759/ide/tools/bin/../lib/gcc/arm-none-eabi/7.2.1/../../../../arm-none-eabi/lib/thumb/v7-m/libc.a(lib_a-memchr-stub.o)
                0x0000000000006c80                memchr
 .text._Balloc  0x0000000000006d0c       0x4c /usr/local/mcuxpressoide-10.2.0_759/ide/tools/bin/../lib/gcc/arm-none-eabi/7.2.1/../../../../arm-none-eabi/lib/thumb/v7-m/libc.a(lib_a-mprec.o)
                0x0000000000006d0c                _Balloc
 .text._Bfree   0x0000000000006d58       0x14 /usr/local/mcuxpressoide-10.2.0_759/ide/tools/bin/../lib/gcc/arm-none-eabi/7.2.1/../../../../arm-none-eabi/lib/thumb/v7-m/libc.a(lib_a-mprec.o)
                0x0000000000006d58                _Bfree
 .text.__multadd
                0x0000000000006d6c       0x84 /usr/local/mcuxpressoide-10.2.0_759/ide/tools/bin/../lib/gcc/arm-none-eabi/7.2.1/../../../../arm-none-eabi/lib/thumb/v7-m/libc.a(lib_a-mprec.o)
                0x0000000000006d6c                __multadd
 .text.__hi0bits
                0x0000000000006df0       0x40 /usr/local/mcuxpressoide-10.2.0_759/ide/tools/bin/../lib/gcc/arm-none-eabi/7.2.1/../../../../arm-none-eabi/lib/thumb/v7-m/libc.a(lib_a-mprec.o)
                0x0000000000006df0                __hi0bits
 .text.__lo0bits
                0x0000000000006e30       0x60 /usr/local/mcuxpressoide-10.2.0_759/ide/tools/bin/../lib/gcc/arm-none-eabi/7.2.1/../../../../arm-none-eabi/lib/thumb/v7-m/libc.a(lib_a-mprec.o)
                0x0000000000006e30                __lo0bits
 .text.__i2b    0x0000000000006e90       0x14 /usr/local/mcuxpressoide-10.2.0_759/ide/tools/bin/../lib/gcc/arm-none-eabi/7.2.1/../../../../arm-none-eabi/lib/thumb/v7-m/libc.a(lib_a-mprec.o)
                0x0000000000006e90                __i2b
 .text.__multiply
                0x0000000000006ea4      0x14c /usr/local/mcuxpressoide-10.2.0_759/ide/tools/bin/../lib/gcc/arm-none-eabi/7.2.1/../../../../arm-none-eabi/lib/thumb/v7-m/libc.a(lib_a-mprec.o)
                0x0000000000006ea4                __multiply
 .text.__pow5mult
                0x0000000000006ff0       0xa0 /usr/local/mcuxpressoide-10.2.0_759/ide/tools/bin/../lib/gcc/arm-none-eabi/7.2.1/../../../../arm-none-eabi/lib/thumb/v7-m/libc.a(lib_a-mprec.o)
                0x0000000000006ff0                __pow5mult
 .text.__lshift
                0x0000000000007090       0xb4 /usr/local/mcuxpressoide-10.2.0_759/ide/tools/bin/../lib/gcc/arm-none-eabi/7.2.1/../../../../arm-none-eabi/lib/thumb/v7-m/libc.a(lib_a-mprec.o)
                0x0000000000007090                __lshift
 .text.__mcmp   0x0000000000007144       0x38 /usr/local/mcuxpressoide-10.2.0_759/ide/tools/bin/../lib/gcc/arm-none-eabi/7.2.1/../../../../arm-none-eabi/lib/thumb/v7-m/libc.a(lib_a-mprec.o)
                0x0000000000007144                __mcmp
 .text.__mdiff  0x000000000000717c      0x100 /usr/local/mcuxpressoide-10.2.0_759/ide/tools/bin/../lib/gcc/arm-none-eabi/7.2.1/../../../../arm-none-eabi/lib/thumb/v7-m/libc.a(lib_a-mprec.o)
                0x000000000000717c                __mdiff
 .text.__d2b    0x000000000000727c       0xb0 /usr/local/mcuxpressoide-10.2.0_759/ide/tools/bin/../lib/gcc/arm-none-eabi/7.2.1/../../../../arm-none-eabi/lib/thumb/v7-m/libc.a(lib_a-mprec.o)
                0x000000000000727c                __d2b
 .text.__sread  0x000000000000732c       0x24 /usr/local/mcuxpressoide-10.2.0_759/ide/tools/bin/../lib/gcc/arm-none-eabi/7.2.1/../../../../arm-none-eabi/lib/thumb/v7-m/libc.a(lib_a-stdio.o)
                0x000000000000732c                __sread
 .text.__swrite
                0x0000000000007350       0x3c /usr/local/mcuxpressoide-10.2.0_759/ide/tools/bin/../lib/gcc/arm-none-eabi/7.2.1/../../../../arm-none-eabi/lib/thumb/v7-m/libc.a(lib_a-stdio.o)
                0x0000000000007350                __swrite
 .text.__sseek  0x000000000000738c       0x20 /usr/local/mcuxpressoide-10.2.0_759/ide/tools/bin/../lib/gcc/arm-none-eabi/7.2.1/../../../../arm-none-eabi/lib/thumb/v7-m/libc.a(lib_a-stdio.o)
                0x000000000000738c                __sseek
 .text.__sclose
                0x00000000000073ac        0x8 /usr/local/mcuxpressoide-10.2.0_759/ide/tools/bin/../lib/gcc/arm-none-eabi/7.2.1/../../../../arm-none-eabi/lib/thumb/v7-m/libc.a(lib_a-stdio.o)
                0x00000000000073ac                __sclose
 .text.strlen   0x00000000000073b4       0x5c /usr/local/mcuxpressoide-10.2.0_759/ide/tools/bin/../lib/gcc/arm-none-eabi/7.2.1/../../../../arm-none-eabi/lib/thumb/v7-m/libc.a(lib_a-strlen-stub.o)
                0x00000000000073b4                strlen
 .text.__sprint_r.part.0
                0x0000000000007410       0x78 /usr/local/mcuxpressoide-10.2.0_759/ide/tools/bin/../lib/gcc/arm-none-eabi/7.2.1/../../../../arm-none-eabi/lib/thumb/v7-m/libc.a(lib_a-vfiprintf.o)
 .text.__sprint_r
                0x0000000000007488       0x14 /usr/local/mcuxpressoide-10.2.0_759/ide/tools/bin/../lib/gcc/arm-none-eabi/7.2.1/../../../../arm-none-eabi/lib/thumb/v7-m/libc.a(lib_a-vfiprintf.o)
                0x0000000000007488                __sprint_r
 .text._write_r
                0x000000000000749c       0x2c /usr/local/mcuxpressoide-10.2.0_759/ide/tools/bin/../lib/gcc/arm-none-eabi/7.2.1/../../../../arm-none-eabi/lib/thumb/v7-m/libc.a(lib_a-writer.o)
                0x000000000000749c                _write_r
 .text._calloc_r
                0x00000000000074c8       0x6c /usr/local/mcuxpressoide-10.2.0_759/ide/tools/bin/../lib/gcc/arm-none-eabi/7.2.1/../../../../arm-none-eabi/lib/thumb/v7-m/libc.a(lib_a-callocr.o)
                0x00000000000074c8                _calloc_r
 .text._close_r
                0x0000000000007534       0x24 /usr/local/mcuxpressoide-10.2.0_759/ide/tools/bin/../lib/gcc/arm-none-eabi/7.2.1/../../../../arm-none-eabi/lib/thumb/v7-m/libc.a(lib_a-closer.o)
                0x0000000000007534                _close_r
 .text._fclose_r
                0x0000000000007558       0xd0 /usr/local/mcuxpressoide-10.2.0_759/ide/tools/bin/../lib/gcc/arm-none-eabi/7.2.1/../../../../arm-none-eabi/lib/thumb/v7-m/libc.a(lib_a-fclose.o)
                0x0000000000007558                _fclose_r
 .text.__fputwc
                0x0000000000007628       0x94 /usr/local/mcuxpressoide-10.2.0_759/ide/tools/bin/../lib/gcc/arm-none-eabi/7.2.1/../../../../arm-none-eabi/lib/thumb/v7-m/libc.a(lib_a-fputwc.o)
                0x0000000000007628                __fputwc
 .text._fputwc_r
                0x00000000000076bc       0x64 /usr/local/mcuxpressoide-10.2.0_759/ide/tools/bin/../lib/gcc/arm-none-eabi/7.2.1/../../../../arm-none-eabi/lib/thumb/v7-m/libc.a(lib_a-fputwc.o)
                0x00000000000076bc                _fputwc_r
 .text._fstat_r
                0x0000000000007720       0x28 /usr/local/mcuxpressoide-10.2.0_759/ide/tools/bin/../lib/gcc/arm-none-eabi/7.2.1/../../../../arm-none-eabi/lib/thumb/v7-m/libc.a(lib_a-fstatr.o)
                0x0000000000007720                _fstat_r
 .text.__sfvwrite_r
                0x0000000000007748      0x2f4 /usr/local/mcuxpressoide-10.2.0_759/ide/tools/bin/../lib/gcc/arm-none-eabi/7.2.1/../../../../arm-none-eabi/lib/thumb/v7-m/libc.a(lib_a-fvwrite.o)
                0x0000000000007748                __sfvwrite_r
 .text._isatty_r
                0x0000000000007a3c       0x24 /usr/local/mcuxpressoide-10.2.0_759/ide/tools/bin/../lib/gcc/arm-none-eabi/7.2.1/../../../../arm-none-eabi/lib/thumb/v7-m/libc.a(lib_a-isattyr.o)
                0x0000000000007a3c                _isatty_r
 .text.__locale_mb_cur_max
                0x0000000000007a60       0x1c /usr/local/mcuxpressoide-10.2.0_759/ide/tools/bin/../lib/gcc/arm-none-eabi/7.2.1/../../../../arm-none-eabi/lib/thumb/v7-m/libc.a(lib_a-locale.o)
                0x0000000000007a60                __locale_mb_cur_max
 .text._lseek_r
                0x0000000000007a7c       0x2c /usr/local/mcuxpressoide-10.2.0_759/ide/tools/bin/../lib/gcc/arm-none-eabi/7.2.1/../../../../arm-none-eabi/lib/thumb/v7-m/libc.a(lib_a-lseekr.o)
                0x0000000000007a7c                _lseek_r
 .text.__ascii_mbtowc
                0x0000000000007aa8       0x2c /usr/local/mcuxpressoide-10.2.0_759/ide/tools/bin/../lib/gcc/arm-none-eabi/7.2.1/../../../../arm-none-eabi/lib/thumb/v7-m/libc.a(lib_a-mbtowc_r.o)
                0x0000000000007aa8                __ascii_mbtowc
 .text.memmove  0x0000000000007ad4       0xc4 /usr/local/mcuxpressoide-10.2.0_759/ide/tools/bin/../lib/gcc/arm-none-eabi/7.2.1/../../../../arm-none-eabi/lib/thumb/v7-m/libc.a(lib_a-memmove.o)
                0x0000000000007ad4                memmove
 .text._read_r  0x0000000000007b98       0x2c /usr/local/mcuxpressoide-10.2.0_759/ide/tools/bin/../lib/gcc/arm-none-eabi/7.2.1/../../../../arm-none-eabi/lib/thumb/v7-m/libc.a(lib_a-readr.o)
                0x0000000000007b98                _read_r
 .text._realloc_r
                0x0000000000007bc4      0x374 /usr/local/mcuxpressoide-10.2.0_759/ide/tools/bin/../lib/gcc/arm-none-eabi/7.2.1/../../../../arm-none-eabi/lib/thumb/v7-m/libc.a(lib_a-reallocr.o)
                0x0000000000007bc4                _realloc_r
 .text.__swbuf_r
                0x0000000000007f38       0xb0 /usr/local/mcuxpressoide-10.2.0_759/ide/tools/bin/../lib/gcc/arm-none-eabi/7.2.1/../../../../arm-none-eabi/lib/thumb/v7-m/libc.a(lib_a-wbuf.o)
                0x0000000000007f38                __swbuf_r
 .text._wcrtomb_r
                0x0000000000007fe8       0x54 /usr/local/mcuxpressoide-10.2.0_759/ide/tools/bin/../lib/gcc/arm-none-eabi/7.2.1/../../../../arm-none-eabi/lib/thumb/v7-m/libc.a(lib_a-wcrtomb.o)
                0x0000000000007fe8                _wcrtomb_r
 .text.__ascii_wctomb
                0x000000000000803c       0x18 /usr/local/mcuxpressoide-10.2.0_759/ide/tools/bin/../lib/gcc/arm-none-eabi/7.2.1/../../../../arm-none-eabi/lib/thumb/v7-m/libc.a(lib_a-wctomb_r.o)
                0x000000000000803c                __ascii_wctomb
 .text._ZdlPvj  0x0000000000008054        0x4 /usr/local/mcuxpressoide-10.2.0_759/ide/tools/bin/../lib/gcc/arm-none-eabi/7.2.1/../../../../arm-none-eabi/lib/thumb/v7-m/libstdc++.a(del_ops.o)
                0x0000000000008054                operator delete(void*, unsigned int)
 .text._sbrk    0x0000000000008058       0x3c /usr/local/mcuxpressoide-10.2.0_759/ide/tools/bin/../lib/gcc/arm-none-eabi/7.2.1/../../../../arm-none-eabi/lib/thumb/v7-m/libcr_newlib_nohost.a(_cr_sbrk.o)
                0x0000000000008058                _sbrk
 .text._close   0x0000000000008094       0x10 /usr/local/mcuxpressoide-10.2.0_759/ide/tools/bin/../lib/gcc/arm-none-eabi/7.2.1/../../../../arm-none-eabi/lib/thumb/v7-m/libcr_newlib_nohost.a(close.o)
                0x0000000000008094                _close
 .text._fstat   0x00000000000080a4       0x10 /usr/local/mcuxpressoide-10.2.0_759/ide/tools/bin/../lib/gcc/arm-none-eabi/7.2.1/../../../../arm-none-eabi/lib/thumb/v7-m/libcr_newlib_nohost.a(fstat.o)
                0x00000000000080a4                _fstat
 .text._isatty  0x00000000000080b4       0x10 /usr/local/mcuxpressoide-10.2.0_759/ide/tools/bin/../lib/gcc/arm-none-eabi/7.2.1/../../../../arm-none-eabi/lib/thumb/v7-m/libcr_newlib_nohost.a(isatty.o)
                0x00000000000080b4                _isatty
 .text._lseek   0x00000000000080c4       0x10 /usr/local/mcuxpressoide-10.2.0_759/ide/tools/bin/../lib/gcc/arm-none-eabi/7.2.1/../../../../arm-none-eabi/lib/thumb/v7-m/libcr_newlib_nohost.a(lseek.o)
                0x00000000000080c4                _lseek
 .text._read    0x00000000000080d4       0x10 /usr/local/mcuxpressoide-10.2.0_759/ide/tools/bin/../lib/gcc/arm-none-eabi/7.2.1/../../../../arm-none-eabi/lib/thumb/v7-m/libcr_newlib_nohost.a(read.o)
                0x00000000000080d4                _read
 .text._write   0x00000000000080e4       0x10 /usr/local/mcuxpressoide-10.2.0_759/ide/tools/bin/../lib/gcc/arm-none-eabi/7.2.1/../../../../arm-none-eabi/lib/thumb/v7-m/libcr_newlib_nohost.a(write.o)
                0x00000000000080e4                _write
 .text.__check_heap_overflow
                0x00000000000080f4       0x18 /usr/local/mcuxpressoide-10.2.0_759/ide/tools/bin/../lib/gcc/arm-none-eabi/7.2.1/../../../../arm-none-eabi/lib/thumb/v7-m/libcr_newlib_nohost.a(_cr_check_heap.o)
                0x00000000000080f4                __check_heap_overflow
 .text          0x000000000000810c       0x40 /usr/local/mcuxpressoide-10.2.0_759/ide/tools/bin/../lib/gcc/arm-none-eabi/7.2.1/thumb/v7-m/crtbegin.o
 .text          0x000000000000814c      0x378 /usr/local/mcuxpressoide-10.2.0_759/ide/tools/bin/../lib/gcc/arm-none-eabi/7.2.1/thumb/v7-m/libgcc.a(_arm_addsubdf3.o)
                0x000000000000814c                __aeabi_drsub
                0x0000000000008154                __aeabi_dsub
                0x0000000000008154                __subdf3
                0x0000000000008158                __adddf3
                0x0000000000008158                __aeabi_dadd
                0x00000000000083d0                __aeabi_ui2d
                0x00000000000083d0                __floatunsidf
                0x00000000000083f0                __floatsidf
                0x00000000000083f0                __aeabi_i2d
                0x0000000000008414                __extendsfdf2
                0x0000000000008414                __aeabi_f2d
                0x0000000000008458                __aeabi_ul2d
                0x0000000000008458                __floatundidf
                0x0000000000008468                __floatdidf
                0x0000000000008468                __aeabi_l2d
 .text          0x00000000000084c4      0x424 /usr/local/mcuxpressoide-10.2.0_759/ide/tools/bin/../lib/gcc/arm-none-eabi/7.2.1/thumb/v7-m/libgcc.a(_arm_muldivdf3.o)
                0x00000000000084c4                __aeabi_dmul
                0x00000000000084c4                __muldf3
                0x0000000000008718                __aeabi_ddiv
                0x0000000000008718                __divdf3
 .text          0x00000000000088e8      0x110 /usr/local/mcuxpressoide-10.2.0_759/ide/tools/bin/../lib/gcc/arm-none-eabi/7.2.1/thumb/v7-m/libgcc.a(_arm_cmpdf2.o)
                0x00000000000088e8                __gtdf2
                0x00000000000088e8                __gedf2
                0x00000000000088f0                __ltdf2
                0x00000000000088f0                __ledf2
                0x00000000000088f8                __cmpdf2
                0x00000000000088f8                __eqdf2
                0x00000000000088f8                __nedf2
                0x0000000000008974                __aeabi_cdrcmple
                0x0000000000008984                __aeabi_cdcmple
                0x0000000000008984                __aeabi_cdcmpeq
                0x0000000000008994                __aeabi_dcmpeq
                0x00000000000089a8                __aeabi_dcmplt
                0x00000000000089bc                __aeabi_dcmple
                0x00000000000089d0                __aeabi_dcmpge
                0x00000000000089e4                __aeabi_dcmpgt
 .text          0x00000000000089f8       0x2c /usr/local/mcuxpressoide-10.2.0_759/ide/tools/bin/../lib/gcc/arm-none-eabi/7.2.1/thumb/v7-m/libgcc.a(_arm_unorddf2.o)
                0x00000000000089f8                __aeabi_dcmpun
                0x00000000000089f8                __unorddf2
 .text          0x0000000000008a24       0x50 /usr/local/mcuxpressoide-10.2.0_759/ide/tools/bin/../lib/gcc/arm-none-eabi/7.2.1/thumb/v7-m/libgcc.a(_arm_fixdfsi.o)
                0x0000000000008a24                __fixdfsi
                0x0000000000008a24                __aeabi_d2iz
 .text.__errno  0x0000000000008a74        0xc /usr/local/mcuxpressoide-10.2.0_759/ide/tools/bin/../lib/gcc/arm-none-eabi/7.2.1/../../../../arm-none-eabi/lib/thumb/v7-m/libc.a(lib_a-errno.o)
                0x0000000000008a74                __errno
 *(.rodata .rodata.* .constdata .constdata.*)
 .rodata        0x0000000000008a80       0x3a ./src/Tarak0.o
 *fill*         0x0000000000008aba        0x2 ff
 .rodata._ZTV9spi_class
                0x0000000000008abc       0x10 ./src/spiclass.o
                0x0000000000008abc                vtable for spi_class
 .rodata        0x0000000000008acc        0x5 ./freeRTOS/src/tasks.o
 *fill*         0x0000000000008ad1        0x3 ff
 .rodata.OscRateIn
                0x0000000000008ad4        0x4 /home/tarak/Documents/MCUXpresso_10.2.0_759/workspace/lpc_board_nxp_lpcxpresso_1769/Debug/liblpc_board_nxp_lpcxpresso_1769.a(board.o)
                0x0000000000008ad4                OscRateIn
 .rodata.RTCOscRateIn
                0x0000000000008ad8        0x4 /home/tarak/Documents/MCUXpresso_10.2.0_759/workspace/lpc_board_nxp_lpcxpresso_1769/Debug/liblpc_board_nxp_lpcxpresso_1769.a(board.o)
                0x0000000000008ad8                RTCOscRateIn
 .rodata.pinmuxing
                0x0000000000008adc       0x5c /home/tarak/Documents/MCUXpresso_10.2.0_759/workspace/lpc_board_nxp_lpcxpresso_1769/Debug/liblpc_board_nxp_lpcxpresso_1769.a(board_sysinit.o)
 .rodata._vfprintf_r.str1.4
                0x0000000000008b38       0x42 /usr/local/mcuxpressoide-10.2.0_759/ide/tools/bin/../lib/gcc/arm-none-eabi/7.2.1/../../../../arm-none-eabi/lib/thumb/v7-m/libc.a(lib_a-vfprintf.o)
 *fill*         0x0000000000008b7a        0x2 ff
 .rodata.blanks.7291
                0x0000000000008b7c       0x10 /usr/local/mcuxpressoide-10.2.0_759/ide/tools/bin/../lib/gcc/arm-none-eabi/7.2.1/../../../../arm-none-eabi/lib/thumb/v7-m/libc.a(lib_a-vfprintf.o)
 .rodata.zeroes.7292
                0x0000000000008b8c       0x10 /usr/local/mcuxpressoide-10.2.0_759/ide/tools/bin/../lib/gcc/arm-none-eabi/7.2.1/../../../../arm-none-eabi/lib/thumb/v7-m/libc.a(lib_a-vfprintf.o)
 .rodata._dtoa_r.str1.4
                0x0000000000008b9c       0x10 /usr/local/mcuxpressoide-10.2.0_759/ide/tools/bin/../lib/gcc/arm-none-eabi/7.2.1/../../../../arm-none-eabi/lib/thumb/v7-m/libc.a(lib_a-dtoa.o)
                                         0x12 (size before relaxing)
 *fill*         0x0000000000008bac        0x4 ff
 .rodata.__mprec_bigtens
                0x0000000000008bb0       0x28 /usr/local/mcuxpressoide-10.2.0_759/ide/tools/bin/../lib/gcc/arm-none-eabi/7.2.1/../../../../arm-none-eabi/lib/thumb/v7-m/libc.a(lib_a-mprec.o)
                0x0000000000008bb0                __mprec_bigtens
 .rodata.__mprec_tens
                0x0000000000008bd8       0xc8 /usr/local/mcuxpressoide-10.2.0_759/ide/tools/bin/../lib/gcc/arm-none-eabi/7.2.1/../../../../arm-none-eabi/lib/thumb/v7-m/libc.a(lib_a-mprec.o)
                0x0000000000008bd8                __mprec_tens
 .rodata.p05.6092
                0x0000000000008ca0        0xc /usr/local/mcuxpressoide-10.2.0_759/ide/tools/bin/../lib/gcc/arm-none-eabi/7.2.1/../../../../arm-none-eabi/lib/thumb/v7-m/libc.a(lib_a-mprec.o)
 .rodata._setlocale_r.str1.4
                0x0000000000008cac        0xa /usr/local/mcuxpressoide-10.2.0_759/ide/tools/bin/../lib/gcc/arm-none-eabi/7.2.1/../../../../arm-none-eabi/lib/thumb/v7-m/libc.a(lib_a-locale.o)
                                          0xd (size before relaxing)
 *fill*         0x0000000000008cb6        0x2 ff
 .rodata.str1.4
                0x0000000000008cb8        0x4 /usr/local/mcuxpressoide-10.2.0_759/ide/tools/bin/../lib/gcc/arm-none-eabi/7.2.1/../../../../arm-none-eabi/lib/thumb/v7-m/libc.a(lib_a-locale.o)
                                          0x2 (size before relaxing)
 .rodata._ctype_
                0x0000000000008cbc      0x101 /usr/local/mcuxpressoide-10.2.0_759/ide/tools/bin/../lib/gcc/arm-none-eabi/7.2.1/../../../../arm-none-eabi/lib/thumb/v7-m/libc.a(lib_a-ctype_.o)
                0x0000000000008cbc                _ctype_
                0x0000000000008dc0                . = ALIGN (0x4)
 *fill*         0x0000000000008dbd        0x3 ff
                0x0000000000008dc0                . = ALIGN (0x4)
 *(.init)
 .init          0x0000000000008dc0        0x4 /usr/local/mcuxpressoide-10.2.0_759/ide/tools/bin/../lib/gcc/arm-none-eabi/7.2.1/thumb/v7-m/crti.o
                0x0000000000008dc0                _init
 .init          0x0000000000008dc4        0x8 /usr/local/mcuxpressoide-10.2.0_759/ide/tools/bin/../lib/gcc/arm-none-eabi/7.2.1/thumb/v7-m/crtn.o
                0x0000000000008dcc                . = ALIGN (0x4)
                0x0000000000008dcc                __preinit_array_start = .
 *(.preinit_array)
                0x0000000000008dcc                __preinit_array_end = .
                0x0000000000008dcc                . = ALIGN (0x4)
                0x0000000000008dcc                __init_array_start = .
 *(SORT_BY_NAME(.init_array.*))
 *(.init_array)
 .init_array    0x0000000000008dcc        0x4 /usr/local/mcuxpressoide-10.2.0_759/ide/tools/bin/../lib/gcc/arm-none-eabi/7.2.1/thumb/v7-m/crtbegin.o
                0x0000000000008dd0                __init_array_end = .
 *(.fini)
 .fini          0x0000000000008dd0        0x4 /usr/local/mcuxpressoide-10.2.0_759/ide/tools/bin/../lib/gcc/arm-none-eabi/7.2.1/thumb/v7-m/crti.o
                0x0000000000008dd0                _fini
 .fini          0x0000000000008dd4        0x8 /usr/local/mcuxpressoide-10.2.0_759/ide/tools/bin/../lib/gcc/arm-none-eabi/7.2.1/thumb/v7-m/crtn.o
                0x0000000000008ddc                . = ALIGN (0x4)
 *crtbegin.o(.ctors)
 *(EXCLUDE_FILE(*crtend.o) .ctors)
 *(SORT_BY_NAME(.ctors.*))
 *crtend.o(.ctors)
                0x0000000000008ddc                . = ALIGN (0x4)
 *crtbegin.o(.dtors)
 *(EXCLUDE_FILE(*crtend.o) .dtors)
 *(SORT_BY_NAME(.dtors.*))
 *crtend.o(.dtors)
                0x0000000000008ddc                . = ALIGN (0x4)

.glue_7         0x0000000000008ddc        0x0
 .glue_7        0x0000000000008ddc        0x0 linker stubs

.glue_7t        0x0000000000008ddc        0x0
 .glue_7t       0x0000000000008ddc        0x0 linker stubs

.vfp11_veneer   0x0000000000008ddc        0x0
 .vfp11_veneer  0x0000000000008ddc        0x0 linker stubs

.v4_bx          0x0000000000008ddc        0x0
 .v4_bx         0x0000000000008ddc        0x0 linker stubs

.iplt           0x0000000000008ddc        0x0
 .iplt          0x0000000000008ddc        0x0 ./src/Tarak0.o

.ARM.extab
 *(.ARM.extab* .gnu.linkonce.armextab.*)
                0x0000000000008ddc                __exidx_start = .

.ARM.exidx      0x0000000000008ddc        0x8
 *(.ARM.exidx* .gnu.linkonce.armexidx.*)
 .ARM.exidx     0x0000000000008ddc        0x8 /usr/local/mcuxpressoide-10.2.0_759/ide/tools/bin/../lib/gcc/arm-none-eabi/7.2.1/thumb/v7-m/libgcc.a(_udivmoddi4.o)
 .ARM.exidx.text._ZdlPvj
                0x0000000000008de4        0x0 /usr/local/mcuxpressoide-10.2.0_759/ide/tools/bin/../lib/gcc/arm-none-eabi/7.2.1/../../../../arm-none-eabi/lib/thumb/v7-m/libstdc++.a(del_ops.o)
                                          0x8 (size before relaxing)
                0x0000000000008de4                __exidx_end = .
                0x0000000000008de4                _etext = .

.rel.dyn        0x0000000000008de4        0x0
 .rel.iplt      0x0000000000008de4        0x0 ./src/Tarak0.o

.eh_frame       0x0000000000008de4        0x0
 .eh_frame      0x0000000000008de4        0x0 /usr/local/mcuxpressoide-10.2.0_759/ide/tools/bin/../lib/gcc/arm-none-eabi/7.2.1/thumb/v7-m/crtbegin.o

.data_RAM2      0x000000002007c000        0x0 load address 0x0000000000008de4
 FILL mask 0xff
                [!provide]                        PROVIDE (__start_data_RAM2, .)
 *(.ramfunc.$RAM2)
 *(.ramfunc.$RamAHB32)
 *(.data.$RAM2*)
 *(.data.$RamAHB32*)
                0x000000002007c000                . = ALIGN (0x4)
                [!provide]                        PROVIDE (__end_data_RAM2, .)

.uninit_RESERVED
                0x0000000010000000        0x0
 *(.bss.$RESERVED*)
                0x0000000010000000                . = ALIGN (0x4)
                0x0000000010000000                _end_uninit_RESERVED = .

.data           0x0000000010000000      0x9b4 load address 0x0000000000008de4
 FILL mask 0xff
                0x0000000010000000                _data = .
 *(vtable)
 *(.ramfunc*)
 *(.data*)
 .data.output   0x0000000010000000        0x1 ./src/Tarak0.o
                0x0000000010000000                output
 .data.set      0x0000000010000001        0x1 ./src/gpiopin.o
                0x0000000010000001                set
 *fill*         0x0000000010000002        0x2 ff
 .data.uxCriticalNesting
                0x0000000010000004        0x4 ./freeRTOS/src/port.o
 .data.xNextTaskUnblockTime
                0x0000000010000008        0x4 ./freeRTOS/src/tasks.o
 .data.__malloc_av_
                0x000000001000000c      0x408 /usr/local/mcuxpressoide-10.2.0_759/ide/tools/bin/../lib/gcc/arm-none-eabi/7.2.1/../../../../arm-none-eabi/lib/thumb/v7-m/libc.a(lib_a-mallocr.o)
                0x000000001000000c                __malloc_av_
 .data.__malloc_sbrk_base
                0x0000000010000414        0x4 /usr/local/mcuxpressoide-10.2.0_759/ide/tools/bin/../lib/gcc/arm-none-eabi/7.2.1/../../../../arm-none-eabi/lib/thumb/v7-m/libc.a(lib_a-mallocr.o)
                0x0000000010000414                __malloc_sbrk_base
 .data.__malloc_trim_threshold
                0x0000000010000418        0x4 /usr/local/mcuxpressoide-10.2.0_759/ide/tools/bin/../lib/gcc/arm-none-eabi/7.2.1/../../../../arm-none-eabi/lib/thumb/v7-m/libc.a(lib_a-mallocr.o)
                0x0000000010000418                __malloc_trim_threshold
 .data._impure_ptr
                0x000000001000041c        0x4 /usr/local/mcuxpressoide-10.2.0_759/ide/tools/bin/../lib/gcc/arm-none-eabi/7.2.1/../../../../arm-none-eabi/lib/thumb/v7-m/libc.a(lib_a-impure.o)
                0x000000001000041c                _impure_ptr
 .data.impure_data
                0x0000000010000420      0x428 /usr/local/mcuxpressoide-10.2.0_759/ide/tools/bin/../lib/gcc/arm-none-eabi/7.2.1/../../../../arm-none-eabi/lib/thumb/v7-m/libc.a(lib_a-impure.o)
 .data.__global_locale
                0x0000000010000848      0x16c /usr/local/mcuxpressoide-10.2.0_759/ide/tools/bin/../lib/gcc/arm-none-eabi/7.2.1/../../../../arm-none-eabi/lib/thumb/v7-m/libc.a(lib_a-locale.o)
                0x0000000010000848                __global_locale
                0x00000000100009b4                . = ALIGN (0x4)
                0x00000000100009b4                _edata = .

.igot.plt       0x00000000100009b4        0x0 load address 0x0000000000009798
 .igot.plt      0x00000000100009b4        0x0 ./src/Tarak0.o

.bss_RAM2       0x000000002007c000        0x0
                [!provide]                        PROVIDE (__start_bss_RAM2, .)
 *(.bss.$RAM2*)
 *(.bss.$RamAHB32*)
                0x000000002007c000                . = ALIGN ((. != 0x0)?0x4:0x1)
                [!provide]                        PROVIDE (__end_bss_RAM2, .)

.bss            0x00000000100009b4      0x2dc
                0x00000000100009b4                _bss = .
 *(.bss*)
 .bss._ZL4list  0x00000000100009b4       0x24 ./src/Tarak0.o
 .bss.input     0x00000000100009d8        0x1 ./src/Tarak0.o
                0x00000000100009d8                input
 *fill*         0x00000000100009d9        0x3 
 .bss.mu        0x00000000100009dc        0x4 ./src/Tarak0.o
                0x00000000100009dc                mu
 .bss.mu1       0x00000000100009e0        0x4 ./src/Tarak0.o
                0x00000000100009e0                mu1
 .bss.muf       0x00000000100009e4        0x4 ./src/Tarak0.o
                0x00000000100009e4                muf
 .bss.the_signal
                0x00000000100009e8        0x4 ./src/Tarak0.o
                0x00000000100009e8                the_signal
 .bss.the_signal2
                0x00000000100009ec        0x4 ./src/Tarak0.o
                0x00000000100009ec                the_signal2
 .bss.queue_handle
                0x00000000100009f0        0x4 ./src/Tarak0.o
                0x00000000100009f0                queue_handle
 .bss.clear     0x00000000100009f4        0x1 ./src/gpiopin.o
                0x00000000100009f4                clear
 *fill*         0x00000000100009f5        0x3 
 .bss._ZL11list_number
                0x00000000100009f8        0x4 ./src/spi.o
 .bss.ulTimerCountsForOneTick
                0x00000000100009fc        0x4 ./freeRTOS/src/port.o
 .bss.xMaximumPossibleSuppressedTicks
                0x0000000010000a00        0x4 ./freeRTOS/src/port.o
 .bss.ulStoppedTimerCompensation
                0x0000000010000a04        0x4 ./freeRTOS/src/port.o
 .bss.pxCurrentTCB
                0x0000000010000a08        0x4 ./freeRTOS/src/tasks.o
                0x0000000010000a08                pxCurrentTCB
 .bss.pxReadyTasksLists
                0x0000000010000a0c      0x120 ./freeRTOS/src/tasks.o
 .bss.xDelayedTaskList1
                0x0000000010000b2c       0x24 ./freeRTOS/src/tasks.o
 .bss.xDelayedTaskList2
                0x0000000010000b50       0x24 ./freeRTOS/src/tasks.o
 .bss.pxDelayedTaskList
                0x0000000010000b74        0x4 ./freeRTOS/src/tasks.o
 .bss.pxOverflowDelayedTaskList
                0x0000000010000b78        0x4 ./freeRTOS/src/tasks.o
 .bss.xPendingReadyList
                0x0000000010000b7c       0x24 ./freeRTOS/src/tasks.o
 .bss.xTasksWaitingTermination
                0x0000000010000ba0       0x24 ./freeRTOS/src/tasks.o
 .bss.uxTasksDeleted
                0x0000000010000bc4        0x4 ./freeRTOS/src/tasks.o
 .bss.xSuspendedTaskList
                0x0000000010000bc8       0x24 ./freeRTOS/src/tasks.o
 .bss.uxCurrentNumberOfTasks
                0x0000000010000bec        0x4 ./freeRTOS/src/tasks.o
 .bss.xTickCount
                0x0000000010000bf0        0x4 ./freeRTOS/src/tasks.o
 .bss.uxTopReadyPriority
                0x0000000010000bf4        0x4 ./freeRTOS/src/tasks.o
 .bss.xSchedulerRunning
                0x0000000010000bf8        0x4 ./freeRTOS/src/tasks.o
 .bss.uxSchedulerSuspended
                0x0000000010000bfc        0x4 ./freeRTOS/src/tasks.o
 .bss.uxPendedTicks
                0x0000000010000c00        0x4 ./freeRTOS/src/tasks.o
 .bss.xYieldPending
                0x0000000010000c04        0x4 ./freeRTOS/src/tasks.o
 .bss.xNumOfOverflows
                0x0000000010000c08        0x4 ./freeRTOS/src/tasks.o
 .bss.uxTaskNumber
                0x0000000010000c0c        0x4 ./freeRTOS/src/tasks.o
 .bss.__malloc_current_mallinfo
                0x0000000010000c10       0x28 /usr/local/mcuxpressoide-10.2.0_759/ide/tools/bin/../lib/gcc/arm-none-eabi/7.2.1/../../../../arm-none-eabi/lib/thumb/v7-m/libc.a(lib_a-mallocr.o)
                0x0000000010000c10                __malloc_current_mallinfo
 .bss.__malloc_max_sbrked_mem
                0x0000000010000c38        0x4 /usr/local/mcuxpressoide-10.2.0_759/ide/tools/bin/../lib/gcc/arm-none-eabi/7.2.1/../../../../arm-none-eabi/lib/thumb/v7-m/libc.a(lib_a-mallocr.o)
                0x0000000010000c38                __malloc_max_sbrked_mem
 .bss.__malloc_max_total_mem
                0x0000000010000c3c        0x4 /usr/local/mcuxpressoide-10.2.0_759/ide/tools/bin/../lib/gcc/arm-none-eabi/7.2.1/../../../../arm-none-eabi/lib/thumb/v7-m/libc.a(lib_a-mallocr.o)
                0x0000000010000c3c                __malloc_max_total_mem
 .bss.__malloc_top_pad
                0x0000000010000c40        0x4 /usr/local/mcuxpressoide-10.2.0_759/ide/tools/bin/../lib/gcc/arm-none-eabi/7.2.1/../../../../arm-none-eabi/lib/thumb/v7-m/libc.a(lib_a-mallocr.o)
                0x0000000010000c40                __malloc_top_pad
 .bss.__end_of_heap
                0x0000000010000c44        0x4 /usr/local/mcuxpressoide-10.2.0_759/ide/tools/bin/../lib/gcc/arm-none-eabi/7.2.1/../../../../arm-none-eabi/lib/thumb/v7-m/libcr_newlib_nohost.a(_cr_sbrk.o)
                0x0000000010000c44                __end_of_heap
 .bss           0x0000000010000c48       0x1c /usr/local/mcuxpressoide-10.2.0_759/ide/tools/bin/../lib/gcc/arm-none-eabi/7.2.1/thumb/v7-m/crtbegin.o
 *(COMMON)
 COMMON         0x0000000010000c64        0x4 /home/tarak/Documents/MCUXpresso_10.2.0_759/workspace/lpc_chip_175x_6x/Debug/liblpc_chip_175x_6x.a(chip_17xx_40xx.o)
                0x0000000010000c64                SystemCoreClock
 COMMON         0x0000000010000c68       0x21 /usr/local/mcuxpressoide-10.2.0_759/ide/tools/bin/../lib/gcc/arm-none-eabi/7.2.1/../../../../arm-none-eabi/lib/thumb/v7-m/libc.a(lib_a-lock.o)
                0x0000000010000c68                __lock___atexit_recursive_mutex
                0x0000000010000c6c                __lock___arc4random_mutex
                0x0000000010000c70                __lock___env_recursive_mutex
                0x0000000010000c74                __lock___sinit_recursive_mutex
                0x0000000010000c78                __lock___malloc_recursive_mutex
                0x0000000010000c7c                __lock___at_quick_exit_mutex
                0x0000000010000c80                __lock___dd_hash_mutex
                0x0000000010000c84                __lock___tz_mutex
                0x0000000010000c88                __lock___sfp_recursive_mutex
 *fill*         0x0000000010000c89        0x3 
 COMMON         0x0000000010000c8c        0x4 /usr/local/mcuxpressoide-10.2.0_759/ide/tools/bin/../lib/gcc/arm-none-eabi/7.2.1/../../../../arm-none-eabi/lib/thumb/v7-m/libc.a(lib_a-reent.o)
                0x0000000010000c8c                errno
                0x0000000010000c90                . = ALIGN (0x4)
                0x0000000010000c90                _ebss = .
                [!provide]                        PROVIDE (end, .)

.noinit_RAM2    0x000000002007c000        0x0
 *(.noinit.$RAM2*)
 *(.noinit.$RamAHB32*)
                0x000000002007c000                . = ALIGN (0x4)

.noinit         0x0000000010000c90        0x0
                0x0000000010000c90                _noinit = .
 *(.noinit*)
                0x0000000010000c90                . = ALIGN (0x4)
                0x0000000010000c90                _end_noinit = .
                0x0000000010000c90                PROVIDE (_pvHeapStart, DEFINED (__user_heap_base)?__user_heap_base:.)
                0x0000000010008000                PROVIDE (_vStackTop, DEFINED (__user_stack_top)?__user_stack_top:(__top_RamLoc32 - 0x0))
                0xffffffffefff74ca                PROVIDE (__valid_user_code_checksum, (0x0 - ((((((_vStackTop + (ResetISR + 0x1)) + (NMI_Handler + 0x1)) + (HardFault_Handler + 0x1)) + (DEFINED (MemManage_Handler)?MemManage_Handler:0x0 + 0x1)) + (DEFINED (BusFault_Handler)?BusFault_Handler:0x0 + 0x1)) + (DEFINED (UsageFault_Handler)?UsageFault_Handler:0x0 + 0x1))))
                0x0000000000000000                _image_start = LOADADDR (.text)
                0x0000000000009798                _image_end = (LOADADDR (.data) + SIZEOF (.data))
                0x0000000000009798                _image_size = (_image_end - _image_start)
OUTPUT(Tarak0.axf elf32-littlearm)

.debug_info     0x0000000000000000    0x156e2
 .debug_info    0x0000000000000000     0x1bdc ./src/Tarak0.o
 .debug_info    0x0000000000001bdc     0x10aa ./src/cr_cpp_config.o
 .debug_info    0x0000000000002c86      0x258 ./src/cr_startup_lpc175x_6x.o
 .debug_info    0x0000000000002ede       0x3f ./src/crp.o
 .debug_info    0x0000000000002f1d     0x168d ./src/gpiopin.o
 .debug_info    0x00000000000045aa     0x118c ./src/spi.o
 .debug_info    0x0000000000005736      0xfe6 ./src/spiclass.o
 .debug_info    0x000000000000671c      0x934 ./src/sysinit.o
 .debug_info    0x0000000000007050      0x9d2 ./freeRTOS/src/FreeRTOSCommonHooks.o
 .debug_info    0x0000000000007a22      0x96e ./freeRTOS/src/heap_3.o
 .debug_info    0x0000000000008390      0xafb ./freeRTOS/src/list.o
 .debug_info    0x0000000000008e8b      0xc01 ./freeRTOS/src/port.o
 .debug_info    0x0000000000009a8c     0x1404 ./freeRTOS/src/queue.o
 .debug_info    0x000000000000ae90     0x1a2b ./freeRTOS/src/tasks.o
 .debug_info    0x000000000000c8bb     0x150a /home/tarak/Documents/MCUXpresso_10.2.0_759/workspace/lpc_board_nxp_lpcxpresso_1769/Debug/liblpc_board_nxp_lpcxpresso_1769.a(board.o)
 .debug_info    0x000000000000ddc5      0x6c3 /home/tarak/Documents/MCUXpresso_10.2.0_759/workspace/lpc_board_nxp_lpcxpresso_1769/Debug/liblpc_board_nxp_lpcxpresso_1769.a(board_sysinit.o)
 .debug_info    0x000000000000e488      0x558 /home/tarak/Documents/MCUXpresso_10.2.0_759/workspace/lpc_chip_175x_6x/Debug/liblpc_chip_175x_6x.a(chip_17xx_40xx.o)
 .debug_info    0x000000000000e9e0      0xba2 /home/tarak/Documents/MCUXpresso_10.2.0_759/workspace/lpc_chip_175x_6x/Debug/liblpc_chip_175x_6x.a(clock_17xx_40xx.o)
 .debug_info    0x000000000000f582      0x31e /home/tarak/Documents/MCUXpresso_10.2.0_759/workspace/lpc_chip_175x_6x/Debug/liblpc_chip_175x_6x.a(iocon_17xx_40xx.o)
 .debug_info    0x000000000000f8a0      0x8e5 /home/tarak/Documents/MCUXpresso_10.2.0_759/workspace/lpc_chip_175x_6x/Debug/liblpc_chip_175x_6x.a(spi_17xx_40xx.o)
 .debug_info    0x0000000000010185      0x474 /home/tarak/Documents/MCUXpresso_10.2.0_759/workspace/lpc_chip_175x_6x/Debug/liblpc_chip_175x_6x.a(sysinit_17xx_40xx.o)
 .debug_info    0x00000000000105f9      0xf15 /home/tarak/Documents/MCUXpresso_10.2.0_759/workspace/lpc_chip_175x_6x/Debug/liblpc_chip_175x_6x.a(uart_17xx_40xx.o)
 .debug_info    0x000000000001150e      0x95f /usr/local/mcuxpressoide-10.2.0_759/ide/tools/bin/../lib/gcc/arm-none-eabi/7.2.1/../../../../arm-none-eabi/lib/thumb/v7-m/libcr_newlib_nohost.a(_cr_sbrk.o)
 .debug_info    0x0000000000011e6d      0x8f0 /usr/local/mcuxpressoide-10.2.0_759/ide/tools/bin/../lib/gcc/arm-none-eabi/7.2.1/../../../../arm-none-eabi/lib/thumb/v7-m/libcr_newlib_nohost.a(close.o)
 .debug_info    0x000000000001275d      0xb07 /usr/local/mcuxpressoide-10.2.0_759/ide/tools/bin/../lib/gcc/arm-none-eabi/7.2.1/../../../../arm-none-eabi/lib/thumb/v7-m/libcr_newlib_nohost.a(fstat.o)
 .debug_info    0x0000000000013264      0x8f0 /usr/local/mcuxpressoide-10.2.0_759/ide/tools/bin/../lib/gcc/arm-none-eabi/7.2.1/../../../../arm-none-eabi/lib/thumb/v7-m/libcr_newlib_nohost.a(isatty.o)
 .debug_info    0x0000000000013b54      0x90c /usr/local/mcuxpressoide-10.2.0_759/ide/tools/bin/../lib/gcc/arm-none-eabi/7.2.1/../../../../arm-none-eabi/lib/thumb/v7-m/libcr_newlib_nohost.a(lseek.o)
 .debug_info    0x0000000000014460      0x90c /usr/local/mcuxpressoide-10.2.0_759/ide/tools/bin/../lib/gcc/arm-none-eabi/7.2.1/../../../../arm-none-eabi/lib/thumb/v7-m/libcr_newlib_nohost.a(read.o)
 .debug_info    0x0000000000014d6c      0x90c /usr/local/mcuxpressoide-10.2.0_759/ide/tools/bin/../lib/gcc/arm-none-eabi/7.2.1/../../../../arm-none-eabi/lib/thumb/v7-m/libcr_newlib_nohost.a(write.o)
 .debug_info    0x0000000000015678       0x6a /usr/local/mcuxpressoide-10.2.0_759/ide/tools/bin/../lib/gcc/arm-none-eabi/7.2.1/../../../../arm-none-eabi/lib/thumb/v7-m/libcr_newlib_nohost.a(_cr_check_heap.o)

.debug_abbrev   0x0000000000000000     0x4211
 .debug_abbrev  0x0000000000000000      0x42e ./src/Tarak0.o
 .debug_abbrev  0x000000000000042e      0x33d ./src/cr_cpp_config.o
 .debug_abbrev  0x000000000000076b      0x10e ./src/cr_startup_lpc175x_6x.o
 .debug_abbrev  0x0000000000000879       0x36 ./src/crp.o
 .debug_abbrev  0x00000000000008af      0x3a7 ./src/gpiopin.o
 .debug_abbrev  0x0000000000000c56      0x258 ./src/spi.o
 .debug_abbrev  0x0000000000000eae      0x395 ./src/spiclass.o
 .debug_abbrev  0x0000000000001243      0x1c0 ./src/sysinit.o
 .debug_abbrev  0x0000000000001403      0x248 ./freeRTOS/src/FreeRTOSCommonHooks.o
 .debug_abbrev  0x000000000000164b      0x1fa ./freeRTOS/src/heap_3.o
 .debug_abbrev  0x0000000000001845      0x205 ./freeRTOS/src/list.o
 .debug_abbrev  0x0000000000001a4a      0x2ee ./freeRTOS/src/port.o
 .debug_abbrev  0x0000000000001d38      0x2cc ./freeRTOS/src/queue.o
 .debug_abbrev  0x0000000000002004      0x327 ./freeRTOS/src/tasks.o
 .debug_abbrev  0x000000000000232b      0x3c8 /home/tarak/Documents/MCUXpresso_10.2.0_759/workspace/lpc_board_nxp_lpcxpresso_1769/Debug/liblpc_board_nxp_lpcxpresso_1769.a(board.o)
 .debug_abbrev  0x00000000000026f3      0x180 /home/tarak/Documents/MCUXpresso_10.2.0_759/workspace/lpc_board_nxp_lpcxpresso_1769/Debug/liblpc_board_nxp_lpcxpresso_1769.a(board_sysinit.o)
 .debug_abbrev  0x0000000000002873      0x151 /home/tarak/Documents/MCUXpresso_10.2.0_759/workspace/lpc_chip_175x_6x/Debug/liblpc_chip_175x_6x.a(chip_17xx_40xx.o)
 .debug_abbrev  0x00000000000029c4      0x309 /home/tarak/Documents/MCUXpresso_10.2.0_759/workspace/lpc_chip_175x_6x/Debug/liblpc_chip_175x_6x.a(clock_17xx_40xx.o)
 .debug_abbrev  0x0000000000002ccd      0x14a /home/tarak/Documents/MCUXpresso_10.2.0_759/workspace/lpc_chip_175x_6x/Debug/liblpc_chip_175x_6x.a(iocon_17xx_40xx.o)
 .debug_abbrev  0x0000000000002e17      0x1fc /home/tarak/Documents/MCUXpresso_10.2.0_759/workspace/lpc_chip_175x_6x/Debug/liblpc_chip_175x_6x.a(spi_17xx_40xx.o)
 .debug_abbrev  0x0000000000003013      0x18e /home/tarak/Documents/MCUXpresso_10.2.0_759/workspace/lpc_chip_175x_6x/Debug/liblpc_chip_175x_6x.a(sysinit_17xx_40xx.o)
 .debug_abbrev  0x00000000000031a1      0x312 /home/tarak/Documents/MCUXpresso_10.2.0_759/workspace/lpc_chip_175x_6x/Debug/liblpc_chip_175x_6x.a(uart_17xx_40xx.o)
 .debug_abbrev  0x00000000000034b3      0x223 /usr/local/mcuxpressoide-10.2.0_759/ide/tools/bin/../lib/gcc/arm-none-eabi/7.2.1/../../../../arm-none-eabi/lib/thumb/v7-m/libcr_newlib_nohost.a(_cr_sbrk.o)
 .debug_abbrev  0x00000000000036d6      0x1bd /usr/local/mcuxpressoide-10.2.0_759/ide/tools/bin/../lib/gcc/arm-none-eabi/7.2.1/../../../../arm-none-eabi/lib/thumb/v7-m/libcr_newlib_nohost.a(close.o)
 .debug_abbrev  0x0000000000003893      0x1ce /usr/local/mcuxpressoide-10.2.0_759/ide/tools/bin/../lib/gcc/arm-none-eabi/7.2.1/../../../../arm-none-eabi/lib/thumb/v7-m/libcr_newlib_nohost.a(fstat.o)
 .debug_abbrev  0x0000000000003a61      0x1bd /usr/local/mcuxpressoide-10.2.0_759/ide/tools/bin/../lib/gcc/arm-none-eabi/7.2.1/../../../../arm-none-eabi/lib/thumb/v7-m/libcr_newlib_nohost.a(isatty.o)
 .debug_abbrev  0x0000000000003c1e      0x1db /usr/local/mcuxpressoide-10.2.0_759/ide/tools/bin/../lib/gcc/arm-none-eabi/7.2.1/../../../../arm-none-eabi/lib/thumb/v7-m/libcr_newlib_nohost.a(lseek.o)
 .debug_abbrev  0x0000000000003df9      0x1db /usr/local/mcuxpressoide-10.2.0_759/ide/tools/bin/../lib/gcc/arm-none-eabi/7.2.1/../../../../arm-none-eabi/lib/thumb/v7-m/libcr_newlib_nohost.a(read.o)
 .debug_abbrev  0x0000000000003fd4      0x1db /usr/local/mcuxpressoide-10.2.0_759/ide/tools/bin/../lib/gcc/arm-none-eabi/7.2.1/../../../../arm-none-eabi/lib/thumb/v7-m/libcr_newlib_nohost.a(write.o)
 .debug_abbrev  0x00000000000041af       0x62 /usr/local/mcuxpressoide-10.2.0_759/ide/tools/bin/../lib/gcc/arm-none-eabi/7.2.1/../../../../arm-none-eabi/lib/thumb/v7-m/libcr_newlib_nohost.a(_cr_check_heap.o)

.debug_aranges  0x0000000000000000      0xc88
 .debug_aranges
                0x0000000000000000       0xb0 ./src/Tarak0.o
 .debug_aranges
                0x00000000000000b0       0x48 ./src/cr_cpp_config.o
 .debug_aranges
                0x00000000000000f8       0x80 ./src/cr_startup_lpc175x_6x.o
 .debug_aranges
                0x0000000000000178       0x18 ./src/crp.o
 .debug_aranges
                0x0000000000000190       0x80 ./src/gpiopin.o
 .debug_aranges
                0x0000000000000210       0x28 ./src/spi.o
 .debug_aranges
                0x0000000000000238       0x48 ./src/spiclass.o
 .debug_aranges
                0x0000000000000280       0x20 ./src/sysinit.o
 .debug_aranges
                0x00000000000002a0       0x40 ./freeRTOS/src/FreeRTOSCommonHooks.o
 .debug_aranges
                0x00000000000002e0       0x28 ./freeRTOS/src/heap_3.o
 .debug_aranges
                0x0000000000000308       0x40 ./freeRTOS/src/list.o
 .debug_aranges
                0x0000000000000348       0x90 ./freeRTOS/src/port.o
 .debug_aranges
                0x00000000000003d8       0xf0 ./freeRTOS/src/queue.o
 .debug_aranges
                0x00000000000004c8      0x170 ./freeRTOS/src/tasks.o
 .debug_aranges
                0x0000000000000638      0x160 /home/tarak/Documents/MCUXpresso_10.2.0_759/workspace/lpc_board_nxp_lpcxpresso_1769/Debug/liblpc_board_nxp_lpcxpresso_1769.a(board.o)
 .debug_aranges
                0x0000000000000798       0x38 /home/tarak/Documents/MCUXpresso_10.2.0_759/workspace/lpc_board_nxp_lpcxpresso_1769/Debug/liblpc_board_nxp_lpcxpresso_1769.a(board_sysinit.o)
 .debug_aranges
                0x00000000000007d0       0x38 /home/tarak/Documents/MCUXpresso_10.2.0_759/workspace/lpc_chip_175x_6x/Debug/liblpc_chip_175x_6x.a(chip_17xx_40xx.o)
 .debug_aranges
                0x0000000000000808      0x120 /home/tarak/Documents/MCUXpresso_10.2.0_759/workspace/lpc_chip_175x_6x/Debug/liblpc_chip_175x_6x.a(clock_17xx_40xx.o)
 .debug_aranges
                0x0000000000000928       0x30 /home/tarak/Documents/MCUXpresso_10.2.0_759/workspace/lpc_chip_175x_6x/Debug/liblpc_chip_175x_6x.a(iocon_17xx_40xx.o)
 .debug_aranges
                0x0000000000000958       0xa8 /home/tarak/Documents/MCUXpresso_10.2.0_759/workspace/lpc_chip_175x_6x/Debug/liblpc_chip_175x_6x.a(spi_17xx_40xx.o)
 .debug_aranges
                0x0000000000000a00       0x60 /home/tarak/Documents/MCUXpresso_10.2.0_759/workspace/lpc_chip_175x_6x/Debug/liblpc_chip_175x_6x.a(sysinit_17xx_40xx.o)
 .debug_aranges