Archive member included to satisfy reference by file (symbol)

/home/tarak/Documents/MCUXpresso_10.2.0_759/workspace/lpc_board_nxp_lpcxpresso_1769/Debug/liblpc_board_nxp_lpcxpresso_1769.a(board.o)
                              ./src/FreeRTOSCommonHooks.o (Board_UARTPutSTR)
/home/tarak/Documents/MCUXpresso_10.2.0_759/workspace/lpc_board_nxp_lpcxpresso_1769/Debug/liblpc_board_nxp_lpcxpresso_1769.a(board_sysinit.o)
                              ./src/sysinit.o (Board_SystemInit)
/home/tarak/Documents/MCUXpresso_10.2.0_759/workspace/lpc_chip_175x_6x/Debug/liblpc_chip_175x_6x.a(chip_17xx_40xx.o)
                              ./src/port.o (SystemCoreClock)
/home/tarak/Documents/MCUXpresso_10.2.0_759/workspace/lpc_chip_175x_6x/Debug/liblpc_chip_175x_6x.a(clock_17xx_40xx.o)
                              /home/tarak/Documents/MCUXpresso_10.2.0_759/workspace/lpc_chip_175x_6x/Debug/liblpc_chip_175x_6x.a(chip_17xx_40xx.o) (Chip_Clock_EnablePLL)
/home/tarak/Documents/MCUXpresso_10.2.0_759/workspace/lpc_chip_175x_6x/Debug/liblpc_chip_175x_6x.a(i2s_17xx_40xx.o)
                              /home/tarak/Documents/MCUXpresso_10.2.0_759/workspace/lpc_board_nxp_lpcxpresso_1769/Debug/liblpc_board_nxp_lpcxpresso_1769.a(board.o) (Chip_I2S_Init)
/home/tarak/Documents/MCUXpresso_10.2.0_759/workspace/lpc_chip_175x_6x/Debug/liblpc_chip_175x_6x.a(iocon_17xx_40xx.o)
                              /home/tarak/Documents/MCUXpresso_10.2.0_759/workspace/lpc_board_nxp_lpcxpresso_1769/Debug/liblpc_board_nxp_lpcxpresso_1769.a(board.o) (Chip_IOCON_PinMux)
/home/tarak/Documents/MCUXpresso_10.2.0_759/workspace/lpc_chip_175x_6x/Debug/liblpc_chip_175x_6x.a(sysinit_17xx_40xx.o)
                              /home/tarak/Documents/MCUXpresso_10.2.0_759/workspace/lpc_board_nxp_lpcxpresso_1769/Debug/liblpc_board_nxp_lpcxpresso_1769.a(board_sysinit.o) (Chip_SetupXtalClocking)
/home/tarak/Documents/MCUXpresso_10.2.0_759/workspace/lpc_chip_175x_6x/Debug/liblpc_chip_175x_6x.a(uart_17xx_40xx.o)
                              /home/tarak/Documents/MCUXpresso_10.2.0_759/workspace/lpc_board_nxp_lpcxpresso_1769/Debug/liblpc_board_nxp_lpcxpresso_1769.a(board.o) (Chip_UART_Init)
/home/tarak/Documents/MCUXpresso_10.2.0_759/workspace/lpc_chip_175x_6x/Debug/liblpc_chip_175x_6x.a(ring_buffer.o)
                              /home/tarak/Documents/MCUXpresso_10.2.0_759/workspace/lpc_chip_175x_6x/Debug/liblpc_chip_175x_6x.a(uart_17xx_40xx.o) (RingBuffer_Insert)
/usr/local/mcuxpressoide-10.2.0_759/ide/tools/bin/../lib/gcc/arm-none-eabi/7.2.1/thumb/v7-m/libgcc.a(_aeabi_uldivmod.o)
                              /home/tarak/Documents/MCUXpresso_10.2.0_759/workspace/lpc_chip_175x_6x/Debug/liblpc_chip_175x_6x.a(i2s_17xx_40xx.o) (__aeabi_uldivmod)
/usr/local/mcuxpressoide-10.2.0_759/ide/tools/bin/../lib/gcc/arm-none-eabi/7.2.1/thumb/v7-m/libgcc.a(_udivmoddi4.o)
                              /usr/local/mcuxpressoide-10.2.0_759/ide/tools/bin/../lib/gcc/arm-none-eabi/7.2.1/thumb/v7-m/libgcc.a(_aeabi_uldivmod.o) (__udivmoddi4)
/usr/local/mcuxpressoide-10.2.0_759/ide/tools/bin/../lib/gcc/arm-none-eabi/7.2.1/thumb/v7-m/libgcc.a(_dvmd_tls.o)
                              /usr/local/mcuxpressoide-10.2.0_759/ide/tools/bin/../lib/gcc/arm-none-eabi/7.2.1/thumb/v7-m/libgcc.a(_aeabi_uldivmod.o) (__aeabi_ldiv0)
/usr/local/mcuxpressoide-10.2.0_759/ide/tools/bin/../lib/gcc/arm-none-eabi/7.2.1/../../../../arm-none-eabi/lib/thumb/v7-m/libc.a(lib_a-init.o)
                              ./src/cr_startup_lpc175x_6x.o (__libc_init_array)
/usr/local/mcuxpressoide-10.2.0_759/ide/tools/bin/../lib/gcc/arm-none-eabi/7.2.1/../../../../arm-none-eabi/lib/thumb/v7-m/libc.a(lib_a-malloc.o)
                              ./src/cr_cpp_config.o (malloc)
/usr/local/mcuxpressoide-10.2.0_759/ide/tools/bin/../lib/gcc/arm-none-eabi/7.2.1/../../../../arm-none-eabi/lib/thumb/v7-m/libc.a(lib_a-mallocr.o)
                              /usr/local/mcuxpressoide-10.2.0_759/ide/tools/bin/../lib/gcc/arm-none-eabi/7.2.1/../../../../arm-none-eabi/lib/thumb/v7-m/libc.a(lib_a-malloc.o) (_malloc_r)
/usr/local/mcuxpressoide-10.2.0_759/ide/tools/bin/../lib/gcc/arm-none-eabi/7.2.1/../../../../arm-none-eabi/lib/thumb/v7-m/libc.a(lib_a-memcpy.o)
                              ./src/queue.o (memcpy)
/usr/local/mcuxpressoide-10.2.0_759/ide/tools/bin/../lib/gcc/arm-none-eabi/7.2.1/../../../../arm-none-eabi/lib/thumb/v7-m/libc.a(lib_a-memset.o)
                              ./src/tasks.o (memset)
/usr/local/mcuxpressoide-10.2.0_759/ide/tools/bin/../lib/gcc/arm-none-eabi/7.2.1/../../../../arm-none-eabi/lib/thumb/v7-m/libc.a(lib_a-mlock.o)
                              /usr/local/mcuxpressoide-10.2.0_759/ide/tools/bin/../lib/gcc/arm-none-eabi/7.2.1/../../../../arm-none-eabi/lib/thumb/v7-m/libc.a(lib_a-mallocr.o) (__malloc_lock)
/usr/local/mcuxpressoide-10.2.0_759/ide/tools/bin/../lib/gcc/arm-none-eabi/7.2.1/../../../../arm-none-eabi/lib/thumb/v7-m/libc.a(lib_a-printf.o)
                              ./src/FreeRTOSCommonHooks.o (printf)
[...]
Memory Configuration

Name             Origin             Length             Attributes
MFlash512        0x0000000000000000 0x0000000000080000 xr
RamLoc32         0x0000000010000000 0x0000000000008000 xrw
RamAHB32         0x000000002007c000 0x0000000000008000 xrw
*default*        0x0000000000000000 0xffffffffffffffff

Linker script and memory map

LOAD ./src/FreeRTOSCommonHooks.o
LOAD ./src/Tarak0.o
LOAD ./src/cr_cpp_config.o
LOAD ./src/cr_startup_lpc175x_6x.o
LOAD ./src/crp.o
LOAD ./src/gpiopin.o
LOAD ./src/heap_3.o
LOAD ./src/list.o
LOAD ./src/port.o
LOAD ./src/queue.o
LOAD ./src/sysinit.o
LOAD ./src/tasks.o
LOAD /home/tarak/Documents/MCUXpresso_10.2.0_759/workspace/lpc_board_nxp_lpcxpresso_1769/Debug/liblpc_board_nxp_lpcxpresso_1769.a
LOAD /home/tarak/Documents/MCUXpresso_10.2.0_759/workspace/lpc_chip_175x_6x/Debug/liblpc_chip_175x_6x.a
LOAD /home/tarak/Documents/MCUXpresso_10.2.0_759/workspace/CMSIS_DSPLIB_CM3/lib/libCMSIS_DSPLIB_CM3.a
START GROUP
LOAD /usr/local/mcuxpressoide-10.2.0_759/ide/tools/bin/../lib/gcc/arm-none-eabi/7.2.1/thumb/v7-m/libgcc.a
LOAD /usr/local/mcuxpressoide-10.2.0_759/ide/tools/bin/../lib/gcc/arm-none-eabi/7.2.1/../../../../arm-none-eabi/lib/thumb/v7-m/libc.a
LOAD /usr/local/mcuxpressoide-10.2.0_759/ide/tools/bin/../lib/gcc/arm-none-eabi/7.2.1/../../../../arm-none-eabi/lib/thumb/v7-m/libstdc++.a
LOAD /usr/local/mcuxpressoide-10.2.0_759/ide/tools/bin/../lib/gcc/arm-none-eabi/7.2.1/../../../../arm-none-eabi/lib/thumb/v7-m/libm.a
LOAD /usr/local/mcuxpressoide-10.2.0_759/ide/tools/bin/../lib/gcc/arm-none-eabi/7.2.1/../../../../arm-none-eabi/lib/thumb/v7-m/libcr_newlib_nohost.a
LOAD /usr/local/mcuxpressoide-10.2.0_759/ide/tools/bin/../lib/gcc/arm-none-eabi/7.2.1/thumb/v7-m/crti.o
LOAD /usr/local/mcuxpressoide-10.2.0_759/ide/tools/bin/../lib/gcc/arm-none-eabi/7.2.1/thumb/v7-m/crtn.o
LOAD /usr/local/mcuxpressoide-10.2.0_759/ide/tools/bin/../lib/gcc/arm-none-eabi/7.2.1/thumb/v7-m/crtbegin.o
LOAD /usr/local/mcuxpressoide-10.2.0_759/ide/tools/bin/../lib/gcc/arm-none-eabi/7.2.1/thumb/v7-m/crtend.o
END GROUP
                0x0000000000000000                __base_MFlash512 = 0x0
                0x0000000000000000                __base_Flash = 0x0
                0x0000000000080000                __top_MFlash512 = 0x80000
                0x0000000000080000                __top_Flash = 0x80000
                0x0000000010000000                __base_RamLoc32 = 0x10000000
                0x0000000010000000                __base_RAM = 0x10000000
                0x0000000010008000                __top_RamLoc32 = 0x10008000
                0x0000000010008000                __top_RAM = 0x10008000
                0x000000002007c000                __base_RamAHB32 = 0x2007c000
                0x000000002007c000                __base_RAM2 = 0x2007c000
                0x0000000020084000                __top_RamAHB32 = 0x20084000
                0x0000000020084000                __top_RAM2 = 0x20084000

.text           0x0000000000000000     0x8774
 FILL mask 0xff
                0x0000000000000000                __vectors_start__ = ABSOLUTE (.)
 *(.isr_vector)
 .isr_vector    0x0000000000000000       0xcc ./src/cr_startup_lpc175x_6x.o
                0x0000000000000000                g_pfnVectors
                0x00000000000000cc                . = ALIGN (0x4)
                0x00000000000000cc                __section_table_start = .
                0x00000000000000cc                __data_section_table = .
                0x00000000000000cc        0x4 LONG 0x877c LOADADDR (.data)
                0x00000000000000d0        0x4 LONG 0x10000000 ADDR (.data)
                0x00000000000000d4        0x4 LONG 0x9b4 SIZEOF (.data)
                0x00000000000000d8        0x4 LONG 0x877c LOADADDR (.data_RAM2)
                0x00000000000000dc        0x4 LONG 0x2007c000 ADDR (.data_RAM2)
                0x00000000000000e0        0x4 LONG 0x0 SIZEOF (.data_RAM2)
                0x00000000000000e4                __data_section_table_end = .
                0x00000000000000e4                __bss_section_table = .
                0x00000000000000e4        0x4 LONG 0x100009b4 ADDR (.bss)
                0x00000000000000e8        0x4 LONG 0x1e4 SIZEOF (.bss)
                0x00000000000000ec        0x4 LONG 0x2007c000 ADDR (.bss_RAM2)
                0x00000000000000f0        0x4 LONG 0x0 SIZEOF (.bss_RAM2)
                0x00000000000000f4                __bss_section_table_end = .
                0x00000000000000f4                __section_table_end = .
 *(.after_vectors*)
 .after_vectors
                0x00000000000000f4      0x130 ./src/cr_startup_lpc175x_6x.o
                0x00000000000000f4                data_init(unsigned int, unsigned int, unsigned int)
                0x0000000000000136                bss_init(unsigned int, unsigned int)
                0x000000000000016c                ResetISR
                0x00000000000001e8                NMI_Handler
                0x00000000000001ee                HardFault_Handler
                0x00000000000001f4                MemManage_Handler
                0x00000000000001fa                BusFault_Handler
                0x0000000000000200                UsageFault_Handler
                0x000000000000020c                DebugMon_Handler
                0x000000000000021e                TIMER2_IRQHandler
                0x000000000000021e                RIT_IRQHandler
                0x000000000000021e                I2C0_IRQHandler
                0x000000000000021e                USBActivity_IRQHandler
                0x000000000000021e                PWM1_IRQHandler
                0x000000000000021e                I2C1_IRQHandler
                0x000000000000021e                EINT2_IRQHandler
                0x000000000000021e                UART1_IRQHandler
                0x000000000000021e                EINT3_IRQHandler
                0x000000000000021e                CANActivity_IRQHandler
                0x000000000000021e                TIMER3_IRQHandler
                0x000000000000021e                UART0_IRQHandler
                0x000000000000021e                IntDefaultHandler
                0x000000000000021e                PLL0_IRQHandler
                0x000000000000021e                CAN_IRQHandler
                0x000000000000021e                PLL1_IRQHandler
                0x000000000000021e                SSP0_IRQHandler
                0x000000000000021e                I2S_IRQHandler
                0x000000000000021e                I2C2_IRQHandler
                0x000000000000021e                RTC_IRQHandler
                0x000000000000021e                TIMER0_IRQHandler
                0x000000000000021e                SPI_IRQHandler
                0x000000000000021e                EINT1_IRQHandler
                0x000000000000021e                TIMER1_IRQHandler
                0x000000000000021e                UART2_IRQHandler
                0x000000000000021e                ADC_IRQHandler
                0x000000000000021e                SSP1_IRQHandler
                0x000000000000021e                USB_IRQHandler
                0x000000000000021e                BOD_IRQHandler
                0x000000000000021e                WDT_IRQHandler
                0x000000000000021e                QEI_IRQHandler
                0x000000000000021e                EINT0_IRQHandler
                0x000000000000021e                ETH_IRQHandler
                0x000000000000021e                DMA_IRQHandler
                0x000000000000021e                UART3_IRQHandler
                0x000000000000021e                MCPWM_IRQHandler
                0x00000000000002fc                . = 0x2fc
 *fill*         0x0000000000000224       0xd8 ff
                0x00000000000002fc                PROVIDE (__CRP_WORD_START__, .)
 *(.crp)
 .crp           0x00000000000002fc        0x4 ./src/crp.o
                0x00000000000002fc                CRP_WORD
                0x0000000000000300                PROVIDE (__CRP_WORD_END__, .)
                0x0000000000000001                ASSERT (! ((__CRP_WORD_START__ == __CRP_WORD_END__)), Linker CRP Enabled, but no CRP_WORD provided within application)
 *(.text*)
 .text.vApplicationIdleHook
                0x0000000000000300        0xe ./src/FreeRTOSCommonHooks.o
                0x0000000000000300                vApplicationIdleHook
 .text.Chip_GPIO_SetPinDIROutput
                0x000000000000030e       0x36 ./src/Tarak0.o
 .text.Chip_GPIO_SetPinDIRInput
                0x0000000000000344       0x3a ./src/Tarak0.o
 .text.Chip_GPIO_SetPinDIR
                0x000000000000037e       0x42 ./src/Tarak0.o
 .text.Chip_GPIO_WriteDirBit
                0x00000000000003c0       0x2e ./src/Tarak0.o
 .text._ZN13gpio_pin_portaSERKb
                0x00000000000003ee       0x2e ./src/Tarak0.o
                0x00000000000003ee                gpio_pin_port::operator=(bool const&)
 .text._ZN13gpio_pin_portcvbEv
                0x000000000000041c       0x1a ./src/Tarak0.o
                0x000000000000041c                gpio_pin_port::operator bool()
 .text._ZL16prvSetupHardwarev
                0x0000000000000436       0x18 ./src/Tarak0.o
 *fill*         0x000000000000044e        0x2 ff
 .text._ZL5blinkPv
                0x0000000000000450       0xe0 ./src/Tarak0.o
 .text._ZL6blink2Pv
                0x0000000000000530      0x1b8 ./src/Tarak0.o
 .text._ZL18bottonreadandrelayPv
                0x00000000000006e8       0xb4 ./src/Tarak0.o
 .text._ZL8spi_dataPv
                0x000000000000079c       0x5c ./src/Tarak0.o
 .text._ZL9vUARTTaskPv
                0x00000000000007f8       0x28 ./src/Tarak0.o
 .text._Z5setupv
                0x0000000000000820       0xd0 ./src/Tarak0.o
                0x0000000000000820                setup()
 .text.main     0x00000000000008f0       0xa0 ./src/Tarak0.o
                0x00000000000008f0                main
 .text.Chip_GPIO_SetPinState
                0x0000000000000990       0x64 ./src/gpiopin.o
 .text.Chip_GPIO_WritePortBit
                0x00000000000009f4       0x2c ./src/gpiopin.o
 .text.Chip_GPIO_GetPinState
                0x0000000000000a20       0x38 ./src/gpiopin.o
 .text.Chip_GPIO_ReadPortBit
                0x0000000000000a58       0x26 ./src/gpiopin.o
 .text.Chip_GPIO_SetPinDIROutput
                0x0000000000000a7e       0x36 ./src/gpiopin.o
 .text.Chip_GPIO_SetPinDIRInput
                0x0000000000000ab4       0x3a ./src/gpiopin.o
 .text.Chip_GPIO_SetPinDIR
                0x0000000000000aee       0x42 ./src/gpiopin.o
 .text.Chip_GPIO_WriteDirBit
                0x0000000000000b30       0x2e ./src/gpiopin.o
 *fill*         0x0000000000000b5e        0x2 ff
 .text._ZN13gpio_pin_portC2EP10LPC_GPIO_TiibPPv
                0x0000000000000b60       0x58 ./src/gpiopin.o
                0x0000000000000b60                gpio_pin_port::gpio_pin_port(LPC_GPIO_T*, int, int, bool, void**)
                0x0000000000000b60                gpio_pin_port::gpio_pin_port(LPC_GPIO_T*, int, int, bool, void**)
 .text._ZN13gpio_pin_port12gpio_pin_setEPS_
                0x0000000000000bb8       0x2c ./src/gpiopin.o
                0x0000000000000bb8                gpio_pin_port::gpio_pin_set(gpio_pin_port*)
 .text._ZN13gpio_pin_port14gpio_pin_resetEPS_
                0x0000000000000be4       0x2c ./src/gpiopin.o
                0x0000000000000be4                gpio_pin_port::gpio_pin_reset(gpio_pin_port*)
 .text._ZN13gpio_pin_port13gpio_pin_readEPS_
                0x0000000000000c10       0x26 ./src/gpiopin.o
                0x0000000000000c10                gpio_pin_port::gpio_pin_read(gpio_pin_port*)
 .text.pvPortMalloc
                0x0000000000000c36       0x22 ./src/heap_3.o
                0x0000000000000c36                pvPortMalloc
 .text.vPortFree
                0x0000000000000c58       0x24 ./src/heap_3.o
                0x0000000000000c58                vPortFree
 .text.vListInitialise
                0x0000000000000c7c       0x3e ./src/list.o
                0x0000000000000c7c                vListInitialise
 .text.vListInitialiseItem
                0x0000000000000cba       0x18 ./src/list.o
                0x0000000000000cba                vListInitialiseItem
 .text.vListInsertEnd
                0x0000000000000cd2       0x46 ./src/list.o
                0x0000000000000cd2                vListInsertEnd
 .text.vListInsert
                0x0000000000000d18       0x70 ./src/list.o
                0x0000000000000d18                vListInsert
 .text.uxListRemove
                0x0000000000000d88       0x52 ./src/list.o
                0x0000000000000d88                uxListRemove
 *fill*         0x0000000000000dda        0x2 ff
 .text.pxPortInitialiseStack
                0x0000000000000ddc       0x54 ./src/port.o
                0x0000000000000ddc                pxPortInitialiseStack
 .text.prvTaskExitError
                0x0000000000000e30        0xa ./src/port.o
 *fill*         0x0000000000000e3a        0x2 ff
 .text.SVC_Handler
                0x0000000000000e3c       0x24 ./src/port.o
                0x0000000000000e3c                SVC_Handler
 .text.prvPortStartFirstTask
                0x0000000000000e60       0x18 ./src/port.o
 .text.xPortStartScheduler
                0x0000000000000e78       0x38 ./src/port.o
                0x0000000000000e78                xPortStartScheduler
 .text.vPortYield
                0x0000000000000eb0       0x20 ./src/port.o
                0x0000000000000eb0                vPortYield
 .text.vPortEnterCritical
                0x0000000000000ed0       0x24 ./src/port.o
                0x0000000000000ed0                vPortEnterCritical
 .text.vPortExitCritical
                0x0000000000000ef4       0x24 ./src/port.o
                0x0000000000000ef4                vPortExitCritical
 .text.ulPortSetInterruptMask
                0x0000000000000f18       0x12 ./src/port.o
                0x0000000000000f18                ulPortSetInterruptMask
 .text.vPortClearInterruptMask
                0x0000000000000f2a        0x8 ./src/port.o
                0x0000000000000f2a                vPortClearInterruptMask
 *fill*         0x0000000000000f32        0x2 ff
 .text.PendSV_Handler
                0x0000000000000f34       0x40 ./src/port.o
                0x0000000000000f34                PendSV_Handler
 .text.SysTick_Handler
                0x0000000000000f74       0x28 ./src/port.o
                0x0000000000000f74                SysTick_Handler
 .text.vPortSuppressTicksAndSleep
                0x0000000000000f9c      0x15c ./src/port.o
                0x0000000000000f9c                vPortSuppressTicksAndSleep
 .text.vPortSetupTimerInterrupt
                0x00000000000010f8       0x68 ./src/port.o
                0x00000000000010f8                vPortSetupTimerInterrupt
 .text.xQueueGenericReset
                0x0000000000001160       0xa4 ./src/queue.o
                0x0000000000001160                xQueueGenericReset
 .text.xQueueGenericCreate
                0x0000000000001204       0x78 ./src/queue.o
                0x0000000000001204                xQueueGenericCreate
 .text.xQueueCreateMutex
                0x000000000000127c       0x84 ./src/queue.o
                0x000000000000127c                xQueueCreateMutex
 .text.xQueueGenericSend
                0x0000000000001300      0x110 ./src/queue.o
                0x0000000000001300                xQueueGenericSend
 .text.xQueueGenericReceive
                0x0000000000001410      0x16c ./src/queue.o
                0x0000000000001410                xQueueGenericReceive
 .text.prvCopyDataToQueue
                0x000000000000157c       0xce ./src/queue.o
 .text.prvCopyDataFromQueue
                0x000000000000164a       0x4c ./src/queue.o
 .text.prvUnlockQueue
                0x0000000000001696       0x98 ./src/queue.o
 .text.prvIsQueueEmpty
                0x000000000000172e       0x2c ./src/queue.o
 .text.prvIsQueueFull
                0x000000000000175a       0x30 ./src/queue.o
 *fill*         0x000000000000178a        0x2 ff
 .text.SystemInit
                0x000000000000178c       0x24 ./src/sysinit.o
                0x000000000000178c                SystemInit
 .text.xTaskGenericCreate
                0x00000000000017b0      0x140 ./src/tasks.o
                0x00000000000017b0                xTaskGenericCreate
 .text.vTaskDelay
                0x00000000000018f0       0x54 ./src/tasks.o
                0x00000000000018f0                vTaskDelay
 .text.vTaskStartScheduler
                0x0000000000001944       0x58 ./src/tasks.o
                0x0000000000001944                vTaskStartScheduler
 .text.vTaskSuspendAll
                0x000000000000199c       0x1c ./src/tasks.o
                0x000000000000199c                vTaskSuspendAll
 .text.prvGetExpectedIdleTime
                0x00000000000019b8       0x4c ./src/tasks.o
 .text.xTaskResumeAll
                0x0000000000001a04       0xfc ./src/tasks.o
                0x0000000000001a04                xTaskResumeAll
 .text.vTaskStepTick
                0x0000000000001b00       0x24 ./src/tasks.o
                0x0000000000001b00                vTaskStepTick
 .text.xTaskIncrementTick
                0x0000000000001b24      0x18c ./src/tasks.o
                0x0000000000001b24                xTaskIncrementTick
 .text.vTaskSwitchContext
                0x0000000000001cb0       0x98 ./src/tasks.o
                0x0000000000001cb0                vTaskSwitchContext
 .text.vTaskPlaceOnEventList
                0x0000000000001d48       0x60 ./src/tasks.o
                0x0000000000001d48                vTaskPlaceOnEventList
 .text.xTaskRemoveFromEventList
                0x0000000000001da8       0xac ./src/tasks.o
                0x0000000000001da8                xTaskRemoveFromEventList
 .text.vTaskSetTimeOutState
                0x0000000000001e54       0x2c ./src/tasks.o
                0x0000000000001e54                vTaskSetTimeOutState
 .text.xTaskCheckForTimeOut
                0x0000000000001e80       0x88 ./src/tasks.o
                0x0000000000001e80                xTaskCheckForTimeOut
 .text.vTaskMissedYield
                0x0000000000001f08       0x18 ./src/tasks.o
                0x0000000000001f08                vTaskMissedYield
 .text.prvIdleTask
                0x0000000000001f20       0x48 ./src/tasks.o
 .text.eTaskConfirmSleepModeStatus
                0x0000000000001f68       0x5c ./src/tasks.o
                0x0000000000001f68                eTaskConfirmSleepModeStatus
 .text.prvInitialiseTCBVariables
                0x0000000000001fc4       0x98 ./src/tasks.o
 .text.prvInitialiseTaskLists
                0x000000000000205c       0x80 ./src/tasks.o
 .text.prvCheckTasksWaitingTermination
                0x00000000000020dc       0x78 ./src/tasks.o
 .text.prvAddCurrentTaskToDelayedList
                0x0000000000002154       0x6c ./src/tasks.o
 .text.prvAllocateTCBAndStack
                0x00000000000021c0       0x62 ./src/tasks.o
 .text.prvDeleteTCB
                0x0000000000002222       0x20 ./src/tasks.o
 *fill*         0x0000000000002242        0x2 ff
 .text.xTaskGetCurrentTaskHandle
                0x0000000000002244       0x1c ./src/tasks.o
                0x0000000000002244                xTaskGetCurrentTaskHandle
 .text.vTaskPriorityInherit
                0x0000000000002260       0xb4 ./src/tasks.o
                0x0000000000002260                vTaskPriorityInherit
 .text.vTaskPriorityDisinherit
                0x0000000000002314       0x7c ./src/tasks.o
                0x0000000000002314                vTaskPriorityDisinherit
 .text.Chip_IOCON_Init
                0x0000000000002390       0x16 /home/tarak/Documents/MCUXpresso_10.2.0_759/workspace/lpc_board_nxp_lpcxpresso_1769/Debug/liblpc_board_nxp_lpcxpresso_1769.a(board.o)
 .text.Chip_GPIO_Init
                0x00000000000023a6       0x16 /home/tarak/Documents/MCUXpresso_10.2.0_759/workspace/lpc_board_nxp_lpcxpresso_1769/Debug/liblpc_board_nxp_lpcxpresso_1769.a(board.o)
 .text.Chip_GPIO_SetPinState
                0x00000000000023bc       0x64 /home/tarak/Documents/MCUXpresso_10.2.0_759/workspace/lpc_board_nxp_lpcxpresso_1769/Debug/liblpc_board_nxp_lpcxpresso_1769.a(board.o)
 .text.Chip_GPIO_WritePortBit
                0x0000000000002420       0x2c /home/tarak/Documents/MCUXpresso_10.2.0_759/workspace/lpc_board_nxp_lpcxpresso_1769/Debug/liblpc_board_nxp_lpcxpresso_1769.a(board.o)
 .text.Chip_GPIO_SetPinDIROutput
                0x000000000000244c       0x36 /home/tarak/Documents/MCUXpresso_10.2.0_759/workspace/lpc_board_nxp_lpcxpresso_1769/Debug/liblpc_board_nxp_lpcxpresso_1769.a(board.o)
 .text.Chip_GPIO_SetPinDIRInput
                0x0000000000002482       0x3a /home/tarak/Documents/MCUXpresso_10.2.0_759/workspace/lpc_board_nxp_lpcxpresso_1769/Debug/liblpc_board_nxp_lpcxpresso_1769.a(board.o)
 .text.Chip_GPIO_SetPinDIR
                0x00000000000024bc       0x42 /home/tarak/Documents/MCUXpresso_10.2.0_759/workspace/lpc_board_nxp_lpcxpresso_1769/Debug/liblpc_board_nxp_lpcxpresso_1769.a(board.o)
 .text.Chip_GPIO_WriteDirBit
                0x00000000000024fe       0x2e /home/tarak/Documents/MCUXpresso_10.2.0_759/workspace/lpc_board_nxp_lpcxpresso_1769/Debug/liblpc_board_nxp_lpcxpresso_1769.a(board.o)
 .text.Chip_UART_ConfigData
                0x000000000000252c       0x1a /home/tarak/Documents/MCUXpresso_10.2.0_759/workspace/lpc_board_nxp_lpcxpresso_1769/Debug/liblpc_board_nxp_lpcxpresso_1769.a(board.o)
 *fill*         0x0000000000002546        0x2 ff
 .text.Board_LED_Init
                0x0000000000002548       0x18 /home/tarak/Documents/MCUXpresso_10.2.0_759/workspace/lpc_board_nxp_lpcxpresso_1769/Debug/liblpc_board_nxp_lpcxpresso_1769.a(board.o)
 .text.Board_UART_Init
                0x0000000000002560       0x12 /home/tarak/Documents/MCUXpresso_10.2.0_759/workspace/lpc_board_nxp_lpcxpresso_1769/Debug/liblpc_board_nxp_lpcxpresso_1769.a(board.o)
                0x0000000000002560                Board_UART_Init
 *fill*         0x0000000000002572        0x2 ff
 .text.Board_Debug_Init
                0x0000000000002574       0x30 /home/tarak/Documents/MCUXpresso_10.2.0_759/workspace/lpc_board_nxp_lpcxpresso_1769/Debug/liblpc_board_nxp_lpcxpresso_1769.a(board.o)
                0x0000000000002574                Board_Debug_Init
 .text.Board_LED_Set
                0x00000000000025a4       0x30 /home/tarak/Documents/MCUXpresso_10.2.0_759/workspace/lpc_board_nxp_lpcxpresso_1769/Debug/liblpc_board_nxp_lpcxpresso_1769.a(board.o)
                0x00000000000025a4                Board_LED_Set
 .text.Board_Init
                0x00000000000025d4       0x24 /home/tarak/Documents/MCUXpresso_10.2.0_759/workspace/lpc_board_nxp_lpcxpresso_1769/Debug/liblpc_board_nxp_lpcxpresso_1769.a(board.o)
                0x00000000000025d4                Board_Init
 .text.Chip_SYSCTL_SetFLASHAccess
                0x00000000000025f8       0x30 /home/tarak/Documents/MCUXpresso_10.2.0_759/workspace/lpc_board_nxp_lpcxpresso_1769/Debug/liblpc_board_nxp_lpcxpresso_1769.a(board_sysinit.o)
 .text.Board_SetupMuxing
                0x0000000000002628       0x1c /home/tarak/Documents/MCUXpresso_10.2.0_759/workspace/lpc_board_nxp_lpcxpresso_1769/Debug/liblpc_board_nxp_lpcxpresso_1769.a(board_sysinit.o)
                0x0000000000002628                Board_SetupMuxing
 .text.Board_SetupClocking
                0x0000000000002644       0x12 /home/tarak/Documents/MCUXpresso_10.2.0_759/workspace/lpc_board_nxp_lpcxpresso_1769/Debug/liblpc_board_nxp_lpcxpresso_1769.a(board_sysinit.o)
                0x0000000000002644                Board_SetupClocking
 .text.Board_SystemInit
                0x0000000000002656       0x10 /home/tarak/Documents/MCUXpresso_10.2.0_759/workspace/lpc_board_nxp_lpcxpresso_1769/Debug/liblpc_board_nxp_lpcxpresso_1769.a(board_sysinit.o)
                0x0000000000002656                Board_SystemInit
 *fill*         0x0000000000002666        0x2 ff
 .text.SystemCoreClockUpdate
                0x0000000000002668       0x18 /home/tarak/Documents/MCUXpresso_10.2.0_759/workspace/lpc_chip_175x_6x/Debug/liblpc_chip_175x_6x.a(chip_17xx_40xx.o)
                0x0000000000002668                SystemCoreClockUpdate
 .text.Chip_Clock_IsMainPLLEnabled
                0x0000000000002680       0x24 /home/tarak/Documents/MCUXpresso_10.2.0_759/workspace/lpc_chip_175x_6x/Debug/liblpc_chip_175x_6x.a(clock_17xx_40xx.o)
 .text.Chip_Clock_IsMainPLLConnected
                0x00000000000026a4       0x24 /home/tarak/Documents/MCUXpresso_10.2.0_759/workspace/lpc_chip_175x_6x/Debug/liblpc_chip_175x_6x.a(clock_17xx_40xx.o)
 .text.Chip_Clock_FeedPLL
                0x00000000000026c8       0x34 /home/tarak/Documents/MCUXpresso_10.2.0_759/workspace/lpc_chip_175x_6x/Debug/liblpc_chip_175x_6x.a(clock_17xx_40xx.o)
 .text.Chip_Clock_GetMainPLLSource
                0x00000000000026fc       0x20 /home/tarak/Documents/MCUXpresso_10.2.0_759/workspace/lpc_chip_175x_6x/Debug/liblpc_chip_175x_6x.a(clock_17xx_40xx.o)
 .text.Chip_Clock_GetMainOscRate
                0x000000000000271c       0x14 /home/tarak/Documents/MCUXpresso_10.2.0_759/workspace/lpc_chip_175x_6x/Debug/liblpc_chip_175x_6x.a(clock_17xx_40xx.o)
 .text.Chip_Clock_GetIntOscRate
                0x0000000000002730       0x14 /home/tarak/Documents/MCUXpresso_10.2.0_759/workspace/lpc_chip_175x_6x/Debug/liblpc_chip_175x_6x.a(clock_17xx_40xx.o)
 .text.Chip_Clock_GetRTCOscRate
                0x0000000000002744       0x14 /home/tarak/Documents/MCUXpresso_10.2.0_759/workspace/lpc_chip_175x_6x/Debug/liblpc_chip_175x_6x.a(clock_17xx_40xx.o)
 .text.Chip_Clock_GetMainPLLInClockRate
                0x0000000000002758        0xe /home/tarak/Documents/MCUXpresso_10.2.0_759/workspace/lpc_chip_175x_6x/Debug/liblpc_chip_175x_6x.a(clock_17xx_40xx.o)
 *fill*         0x0000000000002766        0x2 ff
 .text.Chip_Clock_EnablePLL
                0x0000000000002768       0x44 /home/tarak/Documents/MCUXpresso_10.2.0_759/workspace/lpc_chip_175x_6x/Debug/liblpc_chip_175x_6x.a(clock_17xx_40xx.o)
                0x0000000000002768                Chip_Clock_EnablePLL
 .text.Chip_Clock_DisablePLL
                0x00000000000027ac       0x48 /home/tarak/Documents/MCUXpresso_10.2.0_759/workspace/lpc_chip_175x_6x/Debug/liblpc_chip_175x_6x.a(clock_17xx_40xx.o)
                0x00000000000027ac                Chip_Clock_DisablePLL
 .text.Chip_Clock_SetupPLL
                0x00000000000027f4       0x5c /home/tarak/Documents/MCUXpresso_10.2.0_759/workspace/lpc_chip_175x_6x/Debug/liblpc_chip_175x_6x.a(clock_17xx_40xx.o)
                0x00000000000027f4                Chip_Clock_SetupPLL
 .text.Chip_Clock_EnablePeriphClock
                0x0000000000002850       0x34 /home/tarak/Documents/MCUXpresso_10.2.0_759/workspace/lpc_chip_175x_6x/Debug/liblpc_chip_175x_6x.a(clock_17xx_40xx.o)
                0x0000000000002850                Chip_Clock_EnablePeriphClock
 .text.Chip_Clock_GetCPUClockSource
                0x0000000000002884       0x24 /home/tarak/Documents/MCUXpresso_10.2.0_759/workspace/lpc_chip_175x_6x/Debug/liblpc_chip_175x_6x.a(clock_17xx_40xx.o)
                0x0000000000002884                Chip_Clock_GetCPUClockSource
 .text.Chip_Clock_SetCPUClockDiv
                0x00000000000028a8       0x20 /home/tarak/Documents/MCUXpresso_10.2.0_759/workspace/lpc_chip_175x_6x/Debug/liblpc_chip_175x_6x.a(clock_17xx_40xx.o)
                0x00000000000028a8                Chip_Clock_SetCPUClockDiv
 .text.Chip_Clock_GetCPUClockDiv
                0x00000000000028c8       0x1c /home/tarak/Documents/MCUXpresso_10.2.0_759/workspace/lpc_chip_175x_6x/Debug/liblpc_chip_175x_6x.a(clock_17xx_40xx.o)
                0x00000000000028c8                Chip_Clock_GetCPUClockDiv
 .text.Chip_Clock_GetPCLKDiv
                0x00000000000028e4       0x8c /home/tarak/Documents/MCUXpresso_10.2.0_759/workspace/lpc_chip_175x_6x/Debug/liblpc_chip_175x_6x.a(clock_17xx_40xx.o)
                0x00000000000028e4                Chip_Clock_GetPCLKDiv
 .text.Chip_Clock_GetSYSCLKRate
                0x0000000000002970       0x34 /home/tarak/Documents/MCUXpresso_10.2.0_759/workspace/lpc_chip_175x_6x/Debug/liblpc_chip_175x_6x.a(clock_17xx_40xx.o)
                0x0000000000002970                Chip_Clock_GetSYSCLKRate
 .text.Chip_Clock_GetMainPLLOutClockRate
                0x00000000000029a4       0x54 /home/tarak/Documents/MCUXpresso_10.2.0_759/workspace/lpc_chip_175x_6x/Debug/liblpc_chip_175x_6x.a(clock_17xx_40xx.o)
                0x00000000000029a4                Chip_Clock_GetMainPLLOutClockRate
 .text.Chip_Clock_GetMainClockRate
                0x00000000000029f8       0x28 /home/tarak/Documents/MCUXpresso_10.2.0_759/workspace/lpc_chip_175x_6x/Debug/liblpc_chip_175x_6x.a(clock_17xx_40xx.o)
                0x00000000000029f8                Chip_Clock_GetMainClockRate
 .text.Chip_Clock_GetSystemClockRate
                0x0000000000002a20       0x18 /home/tarak/Documents/MCUXpresso_10.2.0_759/workspace/lpc_chip_175x_6x/Debug/liblpc_chip_175x_6x.a(clock_17xx_40xx.o)
                0x0000000000002a20                Chip_Clock_GetSystemClockRate
 .text.Chip_Clock_GetPeripheralClockRate
                0x0000000000002a38       0x26 /home/tarak/Documents/MCUXpresso_10.2.0_759/workspace/lpc_chip_175x_6x/Debug/liblpc_chip_175x_6x.a(clock_17xx_40xx.o)
                0x0000000000002a38                Chip_Clock_GetPeripheralClockRate
 .text.Chip_IOCON_PinMuxSet
                0x0000000000002a5e       0x36 /home/tarak/Documents/MCUXpresso_10.2.0_759/workspace/lpc_chip_175x_6x/Debug/liblpc_chip_175x_6x.a(iocon_17xx_40xx.o)
                0x0000000000002a5e                Chip_IOCON_PinMuxSet
 .text.Chip_IOCON_PinMux
                0x0000000000002a94       0x94 /home/tarak/Documents/MCUXpresso_10.2.0_759/workspace/lpc_chip_175x_6x/Debug/liblpc_chip_175x_6x.a(iocon_17xx_40xx.o)
                0x0000000000002a94                Chip_IOCON_PinMux
 .text.Chip_IOCON_SetPinMuxing
                0x0000000000002b28       0x62 /home/tarak/Documents/MCUXpresso_10.2.0_759/workspace/lpc_chip_175x_6x/Debug/liblpc_chip_175x_6x.a(iocon_17xx_40xx.o)
                0x0000000000002b28                Chip_IOCON_SetPinMuxing
 *fill*         0x0000000000002b8a        0x2 ff
 .text.Chip_Clock_IsMainPLLEnabled
                0x0000000000002b8c       0x24 /home/tarak/Documents/MCUXpresso_10.2.0_759/workspace/lpc_chip_175x_6x/Debug/liblpc_chip_175x_6x.a(sysinit_17xx_40xx.o)
 .text.Chip_Clock_IsMainPLLLocked
                0x0000000000002bb0       0x24 /home/tarak/Documents/MCUXpresso_10.2.0_759/workspace/lpc_chip_175x_6x/Debug/liblpc_chip_175x_6x.a(sysinit_17xx_40xx.o)
 .text.Chip_Clock_IsMainPLLConnected
                0x0000000000002bd4       0x24 /home/tarak/Documents/MCUXpresso_10.2.0_759/workspace/lpc_chip_175x_6x/Debug/liblpc_chip_175x_6x.a(sysinit_17xx_40xx.o)
 .text.Chip_Clock_EnableCrystal
                0x0000000000002bf8       0x20 /home/tarak/Documents/MCUXpresso_10.2.0_759/workspace/lpc_chip_175x_6x/Debug/liblpc_chip_175x_6x.a(sysinit_17xx_40xx.o)
 .text.Chip_Clock_IsCrystalEnabled
                0x0000000000002c18       0x24 /home/tarak/Documents/MCUXpresso_10.2.0_759/workspace/lpc_chip_175x_6x/Debug/liblpc_chip_175x_6x.a(sysinit_17xx_40xx.o)
 .text.Chip_Clock_SetMainPLLSource
                0x0000000000002c3c       0x20 /home/tarak/Documents/MCUXpresso_10.2.0_759/workspace/lpc_chip_175x_6x/Debug/liblpc_chip_175x_6x.a(sysinit_17xx_40xx.o)
 .text.Chip_SetupXtalClocking
                0x0000000000002c5c       0x90 /home/tarak/Documents/MCUXpresso_10.2.0_759/workspace/lpc_chip_175x_6x/Debug/liblpc_chip_175x_6x.a(sysinit_17xx_40xx.o)
                0x0000000000002c5c                Chip_SetupXtalClocking
 .text.Chip_UART_SetupFIFOS
                0x0000000000002cec       0x1a /home/tarak/Documents/MCUXpresso_10.2.0_759/workspace/lpc_chip_175x_6x/Debug/liblpc_chip_175x_6x.a(uart_17xx_40xx.o)
 .text.Chip_UART_ConfigData
                0x0000000000002d06       0x1a /home/tarak/Documents/MCUXpresso_10.2.0_759/workspace/lpc_chip_175x_6x/Debug/liblpc_chip_175x_6x.a(uart_17xx_40xx.o)
 .text.Chip_UART_EnableDivisorAccess
                0x0000000000002d20       0x1e /home/tarak/Documents/MCUXpresso_10.2.0_759/workspace/lpc_chip_175x_6x/Debug/liblpc_chip_175x_6x.a(uart_17xx_40xx.o)
 .text.Chip_UART_DisableDivisorAccess
                0x0000000000002d3e       0x1e /home/tarak/Documents/MCUXpresso_10.2.0_759/workspace/lpc_chip_175x_6x/Debug/liblpc_chip_175x_6x.a(uart_17xx_40xx.o)
 .text.Chip_UART_SetDivisorLatches
                0x0000000000002d5c       0x26 /home/tarak/Documents/MCUXpresso_10.2.0_759/workspace/lpc_chip_175x_6x/Debug/liblpc_chip_175x_6x.a(uart_17xx_40xx.o)
 *fill*         0x0000000000002d82        0x2 ff
 .text.Chip_UART_GetClockIndex
                0x0000000000002d84       0x50 /home/tarak/Documents/MCUXpresso_10.2.0_759/workspace/lpc_chip_175x_6x/Debug/liblpc_chip_175x_6x.a(uart_17xx_40xx.o)
 .text.Chip_UART_GetClkIndex
                0x0000000000002dd4       0x50 /home/tarak/Documents/MCUXpresso_10.2.0_759/workspace/lpc_chip_175x_6x/Debug/liblpc_chip_175x_6x.a(uart_17xx_40xx.o)
 .text.Chip_UART_Init
                0x0000000000002e24       0x78 /home/tarak/Documents/MCUXpresso_10.2.0_759/workspace/lpc_chip_175x_6x/Debug/liblpc_chip_175x_6x.a(uart_17xx_40xx.o)
                0x0000000000002e24                Chip_UART_Init
 .text.Chip_UART_TXEnable
                0x0000000000002e9c       0x18 /home/tarak/Documents/MCUXpresso_10.2.0_759/workspace/lpc_chip_175x_6x/Debug/liblpc_chip_175x_6x.a(uart_17xx_40xx.o)
                0x0000000000002e9c                Chip_UART_TXEnable
 .text.Chip_UART_TXDisable
                0x0000000000002eb4       0x18 /home/tarak/Documents/MCUXpresso_10.2.0_759/workspace/lpc_chip_175x_6x/Debug/liblpc_chip_175x_6x.a(uart_17xx_40xx.o)
                0x0000000000002eb4                Chip_UART_TXDisable
 .text.Chip_UART_SetBaud
                0x0000000000002ecc       0x62 /home/tarak/Documents/MCUXpresso_10.2.0_759/workspace/lpc_chip_175x_6x/Debug/liblpc_chip_175x_6x.a(uart_17xx_40xx.o)
                0x0000000000002ecc                Chip_UART_SetBaud
 *fill*         0x0000000000002f2e        0x2 ff
 .text          0x0000000000002f30       0x30 /usr/local/mcuxpressoide-10.2.0_759/ide/tools/bin/../lib/gcc/arm-none-eabi/7.2.1/thumb/v7-m/libgcc.a(_aeabi_uldivmod.o)
                0x0000000000002f30                __aeabi_uldivmod
 .text          0x0000000000002f60      0x2d0 /usr/local/mcuxpressoide-10.2.0_759/ide/tools/bin/../lib/gcc/arm-none-eabi/7.2.1/thumb/v7-m/libgcc.a(_udivmoddi4.o)
                0x0000000000002f60                __udivmoddi4
 .text          0x0000000000003230        0x4 /usr/local/mcuxpressoide-10.2.0_759/ide/tools/bin/../lib/gcc/arm-none-eabi/7.2.1/thumb/v7-m/libgcc.a(_dvmd_tls.o)
                0x0000000000003230                __aeabi_ldiv0
                0x0000000000003230                __aeabi_idiv0
 .text.__libc_init_array
                0x0000000000003234       0x48 /usr/local/mcuxpressoide-10.2.0_759/ide/tools/bin/../lib/gcc/arm-none-eabi/7.2.1/../../../../arm-none-eabi/lib/thumb/v7-m/libc.a(lib_a-init.o)
                0x0000000000003234                __libc_init_array
 .text.malloc   0x000000000000327c       0x10 /usr/local/mcuxpressoide-10.2.0_759/ide/tools/bin/../lib/gcc/arm-none-eabi/7.2.1/../../../../arm-none-eabi/lib/thumb/v7-m/libc.a(lib_a-malloc.o)
                0x000000000000327c                malloc
 .text.free     0x000000000000328c       0x10 /usr/local/mcuxpressoide-10.2.0_759/ide/tools/bin/../lib/gcc/arm-none-eabi/7.2.1/../../../../arm-none-eabi/lib/thumb/v7-m/libc.a(lib_a-malloc.o)
                0x000000000000328c                free
 .text._malloc_r
                0x000000000000329c      0x524 /usr/local/mcuxpressoide-10.2.0_759/ide/tools/bin/../lib/gcc/arm-none-eabi/7.2.1/../../../../arm-none-eabi/lib/thumb/v7-m/libc.a(lib_a-mallocr.o)
                0x000000000000329c                _malloc_r
 .text          0x00000000000037c0       0xec /usr/local/mcuxpressoide-10.2.0_759/ide/tools/bin/../lib/gcc/arm-none-eabi/7.2.1/../../../../arm-none-eabi/lib/thumb/v7-m/libc.a(lib_a-memcpy.o)
                0x00000000000037c0                memcpy
 .text.memset   0x00000000000038ac       0x94 /usr/local/mcuxpressoide-10.2.0_759/ide/tools/bin/../lib/gcc/arm-none-eabi/7.2.1/../../../../arm-none-eabi/lib/thumb/v7-m/libc.a(lib_a-memset.o)
                0x00000000000038ac                memset
 .text.__malloc_lock
                0x0000000000003940        0xc /usr/local/mcuxpressoide-10.2.0_759/ide/tools/bin/../lib/gcc/arm-none-eabi/7.2.1/../../../../arm-none-eabi/lib/thumb/v7-m/libc.a(lib_a-mlock.o)
                0x0000000000003940                __malloc_lock
 .text.__malloc_unlock
                0x000000000000394c        0xc /usr/local/mcuxpressoide-10.2.0_759/ide/tools/bin/../lib/gcc/arm-none-eabi/7.2.1/../../../../arm-none-eabi/lib/thumb/v7-m/libc.a(lib_a-mlock.o)
                0x000000000000394c                __malloc_unlock
 .text.printf   0x0000000000003958       0x28 /usr/local/mcuxpressoide-10.2.0_759/ide/tools/bin/../lib/gcc/arm-none-eabi/7.2.1/../../../../arm-none-eabi/lib/thumb/v7-m/libc.a(lib_a-printf.o)
                0x0000000000003958                printf
 .text._sbrk_r  0x0000000000003980       0x24 /usr/local/mcuxpressoide-10.2.0_759/ide/tools/bin/../lib/gcc/arm-none-eabi/7.2.1/../../../../arm-none-eabi/lib/thumb/v7-m/libc.a(lib_a-sbrkr.o)
                0x0000000000003980                _sbrk_r
 .text._vfprintf_r
                0x00000000000039a4     0x1558 /usr/local/mcuxpressoide-10.2.0_759/ide/tools/bin/../lib/gcc/arm-none-eabi/7.2.1/../../../../arm-none-eabi/lib/thumb/v7-m/libc.a(lib_a-vfprintf.o)
                0x00000000000039a4                _vfprintf_r
 .text.__sbprintf
                0x0000000000004efc       0x88 /usr/local/mcuxpressoide-10.2.0_759/ide/tools/bin/../lib/gcc/arm-none-eabi/7.2.1/../../../../arm-none-eabi/lib/thumb/v7-m/libc.a(lib_a-vfprintf.o)
 .text.__swsetup_r
                0x0000000000004f84       0xcc /usr/local/mcuxpressoide-10.2.0_759/ide/tools/bin/../lib/gcc/arm-none-eabi/7.2.1/../../../../arm-none-eabi/lib/thumb/v7-m/libc.a(lib_a-wsetup.o)
                0x0000000000004f84                __swsetup_r
 .text.quorem   0x0000000000005050      0x124 /usr/local/mcuxpressoide-10.2.0_759/ide/tools/bin/../lib/gcc/arm-none-eabi/7.2.1/../../../../arm-none-eabi/lib/thumb/v7-m/libc.a(lib_a-dtoa.o)
 *fill*         0x0000000000005174        0x4 ff
 .text._dtoa_r  0x0000000000005178      0xe30 /usr/local/mcuxpressoide-10.2.0_759/ide/tools/bin/../lib/gcc/arm-none-eabi/7.2.1/../../../../arm-none-eabi/lib/thumb/v7-m/libc.a(lib_a-dtoa.o)
                0x0000000000005178                _dtoa_r
 .text.__sflush_r
                0x0000000000005fa8      0x154 /usr/local/mcuxpressoide-10.2.0_759/ide/tools/bin/../lib/gcc/arm-none-eabi/7.2.1/../../../../arm-none-eabi/lib/thumb/v7-m/libc.a(lib_a-fflush.o)
                0x0000000000005fa8                __sflush_r
 .text._fflush_r
                0x00000000000060fc       0x5c /usr/local/mcuxpressoide-10.2.0_759/ide/tools/bin/../lib/gcc/arm-none-eabi/7.2.1/../../../../arm-none-eabi/lib/thumb/v7-m/libc.a(lib_a-fflush.o)
                0x00000000000060fc                _fflush_r
 .text.std      0x0000000000006158       0x50 /usr/local/mcuxpressoide-10.2.0_759/ide/tools/bin/../lib/gcc/arm-none-eabi/7.2.1/../../../../arm-none-eabi/lib/thumb/v7-m/libc.a(lib_a-findfp.o)
 .text._cleanup_r
                0x00000000000061a8        0xc /usr/local/mcuxpressoide-10.2.0_759/ide/tools/bin/../lib/gcc/arm-none-eabi/7.2.1/../../../../arm-none-eabi/lib/thumb/v7-m/libc.a(lib_a-findfp.o)
                0x00000000000061a8                _cleanup_r
 .text.__sinit  0x00000000000061b4       0x60 /usr/local/mcuxpressoide-10.2.0_759/ide/tools/bin/../lib/gcc/arm-none-eabi/7.2.1/../../../../arm-none-eabi/lib/thumb/v7-m/libc.a(lib_a-findfp.o)
                0x00000000000061b4                __sinit
 .text.__sfp_lock_acquire
                0x0000000000006214        0xc /usr/local/mcuxpressoide-10.2.0_759/ide/tools/bin/../lib/gcc/arm-none-eabi/7.2.1/../../../../arm-none-eabi/lib/thumb/v7-m/libc.a(lib_a-findfp.o)
                0x0000000000006214                __sfp_lock_acquire
 .text.__sfp_lock_release
                0x0000000000006220        0xc /usr/local/mcuxpressoide-10.2.0_759/ide/tools/bin/../lib/gcc/arm-none-eabi/7.2.1/../../../../arm-none-eabi/lib/thumb/v7-m/libc.a(lib_a-findfp.o)
                0x0000000000006220                __sfp_lock_release
 .text._malloc_trim_r
                0x000000000000622c       0xa0 /usr/local/mcuxpressoide-10.2.0_759/ide/tools/bin/../lib/gcc/arm-none-eabi/7.2.1/../../../../arm-none-eabi/lib/thumb/v7-m/libc.a(lib_a-freer.o)
                0x000000000000622c                _malloc_trim_r
 .text._free_r  0x00000000000062cc      0x1e8 /usr/local/mcuxpressoide-10.2.0_759/ide/tools/bin/../lib/gcc/arm-none-eabi/7.2.1/../../../../arm-none-eabi/lib/thumb/v7-m/libc.a(lib_a-freer.o)
                0x00000000000062cc                _free_r
 .text._fwalk_reent
                0x00000000000064b4       0x50 /usr/local/mcuxpressoide-10.2.0_759/ide/tools/bin/../lib/gcc/arm-none-eabi/7.2.1/../../../../arm-none-eabi/lib/thumb/v7-m/libc.a(lib_a-fwalk.o)
                0x00000000000064b4                _fwalk_reent
 .text._localeconv_r
                0x0000000000006504       0x1c /usr/local/mcuxpressoide-10.2.0_759/ide/tools/bin/../lib/gcc/arm-none-eabi/7.2.1/../../../../arm-none-eabi/lib/thumb/v7-m/libc.a(lib_a-localeconv.o)
                0x0000000000006504                _localeconv_r
 .text.__retarget_lock_init_recursive
                0x0000000000006520        0x4 /usr/local/mcuxpressoide-10.2.0_759/ide/tools/bin/../lib/gcc/arm-none-eabi/7.2.1/../../../../arm-none-eabi/lib/thumb/v7-m/libc.a(lib_a-lock.o)
                0x0000000000006520                __retarget_lock_init_recursive
 .text.__retarget_lock_close_recursive
                0x0000000000006524        0x4 /usr/local/mcuxpressoide-10.2.0_759/ide/tools/bin/../lib/gcc/arm-none-eabi/7.2.1/../../../../arm-none-eabi/lib/thumb/v7-m/libc.a(lib_a-lock.o)
                0x0000000000006524                __retarget_lock_close_recursive
 .text.__retarget_lock_acquire_recursive
                0x0000000000006528        0x4 /usr/local/mcuxpressoide-10.2.0_759/ide/tools/bin/../lib/gcc/arm-none-eabi/7.2.1/../../../../arm-none-eabi/lib/thumb/v7-m/libc.a(lib_a-lock.o)
                0x0000000000006528                __retarget_lock_acquire_recursive
 .text.__retarget_lock_release_recursive
                0x000000000000652c        0x4 /usr/local/mcuxpressoide-10.2.0_759/ide/tools/bin/../lib/gcc/arm-none-eabi/7.2.1/../../../../arm-none-eabi/lib/thumb/v7-m/libc.a(lib_a-lock.o)
                0x000000000000652c                __retarget_lock_release_recursive
 .text.__swhatbuf_r
                0x0000000000006530       0x5c /usr/local/mcuxpressoide-10.2.0_759/ide/tools/bin/../lib/gcc/arm-none-eabi/7.2.1/../../../../arm-none-eabi/lib/thumb/v7-m/libc.a(lib_a-makebuf.o)
                0x0000000000006530                __swhatbuf_r
 .text.__smakebuf_r
                0x000000000000658c       0x94 /usr/local/mcuxpressoide-10.2.0_759/ide/tools/bin/../lib/gcc/arm-none-eabi/7.2.1/../../../../arm-none-eabi/lib/thumb/v7-m/libc.a(lib_a-makebuf.o)
                0x000000000000658c                __smakebuf_r
 .text.memchr   0x0000000000006620       0x8c /usr/local/mcuxpressoide-10.2.0_759/ide/tools/bin/../lib/gcc/arm-none-eabi/7.2.1/../../../../arm-none-eabi/lib/thumb/v7-m/libc.a(lib_a-memchr-stub.o)
                0x0000000000006620                memchr
 .text._Balloc  0x00000000000066ac       0x4c /usr/local/mcuxpressoide-10.2.0_759/ide/tools/bin/../lib/gcc/arm-none-eabi/7.2.1/../../../../arm-none-eabi/lib/thumb/v7-m/libc.a(lib_a-mprec.o)
                0x00000000000066ac                _Balloc
 .text._Bfree   0x00000000000066f8       0x14 /usr/local/mcuxpressoide-10.2.0_759/ide/tools/bin/../lib/gcc/arm-none-eabi/7.2.1/../../../../arm-none-eabi/lib/thumb/v7-m/libc.a(lib_a-mprec.o)
                0x00000000000066f8                _Bfree
 .text.__multadd
                0x000000000000670c       0x84 /usr/local/mcuxpressoide-10.2.0_759/ide/tools/bin/../lib/gcc/arm-none-eabi/7.2.1/../../../../arm-none-eabi/lib/thumb/v7-m/libc.a(lib_a-mprec.o)
                0x000000000000670c                __multadd
 .text.__hi0bits
                0x0000000000006790       0x40 /usr/local/mcuxpressoide-10.2.0_759/ide/tools/bin/../lib/gcc/arm-none-eabi/7.2.1/../../../../arm-none-eabi/lib/thumb/v7-m/libc.a(lib_a-mprec.o)
                0x0000000000006790                __hi0bits
 .text.__lo0bits
                0x00000000000067d0       0x60 /usr/local/mcuxpressoide-10.2.0_759/ide/tools/bin/../lib/gcc/arm-none-eabi/7.2.1/../../../../arm-none-eabi/lib/thumb/v7-m/libc.a(lib_a-mprec.o)
                0x00000000000067d0                __lo0bits
 .text.__i2b    0x0000000000006830       0x14 /usr/local/mcuxpressoide-10.2.0_759/ide/tools/bin/../lib/gcc/arm-none-eabi/7.2.1/../../../../arm-none-eabi/lib/thumb/v7-m/libc.a(lib_a-mprec.o)
                0x0000000000006830                __i2b
 .text.__multiply
                0x0000000000006844      0x14c /usr/local/mcuxpressoide-10.2.0_759/ide/tools/bin/../lib/gcc/arm-none-eabi/7.2.1/../../../../arm-none-eabi/lib/thumb/v7-m/libc.a(lib_a-mprec.o)
                0x0000000000006844                __multiply
 .text.__pow5mult
                0x0000000000006990       0xa0 /usr/local/mcuxpressoide-10.2.0_759/ide/tools/bin/../lib/gcc/arm-none-eabi/7.2.1/../../../../arm-none-eabi/lib/thumb/v7-m/libc.a(lib_a-mprec.o)
                0x0000000000006990                __pow5mult
 .text.__lshift
                0x0000000000006a30       0xb4 /usr/local/mcuxpressoide-10.2.0_759/ide/tools/bin/../lib/gcc/arm-none-eabi/7.2.1/../../../../arm-none-eabi/lib/thumb/v7-m/libc.a(lib_a-mprec.o)
                0x0000000000006a30                __lshift
 .text.__mcmp   0x0000000000006ae4       0x38 /usr/local/mcuxpressoide-10.2.0_759/ide/tools/bin/../lib/gcc/arm-none-eabi/7.2.1/../../../../arm-none-eabi/lib/thumb/v7-m/libc.a(lib_a-mprec.o)
                0x0000000000006ae4                __mcmp
 .text.__mdiff  0x0000000000006b1c      0x100 /usr/local/mcuxpressoide-10.2.0_759/ide/tools/bin/../lib/gcc/arm-none-eabi/7.2.1/../../../../arm-none-eabi/lib/thumb/v7-m/libc.a(lib_a-mprec.o)
                0x0000000000006b1c                __mdiff
 .text.__d2b    0x0000000000006c1c       0xb0 /usr/local/mcuxpressoide-10.2.0_759/ide/tools/bin/../lib/gcc/arm-none-eabi/7.2.1/../../../../arm-none-eabi/lib/thumb/v7-m/libc.a(lib_a-mprec.o)
                0x0000000000006c1c                __d2b
 .text.__sread  0x0000000000006ccc       0x24 /usr/local/mcuxpressoide-10.2.0_759/ide/tools/bin/../lib/gcc/arm-none-eabi/7.2.1/../../../../arm-none-eabi/lib/thumb/v7-m/libc.a(lib_a-stdio.o)
                0x0000000000006ccc                __sread
 .text.__swrite
                0x0000000000006cf0       0x3c /usr/local/mcuxpressoide-10.2.0_759/ide/tools/bin/../lib/gcc/arm-none-eabi/7.2.1/../../../../arm-none-eabi/lib/thumb/v7-m/libc.a(lib_a-stdio.o)
                0x0000000000006cf0                __swrite
 .text.__sseek  0x0000000000006d2c       0x20 /usr/local/mcuxpressoide-10.2.0_759/ide/tools/bin/../lib/gcc/arm-none-eabi/7.2.1/../../../../arm-none-eabi/lib/thumb/v7-m/libc.a(lib_a-stdio.o)
                0x0000000000006d2c                __sseek
 .text.__sclose
                0x0000000000006d4c        0x8 /usr/local/mcuxpressoide-10.2.0_759/ide/tools/bin/../lib/gcc/arm-none-eabi/7.2.1/../../../../arm-none-eabi/lib/thumb/v7-m/libc.a(lib_a-stdio.o)
                0x0000000000006d4c                __sclose
 .text.strlen   0x0000000000006d54       0x5c /usr/local/mcuxpressoide-10.2.0_759/ide/tools/bin/../lib/gcc/arm-none-eabi/7.2.1/../../../../arm-none-eabi/lib/thumb/v7-m/libc.a(lib_a-strlen-stub.o)
                0x0000000000006d54                strlen
 .text.__sprint_r.part.0
                0x0000000000006db0       0x78 /usr/local/mcuxpressoide-10.2.0_759/ide/tools/bin/../lib/gcc/arm-none-eabi/7.2.1/../../../../arm-none-eabi/lib/thumb/v7-m/libc.a(lib_a-vfiprintf.o)
 .text.__sprint_r
                0x0000000000006e28       0x14 /usr/local/mcuxpressoide-10.2.0_759/ide/tools/bin/../lib/gcc/arm-none-eabi/7.2.1/../../../../arm-none-eabi/lib/thumb/v7-m/libc.a(lib_a-vfiprintf.o)
                0x0000000000006e28                __sprint_r
 .text._write_r
                0x0000000000006e3c       0x2c /usr/local/mcuxpressoide-10.2.0_759/ide/tools/bin/../lib/gcc/arm-none-eabi/7.2.1/../../../../arm-none-eabi/lib/thumb/v7-m/libc.a(lib_a-writer.o)
                0x0000000000006e3c                _write_r
 .text._calloc_r
                0x0000000000006e68       0x6c /usr/local/mcuxpressoide-10.2.0_759/ide/tools/bin/../lib/gcc/arm-none-eabi/7.2.1/../../../../arm-none-eabi/lib/thumb/v7-m/libc.a(lib_a-callocr.o)
                0x0000000000006e68                _calloc_r
 .text._close_r
                0x0000000000006ed4       0x24 /usr/local/mcuxpressoide-10.2.0_759/ide/tools/bin/../lib/gcc/arm-none-eabi/7.2.1/../../../../arm-none-eabi/lib/thumb/v7-m/libc.a(lib_a-closer.o)
                0x0000000000006ed4                _close_r
 .text._fclose_r
                0x0000000000006ef8       0xd0 /usr/local/mcuxpressoide-10.2.0_759/ide/tools/bin/../lib/gcc/arm-none-eabi/7.2.1/../../../../arm-none-eabi/lib/thumb/v7-m/libc.a(lib_a-fclose.o)
                0x0000000000006ef8                _fclose_r
 .text.__fputwc
                0x0000000000006fc8       0x94 /usr/local/mcuxpressoide-10.2.0_759/ide/tools/bin/../lib/gcc/arm-none-eabi/7.2.1/../../../../arm-none-eabi/lib/thumb/v7-m/libc.a(lib_a-fputwc.o)
                0x0000000000006fc8                __fputwc
 .text._fputwc_r
                0x000000000000705c       0x64 /usr/local/mcuxpressoide-10.2.0_759/ide/tools/bin/../lib/gcc/arm-none-eabi/7.2.1/../../../../arm-none-eabi/lib/thumb/v7-m/libc.a(lib_a-fputwc.o)
                0x000000000000705c                _fputwc_r
 .text._fstat_r
                0x00000000000070c0       0x28 /usr/local/mcuxpressoide-10.2.0_759/ide/tools/bin/../lib/gcc/arm-none-eabi/7.2.1/../../../../arm-none-eabi/lib/thumb/v7-m/libc.a(lib_a-fstatr.o)
                0x00000000000070c0                _fstat_r
 .text.__sfvwrite_r
                0x00000000000070e8      0x2f4 /usr/local/mcuxpressoide-10.2.0_759/ide/tools/bin/../lib/gcc/arm-none-eabi/7.2.1/../../../../arm-none-eabi/lib/thumb/v7-m/libc.a(lib_a-fvwrite.o)
                0x00000000000070e8                __sfvwrite_r
 .text._isatty_r
                0x00000000000073dc       0x24 /usr/local/mcuxpressoide-10.2.0_759/ide/tools/bin/../lib/gcc/arm-none-eabi/7.2.1/../../../../arm-none-eabi/lib/thumb/v7-m/libc.a(lib_a-isattyr.o)
                0x00000000000073dc                _isatty_r
 .text.__locale_mb_cur_max
                0x0000000000007400       0x1c /usr/local/mcuxpressoide-10.2.0_759/ide/tools/bin/../lib/gcc/arm-none-eabi/7.2.1/../../../../arm-none-eabi/lib/thumb/v7-m/libc.a(lib_a-locale.o)
                0x0000000000007400                __locale_mb_cur_max
 .text._lseek_r
                0x000000000000741c       0x2c /usr/local/mcuxpressoide-10.2.0_759/ide/tools/bin/../lib/gcc/arm-none-eabi/7.2.1/../../../../arm-none-eabi/lib/thumb/v7-m/libc.a(lib_a-lseekr.o)
                0x000000000000741c                _lseek_r
 .text.__ascii_mbtowc
                0x0000000000007448       0x2c /usr/local/mcuxpressoide-10.2.0_759/ide/tools/bin/../lib/gcc/arm-none-eabi/7.2.1/../../../../arm-none-eabi/lib/thumb/v7-m/libc.a(lib_a-mbtowc_r.o)
                0x0000000000007448                __ascii_mbtowc
 .text.memmove  0x0000000000007474       0xc4 /usr/local/mcuxpressoide-10.2.0_759/ide/tools/bin/../lib/gcc/arm-none-eabi/7.2.1/../../../../arm-none-eabi/lib/thumb/v7-m/libc.a(lib_a-memmove.o)
                0x0000000000007474                memmove
 .text._read_r  0x0000000000007538       0x2c /usr/local/mcuxpressoide-10.2.0_759/ide/tools/bin/../lib/gcc/arm-none-eabi/7.2.1/../../../../arm-none-eabi/lib/thumb/v7-m/libc.a(lib_a-readr.o)
                0x0000000000007538                _read_r
 .text._realloc_r
                0x0000000000007564      0x374 /usr/local/mcuxpressoide-10.2.0_759/ide/tools/bin/../lib/gcc/arm-none-eabi/7.2.1/../../../../arm-none-eabi/lib/thumb/v7-m/libc.a(lib_a-reallocr.o)
                0x0000000000007564                _realloc_r
 .text.__swbuf_r
                0x00000000000078d8       0xb0 /usr/local/mcuxpressoide-10.2.0_759/ide/tools/bin/../lib/gcc/arm-none-eabi/7.2.1/../../../../arm-none-eabi/lib/thumb/v7-m/libc.a(lib_a-wbuf.o)
                0x00000000000078d8                __swbuf_r
 .text._wcrtomb_r
                0x0000000000007988       0x54 /usr/local/mcuxpressoide-10.2.0_759/ide/tools/bin/../lib/gcc/arm-none-eabi/7.2.1/../../../../arm-none-eabi/lib/thumb/v7-m/libc.a(lib_a-wcrtomb.o)
                0x0000000000007988                _wcrtomb_r
 .text.__ascii_wctomb
                0x00000000000079dc       0x18 /usr/local/mcuxpressoide-10.2.0_759/ide/tools/bin/../lib/gcc/arm-none-eabi/7.2.1/../../../../arm-none-eabi/lib/thumb/v7-m/libc.a(lib_a-wctomb_r.o)
                0x00000000000079dc                __ascii_wctomb
 .text._sbrk    0x00000000000079f4       0x3c /usr/local/mcuxpressoide-10.2.0_759/ide/tools/bin/../lib/gcc/arm-none-eabi/7.2.1/../../../../arm-none-eabi/lib/thumb/v7-m/libcr_newlib_nohost.a(_cr_sbrk.o)
                0x00000000000079f4                _sbrk
 .text._close   0x0000000000007a30       0x10 /usr/local/mcuxpressoide-10.2.0_759/ide/tools/bin/../lib/gcc/arm-none-eabi/7.2.1/../../../../arm-none-eabi/lib/thumb/v7-m/libcr_newlib_nohost.a(close.o)
                0x0000000000007a30                _close
 .text._fstat   0x0000000000007a40       0x10 /usr/local/mcuxpressoide-10.2.0_759/ide/tools/bin/../lib/gcc/arm-none-eabi/7.2.1/../../../../arm-none-eabi/lib/thumb/v7-m/libcr_newlib_nohost.a(fstat.o)
                0x0000000000007a40                _fstat
 .text._isatty  0x0000000000007a50       0x10 /usr/local/mcuxpressoide-10.2.0_759/ide/tools/bin/../lib/gcc/arm-none-eabi/7.2.1/../../../../arm-none-eabi/lib/thumb/v7-m/libcr_newlib_nohost.a(isatty.o)
                0x0000000000007a50                _isatty
 .text._lseek   0x0000000000007a60       0x10 /usr/local/mcuxpressoide-10.2.0_759/ide/tools/bin/../lib/gcc/arm-none-eabi/7.2.1/../../../../arm-none-eabi/lib/thumb/v7-m/libcr_newlib_nohost.a(lseek.o)
                0x0000000000007a60                _lseek
 .text._read    0x0000000000007a70       0x10 /usr/local/mcuxpressoide-10.2.0_759/ide/tools/bin/../lib/gcc/arm-none-eabi/7.2.1/../../../../arm-none-eabi/lib/thumb/v7-m/libcr_newlib_nohost.a(read.o)
                0x0000000000007a70                _read
 .text._write   0x0000000000007a80       0x10 /usr/local/mcuxpressoide-10.2.0_759/ide/tools/bin/../lib/gcc/arm-none-eabi/7.2.1/../../../../arm-none-eabi/lib/thumb/v7-m/libcr_newlib_nohost.a(write.o)
                0x0000000000007a80                _write
 .text.__check_heap_overflow
                0x0000000000007a90       0x18 /usr/local/mcuxpressoide-10.2.0_759/ide/tools/bin/../lib/gcc/arm-none-eabi/7.2.1/../../../../arm-none-eabi/lib/thumb/v7-m/libcr_newlib_nohost.a(_cr_check_heap.o)
                0x0000000000007a90                __check_heap_overflow
 .text          0x0000000000007aa8       0x40 /usr/local/mcuxpressoide-10.2.0_759/ide/tools/bin/../lib/gcc/arm-none-eabi/7.2.1/thumb/v7-m/crtbegin.o
 .text          0x0000000000007ae8      0x378 /usr/local/mcuxpressoide-10.2.0_759/ide/tools/bin/../lib/gcc/arm-none-eabi/7.2.1/thumb/v7-m/libgcc.a(_arm_addsubdf3.o)
                0x0000000000007ae8                __aeabi_drsub
                0x0000000000007af0                __aeabi_dsub
                0x0000000000007af0                __subdf3
                0x0000000000007af4                __adddf3
                0x0000000000007af4                __aeabi_dadd
                0x0000000000007d6c                __aeabi_ui2d
                0x0000000000007d6c                __floatunsidf
                0x0000000000007d8c                __floatsidf
                0x0000000000007d8c                __aeabi_i2d
                0x0000000000007db0                __extendsfdf2
                0x0000000000007db0                __aeabi_f2d
                0x0000000000007df4                __aeabi_ul2d
                0x0000000000007df4                __floatundidf
                0x0000000000007e04                __floatdidf
                0x0000000000007e04                __aeabi_l2d
 .text          0x0000000000007e60      0x424 /usr/local/mcuxpressoide-10.2.0_759/ide/tools/bin/../lib/gcc/arm-none-eabi/7.2.1/thumb/v7-m/libgcc.a(_arm_muldivdf3.o)
                0x0000000000007e60                __aeabi_dmul
                0x0000000000007e60                __muldf3
                0x00000000000080b4                __aeabi_ddiv
                0x00000000000080b4                __divdf3
 .text          0x0000000000008284      0x110 /usr/local/mcuxpressoide-10.2.0_759/ide/tools/bin/../lib/gcc/arm-none-eabi/7.2.1/thumb/v7-m/libgcc.a(_arm_cmpdf2.o)
                0x0000000000008284                __gtdf2
                0x0000000000008284                __gedf2
                0x000000000000828c                __ltdf2
                0x000000000000828c                __ledf2
                0x0000000000008294                __cmpdf2
                0x0000000000008294                __eqdf2
                0x0000000000008294                __nedf2
                0x0000000000008310                __aeabi_cdrcmple
                0x0000000000008320                __aeabi_cdcmple
                0x0000000000008320                __aeabi_cdcmpeq
                0x0000000000008330                __aeabi_dcmpeq
                0x0000000000008344                __aeabi_dcmplt
                0x0000000000008358                __aeabi_dcmple
                0x000000000000836c                __aeabi_dcmpge
                0x0000000000008380                __aeabi_dcmpgt
 .text          0x0000000000008394       0x2c /usr/local/mcuxpressoide-10.2.0_759/ide/tools/bin/../lib/gcc/arm-none-eabi/7.2.1/thumb/v7-m/libgcc.a(_arm_unorddf2.o)
                0x0000000000008394                __aeabi_dcmpun
                0x0000000000008394                __unorddf2
 .text          0x00000000000083c0       0x50 /usr/local/mcuxpressoide-10.2.0_759/ide/tools/bin/../lib/gcc/arm-none-eabi/7.2.1/thumb/v7-m/libgcc.a(_arm_fixdfsi.o)
                0x00000000000083c0                __fixdfsi
                0x00000000000083c0                __aeabi_d2iz
 .text.__errno  0x0000000000008410        0xc /usr/local/mcuxpressoide-10.2.0_759/ide/tools/bin/../lib/gcc/arm-none-eabi/7.2.1/../../../../arm-none-eabi/lib/thumb/v7-m/libc.a(lib_a-errno.o)
                0x0000000000008410                __errno
 *(.rodata .rodata.* .constdata .constdata.*)
 .rodata        0x000000000000841c       0x4a ./src/Tarak0.o
 *fill*         0x0000000000008466        0x2 ff
 .rodata        0x0000000000008468        0x5 ./src/tasks.o
 *fill*         0x000000000000846d        0x3 ff
 .rodata.OscRateIn
                0x0000000000008470        0x4 /home/tarak/Documents/MCUXpresso_10.2.0_759/workspace/lpc_board_nxp_lpcxpresso_1769/Debug/liblpc_board_nxp_lpcxpresso_1769.a(board.o)
                0x0000000000008470                OscRateIn
 .rodata.RTCOscRateIn
                0x0000000000008474        0x4 /home/tarak/Documents/MCUXpresso_10.2.0_759/workspace/lpc_board_nxp_lpcxpresso_1769/Debug/liblpc_board_nxp_lpcxpresso_1769.a(board.o)
                0x0000000000008474                RTCOscRateIn
 .rodata.pinmuxing
                0x0000000000008478       0x5c /home/tarak/Documents/MCUXpresso_10.2.0_759/workspace/lpc_board_nxp_lpcxpresso_1769/Debug/liblpc_board_nxp_lpcxpresso_1769.a(board_sysinit.o)
 .rodata._vfprintf_r.str1.4
                0x00000000000084d4       0x42 /usr/local/mcuxpressoide-10.2.0_759/ide/tools/bin/../lib/gcc/arm-none-eabi/7.2.1/../../../../arm-none-eabi/lib/thumb/v7-m/libc.a(lib_a-vfprintf.o)
 *fill*         0x0000000000008516        0x2 ff
 .rodata.blanks.7291
                0x0000000000008518       0x10 /usr/local/mcuxpressoide-10.2.0_759/ide/tools/bin/../lib/gcc/arm-none-eabi/7.2.1/../../../../arm-none-eabi/lib/thumb/v7-m/libc.a(lib_a-vfprintf.o)
 .rodata.zeroes.7292
                0x0000000000008528       0x10 /usr/local/mcuxpressoide-10.2.0_759/ide/tools/bin/../lib/gcc/arm-none-eabi/7.2.1/../../../../arm-none-eabi/lib/thumb/v7-m/libc.a(lib_a-vfprintf.o)
 .rodata._dtoa_r.str1.4
                0x0000000000008538       0x10 /usr/local/mcuxpressoide-10.2.0_759/ide/tools/bin/../lib/gcc/arm-none-eabi/7.2.1/../../../../arm-none-eabi/lib/thumb/v7-m/libc.a(lib_a-dtoa.o)
                                         0x12 (size before relaxing)
 .rodata.__mprec_bigtens
                0x0000000000008548       0x28 /usr/local/mcuxpressoide-10.2.0_759/ide/tools/bin/../lib/gcc/arm-none-eabi/7.2.1/../../../../arm-none-eabi/lib/thumb/v7-m/libc.a(lib_a-mprec.o)
                0x0000000000008548                __mprec_bigtens
 .rodata.__mprec_tens
                0x0000000000008570       0xc8 /usr/local/mcuxpressoide-10.2.0_759/ide/tools/bin/../lib/gcc/arm-none-eabi/7.2.1/../../../../arm-none-eabi/lib/thumb/v7-m/libc.a(lib_a-mprec.o)
                0x0000000000008570                __mprec_tens
 .rodata.p05.6092
                0x0000000000008638        0xc /usr/local/mcuxpressoide-10.2.0_759/ide/tools/bin/../lib/gcc/arm-none-eabi/7.2.1/../../../../arm-none-eabi/lib/thumb/v7-m/libc.a(lib_a-mprec.o)
 .rodata._setlocale_r.str1.4
                0x0000000000008644        0xa /usr/local/mcuxpressoide-10.2.0_759/ide/tools/bin/../lib/gcc/arm-none-eabi/7.2.1/../../../../arm-none-eabi/lib/thumb/v7-m/libc.a(lib_a-locale.o)
                                          0xd (size before relaxing)
 *fill*         0x000000000000864e        0x2 ff
 .rodata.str1.4
                0x0000000000008650        0x4 /usr/local/mcuxpressoide-10.2.0_759/ide/tools/bin/../lib/gcc/arm-none-eabi/7.2.1/../../../../arm-none-eabi/lib/thumb/v7-m/libc.a(lib_a-locale.o)
                                          0x2 (size before relaxing)
 .rodata._ctype_
                0x0000000000008654      0x101 /usr/local/mcuxpressoide-10.2.0_759/ide/tools/bin/../lib/gcc/arm-none-eabi/7.2.1/../../../../arm-none-eabi/lib/thumb/v7-m/libc.a(lib_a-ctype_.o)
                0x0000000000008654                _ctype_
                0x0000000000008758                . = ALIGN (0x4)
 *fill*         0x0000000000008755        0x3 ff
                0x0000000000008758                . = ALIGN (0x4)
 *(.init)
 .init          0x0000000000008758        0x4 /usr/local/mcuxpressoide-10.2.0_759/ide/tools/bin/../lib/gcc/arm-none-eabi/7.2.1/thumb/v7-m/crti.o
                0x0000000000008758                _init
 .init          0x000000000000875c        0x8 /usr/local/mcuxpressoide-10.2.0_759/ide/tools/bin/../lib/gcc/arm-none-eabi/7.2.1/thumb/v7-m/crtn.o
                0x0000000000008764                . = ALIGN (0x4)
                0x0000000000008764                __preinit_array_start = .
 *(.preinit_array)
                0x0000000000008764                __preinit_array_end = .
                0x0000000000008764                . = ALIGN (0x4)
                0x0000000000008764                __init_array_start = .
 *(SORT_BY_NAME(.init_array.*))
 *(.init_array)
 .init_array    0x0000000000008764        0x4 /usr/local/mcuxpressoide-10.2.0_759/ide/tools/bin/../lib/gcc/arm-none-eabi/7.2.1/thumb/v7-m/crtbegin.o
                0x0000000000008768                __init_array_end = .
 *(.fini)
 .fini          0x0000000000008768        0x4 /usr/local/mcuxpressoide-10.2.0_759/ide/tools/bin/../lib/gcc/arm-none-eabi/7.2.1/thumb/v7-m/crti.o
                0x0000000000008768                _fini
 .fini          0x000000000000876c        0x8 /usr/local/mcuxpressoide-10.2.0_759/ide/tools/bin/../lib/gcc/arm-none-eabi/7.2.1/thumb/v7-m/crtn.o
                0x0000000000008774                . = ALIGN (0x4)
 *crtbegin.o(.ctors)
 *(EXCLUDE_FILE(*crtend.o) .ctors)
 *(SORT_BY_NAME(.ctors.*))
 *crtend.o(.ctors)
                0x0000000000008774                . = ALIGN (0x4)
 *crtbegin.o(.dtors)
 *(EXCLUDE_FILE(*crtend.o) .dtors)
 *(SORT_BY_NAME(.dtors.*))
 *crtend.o(.dtors)
                0x0000000000008774                . = ALIGN (0x4)

.glue_7         0x0000000000008774        0x0
 .glue_7        0x0000000000008774        0x0 linker stubs

.glue_7t        0x0000000000008774        0x0
 .glue_7t       0x0000000000008774        0x0 linker stubs

.vfp11_veneer   0x0000000000008774        0x0
 .vfp11_veneer  0x0000000000008774        0x0 linker stubs

.v4_bx          0x0000000000008774        0x0
 .v4_bx         0x0000000000008774        0x0 linker stubs

.iplt           0x0000000000008774        0x0
 .iplt          0x0000000000008774        0x0 ./src/FreeRTOSCommonHooks.o

.ARM.extab
 *(.ARM.extab* .gnu.linkonce.armextab.*)
                0x0000000000008774                __exidx_start = .

.ARM.exidx      0x0000000000008774        0x8
 *(.ARM.exidx* .gnu.linkonce.armexidx.*)
 .ARM.exidx     0x0000000000008774        0x8 /usr/local/mcuxpressoide-10.2.0_759/ide/tools/bin/../lib/gcc/arm-none-eabi/7.2.1/thumb/v7-m/libgcc.a(_udivmoddi4.o)
                0x000000000000877c                __exidx_end = .
                0x000000000000877c                _etext = .

.rel.dyn        0x000000000000877c        0x0
 .rel.iplt      0x000000000000877c        0x0 ./src/FreeRTOSCommonHooks.o

.eh_frame       0x000000000000877c        0x0
 .eh_frame      0x000000000000877c        0x0 /usr/local/mcuxpressoide-10.2.0_759/ide/tools/bin/../lib/gcc/arm-none-eabi/7.2.1/thumb/v7-m/crtbegin.o

.data_RAM2      0x000000002007c000        0x0 load address 0x000000000000877c
 FILL mask 0xff
                [!provide]                        PROVIDE (__start_data_RAM2, .)
 *(.ramfunc.$RAM2)
 *(.ramfunc.$RamAHB32)
 *(.data.$RAM2*)
 *(.data.$RamAHB32*)
                0x000000002007c000                . = ALIGN (0x4)
                [!provide]                        PROVIDE (__end_data_RAM2, .)

.uninit_RESERVED
                0x0000000010000000        0x0
 *(.bss.$RESERVED*)
                0x0000000010000000                . = ALIGN (0x4)
                0x0000000010000000                _end_uninit_RESERVED = .

.data           0x0000000010000000      0x9b4 load address 0x000000000000877c
 FILL mask 0xff
                0x0000000010000000                _data = .
 *(vtable)
 *(.ramfunc*)
 *(.data*)
 .data.output   0x0000000010000000        0x1 ./src/Tarak0.o
                0x0000000010000000                output
 .data.set      0x0000000010000001        0x1 ./src/gpiopin.o
                0x0000000010000001                set
 *fill*         0x0000000010000002        0x2 ff
 .data.uxCriticalNesting
                0x0000000010000004        0x4 ./src/port.o
 .data.xNextTaskUnblockTime
                0x0000000010000008        0x4 ./src/tasks.o
 .data.__malloc_av_
                0x000000001000000c      0x408 /usr/local/mcuxpressoide-10.2.0_759/ide/tools/bin/../lib/gcc/arm-none-eabi/7.2.1/../../../../arm-none-eabi/lib/thumb/v7-m/libc.a(lib_a-mallocr.o)
                0x000000001000000c                __malloc_av_
 .data.__malloc_sbrk_base
                0x0000000010000414        0x4 /usr/local/mcuxpressoide-10.2.0_759/ide/tools/bin/../lib/gcc/arm-none-eabi/7.2.1/../../../../arm-none-eabi/lib/thumb/v7-m/libc.a(lib_a-mallocr.o)
                0x0000000010000414                __malloc_sbrk_base
 .data.__malloc_trim_threshold
                0x0000000010000418        0x4 /usr/local/mcuxpressoide-10.2.0_759/ide/tools/bin/../lib/gcc/arm-none-eabi/7.2.1/../../../../arm-none-eabi/lib/thumb/v7-m/libc.a(lib_a-mallocr.o)
                0x0000000010000418                __malloc_trim_threshold
 .data._impure_ptr
                0x000000001000041c        0x4 /usr/local/mcuxpressoide-10.2.0_759/ide/tools/bin/../lib/gcc/arm-none-eabi/7.2.1/../../../../arm-none-eabi/lib/thumb/v7-m/libc.a(lib_a-impure.o)
                0x000000001000041c                _impure_ptr
 .data.impure_data
                0x0000000010000420      0x428 /usr/local/mcuxpressoide-10.2.0_759/ide/tools/bin/../lib/gcc/arm-none-eabi/7.2.1/../../../../arm-none-eabi/lib/thumb/v7-m/libc.a(lib_a-impure.o)
 .data.__global_locale
                0x0000000010000848      0x16c /usr/local/mcuxpressoide-10.2.0_759/ide/tools/bin/../lib/gcc/arm-none-eabi/7.2.1/../../../../arm-none-eabi/lib/thumb/v7-m/libc.a(lib_a-locale.o)
                0x0000000010000848                __global_locale
                0x00000000100009b4                . = ALIGN (0x4)
                0x00000000100009b4                _edata = .

.igot.plt       0x00000000100009b4        0x0 load address 0x0000000000009130
 .igot.plt      0x00000000100009b4        0x0 ./src/FreeRTOSCommonHooks.o

.bss_RAM2       0x000000002007c000        0x0
                [!provide]                        PROVIDE (__start_bss_RAM2, .)
 *(.bss.$RAM2*)
 *(.bss.$RamAHB32*)
                0x000000002007c000                . = ALIGN ((. != 0x0)?0x4:0x1)
                [!provide]                        PROVIDE (__end_bss_RAM2, .)

.bss            0x00000000100009b4      0x1e4
                0x00000000100009b4                _bss = .
 *(.bss*)
 .bss.input     0x00000000100009b4        0x1 ./src/Tarak0.o
                0x00000000100009b4                input
 *fill*         0x00000000100009b5        0x3 
 .bss.mu        0x00000000100009b8        0x4 ./src/Tarak0.o
                0x00000000100009b8                mu
 .bss.mu1       0x00000000100009bc        0x4 ./src/Tarak0.o
                0x00000000100009bc                mu1
 .bss.muf       0x00000000100009c0        0x4 ./src/Tarak0.o
                0x00000000100009c0                muf
 .bss.the_signal
                0x00000000100009c4        0x4 ./src/Tarak0.o
                0x00000000100009c4                the_signal
 .bss.the_signal2
                0x00000000100009c8        0x4 ./src/Tarak0.o
                0x00000000100009c8                the_signal2
 .bss.queue_handle
                0x00000000100009cc        0x4 ./src/Tarak0.o
                0x00000000100009cc                queue_handle
 .bss.clear     0x00000000100009d0        0x1 ./src/gpiopin.o
                0x00000000100009d0                clear
 *fill*         0x00000000100009d1        0x3 
 .bss.ulTimerCountsForOneTick
                0x00000000100009d4        0x4 ./src/port.o
 .bss.xMaximumPossibleSuppressedTicks
                0x00000000100009d8        0x4 ./src/port.o
 .bss.ulStoppedTimerCompensation
                0x00000000100009dc        0x4 ./src/port.o
 .bss.pxCurrentTCB
                0x00000000100009e0        0x4 ./src/tasks.o
                0x00000000100009e0                pxCurrentTCB
 .bss.pxReadyTasksLists
                0x00000000100009e4       0xa0 ./src/tasks.o
 .bss.xDelayedTaskList1
                0x0000000010000a84       0x14 ./src/tasks.o
 .bss.xDelayedTaskList2
                0x0000000010000a98       0x14 ./src/tasks.o
 .bss.pxDelayedTaskList
                0x0000000010000aac        0x4 ./src/tasks.o
 .bss.pxOverflowDelayedTaskList
                0x0000000010000ab0        0x4 ./src/tasks.o
 .bss.xPendingReadyList
                0x0000000010000ab4       0x14 ./src/tasks.o
 .bss.xTasksWaitingTermination
                0x0000000010000ac8       0x14 ./src/tasks.o
 .bss.uxTasksDeleted
                0x0000000010000adc        0x4 ./src/tasks.o
 .bss.xSuspendedTaskList
                0x0000000010000ae0       0x14 ./src/tasks.o
 .bss.uxCurrentNumberOfTasks
                0x0000000010000af4        0x4 ./src/tasks.o
 .bss.xTickCount
                0x0000000010000af8        0x4 ./src/tasks.o
 .bss.uxTopReadyPriority
                0x0000000010000afc        0x4 ./src/tasks.o
 .bss.xSchedulerRunning
                0x0000000010000b00        0x4 ./src/tasks.o
 .bss.uxSchedulerSuspended
                0x0000000010000b04        0x4 ./src/tasks.o
 .bss.uxPendedTicks
                0x0000000010000b08        0x4 ./src/tasks.o
 .bss.xYieldPending
                0x0000000010000b0c        0x4 ./src/tasks.o
 .bss.xNumOfOverflows
                0x0000000010000b10        0x4 ./src/tasks.o
 .bss.uxTaskNumber
                0x0000000010000b14        0x4 ./src/tasks.o
 .bss.__malloc_current_mallinfo
                0x0000000010000b18       0x28 /usr/local/mcuxpressoide-10.2.0_759/ide/tools/bin/../lib/gcc/arm-none-eabi/7.2.1/../../../../arm-none-eabi/lib/thumb/v7-m/libc.a(lib_a-mallocr.o)
                0x0000000010000b18                __malloc_current_mallinfo
 .bss.__malloc_max_sbrked_mem
                0x0000000010000b40        0x4 /usr/local/mcuxpressoide-10.2.0_759/ide/tools/bin/../lib/gcc/arm-none-eabi/7.2.1/../../../../arm-none-eabi/lib/thumb/v7-m/libc.a(lib_a-mallocr.o)
                0x0000000010000b40                __malloc_max_sbrked_mem
 .bss.__malloc_max_total_mem
                0x0000000010000b44        0x4 /usr/local/mcuxpressoide-10.2.0_759/ide/tools/bin/../lib/gcc/arm-none-eabi/7.2.1/../../../../arm-none-eabi/lib/thumb/v7-m/libc.a(lib_a-mallocr.o)
                0x0000000010000b44                __malloc_max_total_mem
 .bss.__malloc_top_pad
                0x0000000010000b48        0x4 /usr/local/mcuxpressoide-10.2.0_759/ide/tools/bin/../lib/gcc/arm-none-eabi/7.2.1/../../../../arm-none-eabi/lib/thumb/v7-m/libc.a(lib_a-mallocr.o)
                0x0000000010000b48                __malloc_top_pad
 .bss.__end_of_heap
                0x0000000010000b4c        0x4 /usr/local/mcuxpressoide-10.2.0_759/ide/tools/bin/../lib/gcc/arm-none-eabi/7.2.1/../../../../arm-none-eabi/lib/thumb/v7-m/libcr_newlib_nohost.a(_cr_sbrk.o)
                0x0000000010000b4c                __end_of_heap
 .bss           0x0000000010000b50       0x1c /usr/local/mcuxpressoide-10.2.0_759/ide/tools/bin/../lib/gcc/arm-none-eabi/7.2.1/thumb/v7-m/crtbegin.o
 *(COMMON)
 COMMON         0x0000000010000b6c        0x4 /home/tarak/Documents/MCUXpresso_10.2.0_759/workspace/lpc_chip_175x_6x/Debug/liblpc_chip_175x_6x.a(chip_17xx_40xx.o)
                0x0000000010000b6c                SystemCoreClock
 COMMON         0x0000000010000b70       0x21 /usr/local/mcuxpressoide-10.2.0_759/ide/tools/bin/../lib/gcc/arm-none-eabi/7.2.1/../../../../arm-none-eabi/lib/thumb/v7-m/libc.a(lib_a-lock.o)
                0x0000000010000b70                __lock___atexit_recursive_mutex
                0x0000000010000b74                __lock___arc4random_mutex
                0x0000000010000b78                __lock___env_recursive_mutex
                0x0000000010000b7c                __lock___sinit_recursive_mutex
                0x0000000010000b80                __lock___malloc_recursive_mutex
                0x0000000010000b84                __lock___at_quick_exit_mutex
                0x0000000010000b88                __lock___dd_hash_mutex
                0x0000000010000b8c                __lock___tz_mutex
                0x0000000010000b90                __lock___sfp_recursive_mutex
 *fill*         0x0000000010000b91        0x3 
 COMMON         0x0000000010000b94        0x4 /usr/local/mcuxpressoide-10.2.0_759/ide/tools/bin/../lib/gcc/arm-none-eabi/7.2.1/../../../../arm-none-eabi/lib/thumb/v7-m/libc.a(lib_a-reent.o)
                0x0000000010000b94                errno
                0x0000000010000b98                . = ALIGN (0x4)
                0x0000000010000b98                _ebss = .
                [!provide]                        PROVIDE (end, .)

.noinit_RAM2    0x000000002007c000        0x0
 *(.noinit.$RAM2*)
 *(.noinit.$RamAHB32*)
                0x000000002007c000                . = ALIGN (0x4)

.noinit         0x0000000010000b98        0x0
                0x0000000010000b98                _noinit = .
 *(.noinit*)
                0x0000000010000b98                . = ALIGN (0x4)
                0x0000000010000b98                _end_noinit = .
                0x0000000010000b98                PROVIDE (_pvHeapStart, DEFINED (__user_heap_base)?__user_heap_base:.)
                0x0000000010008000                PROVIDE (_vStackTop, DEFINED (__user_stack_top)?__user_stack_top:(__top_RamLoc32 - 0x0))
                0xffffffffefff74ca                PROVIDE (__valid_user_code_checksum, (0x0 - ((((((_vStackTop + (ResetISR + 0x1)) + (NMI_Handler + 0x1)) + (HardFault_Handler + 0x1)) + (DEFINED (MemManage_Handler)?MemManage_Handler:0x0 + 0x1)) + (DEFINED (BusFault_Handler)?BusFault_Handler:0x0 + 0x1)) + (DEFINED (UsageFault_Handler)?UsageFault_Handler:0x0 + 0x1))))
                0x0000000000000000                _image_start = LOADADDR (.text)
                0x0000000000009130                _image_end = (LOADADDR (.data) + SIZEOF (.data))
                0x0000000000009130                _image_size = (_image_end - _image_start)
OUTPUT(Tarak0.axf elf32-littlearm)

.debug_info     0x0000000000000000    0x1199a
 .debug_info    0x0000000000000000      0x9d2 ./src/FreeRTOSCommonHooks.o
 .debug_info    0x00000000000009d2     0x19cb ./src/Tarak0.o
 .debug_info    0x000000000000239d      0x258 ./src/cr_startup_lpc175x_6x.o
 .debug_info    0x00000000000025f5       0x3f ./src/crp.o
 .debug_info    0x0000000000002634     0x162d ./src/gpiopin.o
 .debug_info    0x0000000000003c61      0x96e ./src/heap_3.o
 .debug_info    0x00000000000045cf      0xb09 ./src/list.o
 .debug_info    0x00000000000050d8      0xc01 ./src/port.o
 .debug_info    0x0000000000005cd9     0x1412 ./src/queue.o
 .debug_info    0x00000000000070eb      0x934 ./src/sysinit.o
 .debug_info    0x0000000000007a1f     0x1a39 ./src/tasks.o
 .debug_info    0x0000000000009458     0x150a /home/tarak/Documents/MCUXpresso_10.2.0_759/workspace/lpc_board_nxp_lpcxpresso_1769/Debug/liblpc_board_nxp_lpcxpresso_1769.a(board.o)
 .debug_info    0x000000000000a962      0x6c3 /home/tarak/Documents/MCUXpresso_10.2.0_759/workspace/lpc_board_nxp_lpcxpresso_1769/Debug/liblpc_board_nxp_lpcxpresso_1769.a(board_sysinit.o)
 .debug_info    0x000000000000b025      0x558 /home/tarak/Documents/MCUXpresso_10.2.0_759/workspace/lpc_chip_175x_6x/Debug/liblpc_chip_175x_6x.a(chip_17xx_40xx.o)
 .debug_info    0x000000000000b57d      0xba2 /home/tarak/Documents/MCUXpresso_10.2.0_759/workspace/lpc_chip_175x_6x/Debug/liblpc_chip_175x_6x.a(clock_17xx_40xx.o)
 .debug_info    0x000000000000c11f      0x31e /home/tarak/Documents/MCUXpresso_10.2.0_759/workspace/lpc_chip_175x_6x/Debug/liblpc_chip_175x_6x.a(iocon_17xx_40xx.o)
 .debug_info    0x000000000000c43d      0x474 /home/tarak/Documents/MCUXpresso_10.2.0_759/workspace/lpc_chip_175x_6x/Debug/liblpc_chip_175x_6x.a(sysinit_17xx_40xx.o)
 .debug_info    0x000000000000c8b1      0xf15 /home/tarak/Documents/MCUXpresso_10.2.0_759/workspace/lpc_chip_175x_6x/Debug/liblpc_chip_175x_6x.a(uart_17xx_40xx.o)
 .debug_info    0x000000000000d7c6      0x95f /usr/local/mcuxpressoide-10.2.0_759/ide/tools/bin/../lib/gcc/arm-none-eabi/7.2.1/../../../../arm-none-eabi/lib/thumb/v7-m/libcr_newlib_nohost.a(_cr_sbrk.o)
 .debug_info    0x000000000000e125      0x8f0 /usr/local/mcuxpressoide-10.2.0_759/ide/tools/bin/../lib/gcc/arm-none-eabi/7.2.1/../../../../arm-none-eabi/lib/thumb/v7-m/libcr_newlib_nohost.a(close.o)
 .debug_info    0x000000000000ea15      0xb07 /usr/local/mcuxpressoide-10.2.0_759/ide/tools/bin/../lib/gcc/arm-none-eabi/7.2.1/../../../../arm-none-eabi/lib/thumb/v7-m/libcr_newlib_nohost.a(fstat.o)
 .debug_info    0x000000000000f51c      0x8f0 /usr/local/mcuxpressoide-10.2.0_759/ide/tools/bin/../lib/gcc/arm-none-eabi/7.2.1/../../../../arm-none-eabi/lib/thumb/v7-m/libcr_newlib_nohost.a(isatty.o)
 .debug_info    0x000000000000fe0c      0x90c /usr/local/mcuxpressoide-10.2.0_759/ide/tools/bin/../lib/gcc/arm-none-eabi/7.2.1/../../../../arm-none-eabi/lib/thumb/v7-m/libcr_newlib_nohost.a(lseek.o)
 .debug_info    0x0000000000010718      0x90c /usr/local/mcuxpressoide-10.2.0_759/ide/tools/bin/../lib/gcc/arm-none-eabi/7.2.1/../../../../arm-none-eabi/lib/thumb/v7-m/libcr_newlib_nohost.a(read.o)
 .debug_info    0x0000000000011024      0x90c /usr/local/mcuxpressoide-10.2.0_759/ide/tools/bin/../lib/gcc/arm-none-eabi/7.2.1/../../../../arm-none-eabi/lib/thumb/v7-m/libcr_newlib_nohost.a(write.o)
 .debug_info    0x0000000000011930       0x6a /usr/local/mcuxpressoide-10.2.0_759/ide/tools/bin/../lib/gcc/arm-none-eabi/7.2.1/../../../../arm-none-eabi/lib/thumb/v7-m/libcr_newlib_nohost.a(_cr_check_heap.o)

.debug_abbrev   0x0000000000000000     0x36cb
 .debug_abbrev  0x0000000000000000      0x248 ./src/FreeRTOSCommonHooks.o
 .debug_abbrev  0x0000000000000248      0x426 ./src/Tarak0.o
 .debug_abbrev  0x000000000000066e      0x10e ./src/cr_startup_lpc175x_6x.o
 .debug_abbrev  0x000000000000077c       0x36 ./src/crp.o
 .debug_abbrev  0x00000000000007b2      0x38f ./src/gpiopin.o
 .debug_abbrev  0x0000000000000b41      0x1fa ./src/heap_3.o
 .debug_abbrev  0x0000000000000d3b      0x205 ./src/list.o
 .debug_abbrev  0x0000000000000f40      0x2ee ./src/port.o
 .debug_abbrev  0x000000000000122e      0x2cc ./src/queue.o
 .debug_abbrev  0x00000000000014fa      0x1c0 ./src/sysinit.o
 .debug_abbrev  0x00000000000016ba      0x327 ./src/tasks.o
 .debug_abbrev  0x00000000000019e1      0x3c8 /home/tarak/Documents/MCUXpresso_10.2.0_759/workspace/lpc_board_nxp_lpcxpresso_1769/Debug/liblpc_board_nxp_lpcxpresso_1769.a(board.o)
 .debug_abbrev  0x0000000000001da9      0x180 /home/tarak/Documents/MCUXpresso_10.2.0_759/workspace/lpc_board_nxp_lpcxpresso_1769/Debug/liblpc_board_nxp_lpcxpresso_1769.a(board_sysinit.o)
 .debug_abbrev  0x0000000000001f29      0x151 /home/tarak/Documents/MCUXpresso_10.2.0_759/workspace/lpc_chip_175x_6x/Debug/liblpc_chip_175x_6x.a(chip_17xx_40xx.o)
 .debug_abbrev  0x000000000000207a      0x309 /home/tarak/Documents/MCUXpresso_10.2.0_759/workspace/lpc_chip_175x_6x/Debug/liblpc_chip_175x_6x.a(clock_17xx_40xx.o)
 .debug_abbrev  0x0000000000002383      0x14a /home/tarak/Documents/MCUXpresso_10.2.0_759/workspace/lpc_chip_175x_6x/Debug/liblpc_chip_175x_6x.a(iocon_17xx_40xx.o)
 .debug_abbrev  0x00000000000024cd      0x18e /home/tarak/Documents/MCUXpresso_10.2.0_759/workspace/lpc_chip_175x_6x/Debug/liblpc_chip_175x_6x.a(sysinit_17xx_40xx.o)
 .debug_abbrev  0x000000000000265b      0x312 /home/tarak/Documents/MCUXpresso_10.2.0_759/workspace/lpc_chip_175x_6x/Debug/liblpc_chip_175x_6x.a(uart_17xx_40xx.o)
 .debug_abbrev  0x000000000000296d      0x223 /usr/local/mcuxpressoide-10.2.0_759/ide/tools/bin/../lib/gcc/arm-none-eabi/7.2.1/../../../../arm-none-eabi/lib/thumb/v7-m/libcr_newlib_nohost.a(_cr_sbrk.o)
 .debug_abbrev  0x0000000000002b90      0x1bd /usr/local/mcuxpressoide-10.2.0_759/ide/tools/bin/../lib/gcc/arm-none-eabi/7.2.1/../../../../arm-none-eabi/lib/thumb/v7-m/libcr_newlib_nohost.a(close.o)
 .debug_abbrev  0x0000000000002d4d      0x1ce /usr/local/mcuxpressoide-10.2.0_759/ide/tools/bin/../lib/gcc/arm-none-eabi/7.2.1/../../../../arm-none-eabi/lib/thumb/v7-m/libcr_newlib_nohost.a(fstat.o)
 .debug_abbrev  0x0000000000002f1b      0x1bd /usr/local/mcuxpressoide-10.2.0_759/ide/tools/bin/../lib/gcc/arm-none-eabi/7.2.1/../../../../arm-none-eabi/lib/thumb/v7-m/libcr_newlib_nohost.a(isatty.o)
 .debug_abbrev  0x00000000000030d8      0x1db /usr/local/mcuxpressoide-10.2.0_759/ide/tools/bin/../lib/gcc/arm-none-eabi/7.2.1/../../../../arm-none-eabi/lib/thumb/v7-m/libcr_newlib_nohost.a(lseek.o)
 .debug_abbrev  0x00000000000032b3      0x1db /usr/local/mcuxpressoide-10.2.0_759/ide/tools/bin/../lib/gcc/arm-none-eabi/7.2.1/../../../../arm-none-eabi/lib/thumb/v7-m/libcr_newlib_nohost.a(read.o)
 .debug_abbrev  0x000000000000348e      0x1db /usr/local/mcuxpressoide-10.2.0_759/ide/tools/bin/../lib/gcc/arm-none-eabi/7.2.1/../../../../arm-none-eabi/lib/thumb/v7-m/libcr_newlib_nohost.a(write.o)
 .debug_abbrev  0x0000000000003669       0x62 /usr/local/mcuxpressoide-10.2.0_759/ide/tools/bin/../lib/gcc/arm-none-eabi/7.2.1/../../../../arm-none-eabi/lib/thumb/v7-m/libcr_newlib_nohost.a(_cr_check_heap.o)

.debug_aranges  0x0000000000000000      0xb40
 .debug_aranges
                0x0000000000000000       0x40 ./src/FreeRTOSCommonHooks.o
 .debug_aranges
                0x0000000000000040       0xd0 ./src/Tarak0.o
 .debug_aranges
                0x0000000000000110       0x80 ./src/cr_startup_lpc175x_6x.o
 .debug_aranges
                0x0000000000000190       0x18 ./src/crp.o
 .debug_aranges
                0x00000000000001a8       0x78 ./src/gpiopin.o
 .debug_aranges
                0x0000000000000220       0x28 ./src/heap_3.o
 .debug_aranges
                0x0000000000000248       0x40 ./src/list.o
 .debug_aranges
                0x0000000000000288       0x90 ./src/port.o
 .debug_aranges
                0x0000000000000318       0xf0 ./src/queue.o
 .debug_aranges
                0x0000000000000408       0x20 ./src/sysinit.o
 .debug_aranges
                0x0000000000000428      0x170 ./src/tasks.o
 .debug_aranges
                0x0000000000000598      0x160 /home/tarak/Documents/MCUXpresso_10.2.0_759/workspace/lpc_board_nxp_lpcxpresso_1769/Debug/liblpc_board_nxp_lpcxpresso_1769.a(board.o)
 .debug_aranges
                0x00000000000006f8       0x38 /home/tarak/Documents/MCUXpresso_10.2.0_759/workspace/lpc_board_nxp_lpcxpresso_1769/Debug/liblpc_board_nxp_lpcxpresso_1769.a(board_sysinit.o)
 .debug_aranges
                0x0000000000000730       0x38 /home/tarak/Documents/MCUXpresso_10.2.0_759/workspace/lpc_chip_175x_6x/Debug/liblpc_chip_175x_6x.a(chip_17xx_40xx.o)
 .debug_aranges
                0x0000000000000768      0x120 /home/tarak/Documents/MCUXpresso_10.2.0_759/workspace/lpc_chip_175x_6x/Debug/liblpc_chip_175x_6x.a(clock_17xx_40xx.o)
 .debug_aranges
                0x0000000000000888       0x30 /home/tarak/Documents/MCUXpresso_10.2.0_759/workspace/lpc_chip_175x_6x/Debug/liblpc_chip_175x_6x.a(iocon_17xx_40xx.o)
 .debug_aranges
                0x00000000000008b8       0x60 /home/tarak/Documents/MCUXpresso_10.2.0_759/workspace/lpc_chip_175x_6x/Debug/liblpc_chip_175x_6x.a(sysinit_17xx_40xx.o)
 .debug_aranges
                0x0000000000000918      0x128 /home/tarak/Documents/MCUXpresso_10.2.0_759/workspace/lpc_chip_175x_6x/Debug/liblpc_chip_175x_6x.a(uart_17xx_40xx.o)
 .debug_aranges
                0x0000000000000a40       0x20 /usr/local/mcuxpressoide-10.2.0_759/ide/tools/bin/../lib/gcc/arm-none-eabi/7.2.1/../../../../arm-none-eabi/lib/thumb/v7-m/libcr_newlib_nohost.a(_cr_sbrk.o)
 .debug_aranges
                0x0000000000000a60       0x20 /usr/local/mcuxpressoide-10.2.0_759/ide/tools/bin/../lib/gcc/arm-none-eabi/7.2.1/../../../../arm-none-eabi/lib/thumb/v7-m/libcr_newlib_nohost.a(close.o)
 .debug_aranges
                0x0000000000000a80       0x20 /usr/local/mcuxpressoide-10.2.0_759/ide/tools/bin/../lib/gcc/arm-none-eabi/7.2.1/../../../../arm-none-eabi/lib/thumb/v7-m/libcr_newlib_nohost.a(fstat.o)
 .debug_aranges
                0x0000000000000aa0       0x20 /usr/local/mcuxpressoide-10.2.0_759/ide/tools/bin/../lib/gcc/arm-none-eabi/7.2.1/../../../../arm-none-eabi/lib/thumb/v7-m/libcr_newlib_nohost.a(isatty.o)
 .debug_aranges
                0x0000000000000ac0       0x20 /usr/local/mcuxpressoide-10.2.0_759/ide/tools/bin/../lib/gcc/arm-none-eabi/7.2.1/../../../../arm-none-eabi/lib/thumb/v7-m/libcr_newlib_nohost.a(lseek.o)
 .debug_aranges
                0x0000000000000ae0       0x20 /usr/local/mcuxpressoide-10.2.0_759/ide/tools/bin/../lib/gcc/arm-none-eabi/7.2.1/../../../../arm-none-eabi/lib/thumb/v7-m/libcr_newlib_nohost.a(read.o)
 .debug_aranges
                0x0000000000000b00       0x20 /usr/local/mcuxpressoide-10.2.0_759/ide/tools/bin/../lib/gcc/arm-none-eabi/7.2.1/../../../../arm-none-eabi/lib/thumb/v7-m/libcr_newlib_nohost.a(write.o)
 .debug_aranges
                0x0000000000000b20       0x20 /usr/local/mcuxpressoide-10.2.0_759/ide/tools/bin/../lib/gcc/arm-none-eabi/7.2.1/../../../../arm-none-eabi/lib/thumb/v7-m/libcr_newlib_nohost.a(_cr_check_heap.o)

.debug_ranges   0x0000000000000000      0x998
 .debug_ranges  0x0000000000000000       0x30 ./src/FreeRTOSCommonHooks.o
 .debug_ranges  0x0000000000000030       0xc0 ./src/Tarak0.o
 .debug_ranges  0x00000000000000f0       0x70 ./src/cr_startup_lpc175x_6x.o
 .debug_ranges  0x0000000000000160       0x68 ./src/gpiopin.o
 .debug_ranges  0x00000000000001c8       0x18 ./src/heap_3.o
 .debug_ranges  0x00000000000001e0       0x30 ./src/list.o
 .debug_ranges  0x0000000000000210       0x80 ./src/port.o
 .debug_ranges  0x0000000000000290       0xe0 ./src/queue.o
 .debug_ranges  0x0000000000000370       0x10 ./src/sysinit.o
 .debug_ranges  0x0000000000000380      0x160 ./src/tasks.o
 .debug_ranges  0x00000000000004e0      0x150 /home/tarak/Documents/MCUXpresso_10.2.0_759/workspace/lpc_board_nxp_lpcxpresso_1769/Debug/liblpc_board_nxp_lpcxpresso_1769.a(board.o)
 .debug_ranges  0x0000000000000630       0x28 /home/tarak/Documents/MCUXpresso_10.2.0_759/workspace/lpc_board_nxp_lpcxpresso_1769/Debug/liblpc_board_nxp_lpcxpresso_1769.a(board_sysinit.o)
 .debug_ranges  0x0000000000000658       0x28 /home/tarak/Documents/MCUXpresso_10.2.0_759/workspace/lpc_chip_175x_6x/Debug/liblpc_chip_175x_6x.a(chip_17xx_40xx.o)
 .debug_ranges  0x0000000000000680      0x110 /home/tarak/Documents/MCUXpresso_10.2.0_759/workspace/lpc_chip_175x_6x/Debug/liblpc_chip_175x_6x.a(clock_17xx_40xx.o)
 .debug_ranges  0x0000000000000790       0x20 /home/tarak/Documents/MCUXpresso_10.2.0_759/workspace/lpc_chip_175x_6x/Debug/liblpc_chip_175x_6x.a(iocon_17xx_40xx.o)
 .debug_ranges  0x00000000000007b0       0x50 /home/tarak/Documents/MCUXpresso_10.2.0_759/workspace/lpc_chip_175x_6x/Debug/liblpc_chip_175x_6x.a(sysinit_17xx_40xx.o)
 .debug_ranges  0x0000000000000800      0x118 /home/tarak/Documents/MCUXpresso_10.2.0_759/workspace/lpc_chip_175x_6x/Debug/liblpc_chip_175x_6x.a(uart_17xx_40xx.o)
 .debug_ranges  0x0000000000000918       0x10 /usr/local/mcuxpressoide-10.2.0_759/ide/tools/bin/../lib/gcc/arm-none-eabi/7.2.1/../../../../arm-none-eabi/lib/thumb/v7-m/libcr_newlib_nohost.a(_cr_sbrk.o)
 .debug_ranges  0x0000000000000928       0x10 /usr/local/mcuxpressoide-10.2.0_759/ide/tools/bin/../lib/gcc/arm-none-eabi/7.2.1/../../../../arm-none-eabi/lib/thumb/v7-m/libcr_newlib_nohost.a(close.o)
 .debug_ranges  0x0000000000000938       0x10 /usr/local/mcuxpressoide-10.2.0_759/ide/tools/bin/../lib/gcc/arm-none-eabi/7.2.1/../../../../arm-none-eabi/lib/thumb/v7-m/libcr_newlib_nohost.a(fstat.o)
 .debug_ranges  0x0000000000000948       0x10 /usr/local/mcuxpressoide-10.2.0_759/ide/tools/bin/../lib/gcc/arm-none-eabi/7.2.1/../../../../arm-none-eabi/lib/thumb/v7-m/libcr_newlib_nohost.a(isatty.o)
 .debug_ranges  0x0000000000000958       0x10 /usr/local/mcuxpressoide-10.2.0_759/ide/tools/bin/../lib/gcc/arm-none-eabi/7.2.1/../../../../arm-none-eabi/lib/thumb/v7-m/libcr_newlib_nohost.a(lseek.o)
 .debug_ranges  0x0000000000000968       0x10 /usr/local/mcuxpressoide-10.2.0_759/ide/tools/bin/../lib/gcc/arm-none-eabi/7.2.1/../../../../arm-none-eabi/lib/thumb/v7-m/libcr_newlib_nohost.a(read.o)
 .debug_ranges  0x0000000000000978       0x10 /usr/local/mcuxpressoide-10.2.0_759/ide/tools/bin/../lib/gcc/arm-none-eabi/7.2.1/../../../../arm-none-eabi/lib/thumb/v7-m/libcr_newlib_nohost.a(write.o)
 .debug_ranges  0x0000000000000988       0x10 /usr/local/mcuxpressoide-10.2.0_759/ide/tools/bin/../lib/gcc/arm-none-eabi/7.2.1/../../../../arm-none-eabi/lib/thumb/v7-m/libcr_newlib_nohost.a(_cr_check_heap.o)

.debug_macro    0x0000000000000000     0xb4c7
 .debug_macro   0x0000000000000000      0x3fc ./src/FreeRTOSCommonHooks.o
 .debug_macro   0x00000000000003fc      0xa78 ./src/FreeRTOSCommonHooks.o
 .debug_macro   0x0000000000000e74      0x174 ./src/FreeRTOSCommonHooks.o
 .debug_macro   0x0000000000000fe8       0x46 ./src/FreeRTOSCommonHooks.o
 .debug_macro   0x000000000000102e       0x22 ./src/FreeRTOSCommonHooks.o
 .debug_macro   0x0000000000001050       0x87 ./src/FreeRTOSCommonHooks.o
 .debug_macro   0x00000000000010d7       0x51 ./src/FreeRTOSCommonHooks.o
 .debug_macro   0x0000000000001128       0xef ./src/FreeRTOSCommonHooks.o
 .debug_macro   0x0000000000001217       0x6a ./src/FreeRTOSCommonHooks.o
 .debug_macro   0x0000000000001281      0x1df ./src/FreeRTOSCommonHooks.o
 .debug_macro   0x0000000000001460       0x22 ./src/FreeRTOSCommonHooks.o
 .debug_macro   0x0000000000001482       0x74 ./src/FreeRTOSCommonHooks.o
 .debug_macro   0x00000000000014f6       0x10 ./src/FreeRTOSCommonHooks.o
 .debug_macro   0x0000000000001506       0x2d ./src/FreeRTOSCommonHooks.o
 .debug_macro   0x0000000000001533       0x3a ./src/FreeRTOSCommonHooks.o
 .debug_macro   0x000000000000156d       0x2d ./src/FreeRTOSCommonHooks.o
 .debug_macro   0x000000000000159a      0xbb1 ./src/FreeRTOSCommonHooks.o
 .debug_macro   0x000000000000214b      0x22c ./src/FreeRTOSCommonHooks.o
 .debug_macro   0x0000000000002377       0x42 ./src/FreeRTOSCommonHooks.o
 .debug_macro   0x00000000000023b9       0x52 ./src/FreeRTOSCommonHooks.o
 .debug_macro   0x000000000000240b       0x78 ./src/FreeRTOSCommonHooks.o
 .debug_macro   0x0000000000002483       0x82 ./src/FreeRTOSCommonHooks.o
 .debug_macro   0x0000000000002505      0x48c ./src/FreeRTOSCommonHooks.o
 .debug_macro   0x0000000000002991       0x34 ./src/FreeRTOSCommonHooks.o
 .debug_macro   0x00000000000029c5      0x4c5 ./src/FreeRTOSCommonHooks.o
 .debug_macro   0x0000000000002e8a      0x1b7 ./src/FreeRTOSCommonHooks.o
 .debug_macro   0x0000000000003041       0x10 ./src/FreeRTOSCommonHooks.o
 .debug_macro   0x0000000000003051      0x21b ./src/FreeRTOSCommonHooks.o
 .debug_macro   0x000000000000326c      0x1b9 ./src/FreeRTOSCommonHooks.o
 .debug_macro   0x0000000000003425       0x40 ./src/FreeRTOSCommonHooks.o
 .debug_macro   0x0000000000003465       0x22 ./src/FreeRTOSCommonHooks.o
 .debug_macro   0x0000000000003487      0x162 ./src/FreeRTOSCommonHooks.o
 .debug_macro   0x00000000000035e9       0x94 ./src/FreeRTOSCommonHooks.o
 .debug_macro   0x000000000000367d       0xb8 ./src/FreeRTOSCommonHooks.o
 .debug_macro   0x0000000000003735       0x4c ./src/FreeRTOSCommonHooks.o
 .debug_macro   0x0000000000003781       0x16 ./src/FreeRTOSCommonHooks.o
 .debug_macro   0x0000000000003797      0x328 ./src/FreeRTOSCommonHooks.o
 .debug_macro   0x0000000000003abf       0x49 ./src/FreeRTOSCommonHooks.o
 .debug_macro   0x0000000000003b08       0x16 ./src/FreeRTOSCommonHooks.o
 .debug_macro   0x0000000000003b1e       0xca ./src/FreeRTOSCommonHooks.o
 .debug_macro   0x0000000000003be8       0x11 ./src/FreeRTOSCommonHooks.o
 .debug_macro   0x0000000000003bf9       0x70 ./src/FreeRTOSCommonHooks.o